2026-06-02 20:38:08,242 | INFO     | ======================================================================
2026-06-02 20:38:08,242 | INFO     | 🔍 VPN KEY CHECKER - Начало проверки
2026-06-02 20:38:08,242 | INFO     | ⏰ Время старта: 2026-06-02 20:38:08
2026-06-02 20:38:08,242 | INFO     | 📂 Рабочая директория: /home/runner/work/vpn-vless-configs-russia/vpn-vless-configs-russia
2026-06-02 20:38:08,242 | INFO     | ======================================================================
2026-06-02 20:38:08,242 | INFO     | 
2026-06-02 20:38:08,242 | INFO     | 🔍 Проверка наличия скриптов...
2026-06-02 20:38:08,243 | INFO     |   ✅ mirror.py
2026-06-02 20:38:08,243 | INFO     |   ✅ generate_cf_vless.py
2026-06-02 20:38:08,243 | INFO     |   ✅ filter_ru_sni.py
2026-06-02 20:38:08,243 | INFO     |   ✅ filter_ru_sni_local.py
2026-06-02 20:38:08,243 | INFO     | 
2026-06-02 20:38:08,243 | INFO     | 
2026-06-02 20:38:08,243 | INFO     | ──────────────────────────────────────────────────────────────────────
2026-06-02 20:38:08,243 | INFO     | 📌 ЭТАП: Загрузка и geo-фильтрация
2026-06-02 20:38:08,243 | INFO     | ──────────────────────────────────────────────────────────────────────
2026-06-02 20:38:08,243 | INFO     | 🚀 Запуск mirror.py (Загрузка и фильтрация по РФ/СНГ/Европа)...
2026-06-02 20:38:12,128 | INFO     |   → 🚀 Старт: всего источников (старые + новые): 10
2026-06-02 20:38:12,128 | INFO     |   → 1/10: ✅ 0 взято | 🗑️ 0 мусор
2026-06-02 20:38:12,128 | INFO     |   → 2/10: ✅ 0 взято | 🗑️ 0 мусор
2026-06-02 20:38:12,128 | INFO     |   → 3/10: ✅ 14 взято | 🗑️ 152 мусор
2026-06-02 20:38:12,129 | INFO     |   → 4/10: ✅ 0 взято | 🗑️ 0 мусор
2026-06-02 20:38:12,129 | INFO     |   → 5/10: ✅ 4 взято | 🗑️ 130 мусор
2026-06-02 20:38:12,129 | INFO     |   → 6/10: ✅ 0 взято | 🗑️ 0 мусор
2026-06-02 20:38:12,129 | INFO     |   → 7/10: ✅ 13 взято | 🗑️ 7 мусор
2026-06-02 20:38:12,129 | INFO     |   → 8/10: ✅ 0 взято | 🗑️ 7 мусор
2026-06-02 20:38:12,129 | INFO     |   → 9/10: ✅ 12 взято | 🗑️ 12 мусор
2026-06-02 20:38:12,129 | INFO     |   → 10/10: ✅ 0 взято | 🗑️ 0 мусор
2026-06-02 20:38:12,129 | INFO     |   → ✅ ГОТОВО!
2026-06-02 20:38:12,129 | INFO     |   →    📥 Всего ключей после фильтра: 43
2026-06-02 20:38:12,129 | INFO     |   →    🔗 Уникальных IP:PORT:SCHEME: 32
2026-06-02 20:38:12,129 | INFO     |   →    🗑️ Выброшено мусора: 308
2026-06-02 20:38:12,129 | INFO     |   → 📊 По протоколам:
2026-06-02 20:38:12,129 | INFO     |   →    vless: 23
2026-06-02 20:38:12,129 | INFO     |   →    vmess: 1
2026-06-02 20:38:12,129 | INFO     |   →    trojan: 3
2026-06-02 20:38:12,129 | INFO     |   →    ss: 5
2026-06-02 20:38:12,129 | INFO     | ✅ mirror.py завершён успешно
2026-06-02 20:38:12,129 | INFO     | 
2026-06-02 20:38:12,130 | INFO     | 
2026-06-02 20:38:12,130 | INFO     | ──────────────────────────────────────────────────────────────────────
2026-06-02 20:38:12,130 | INFO     | 📌 ЭТАП: Генерация 50 уникальных CF-VLESS
2026-06-02 20:38:12,130 | INFO     | ──────────────────────────────────────────────────────────────────────
2026-06-02 20:38:12,130 | INFO     | 🚀 Запуск generate_cf_vless.py (50 новых CF-VLESS)...
2026-06-02 20:38:13,172 | INFO     |   → ======================================================================
2026-06-02 20:38:13,172 | INFO     |   → 🗺️  Генератор свежих VLESS-конфигов на IP Cloudflare
2026-06-02 20:38:13,172 | INFO     |   → ======================================================================
2026-06-02 20:38:13,172 | INFO     |   →   → Загружаем актуальные IP-диапазоны Cloudflare: https://www.cloudflare.com/ips-v4
2026-06-02 20:38:13,172 | INFO     |   →   → Найдено 15 IPv4 CIDR-блоков. Преобразуем их в IP-адреса...
2026-06-02 20:38:13,172 | INFO     |   → ✅ Успешно загружено и подготовлено 7500 IP-адресов для ротации.
2026-06-02 20:38:13,172 | INFO     |   → ✨ Сгенерировано и сохранено 50 VLESS-конфигов.
2026-06-02 20:38:13,172 | INFO     |   → 📂 Файл: /home/runner/work/vpn-vless-configs-russia/vpn-vless-configs-russia/githubmirror/new/cf_fresh.txt
2026-06-02 20:38:13,172 | INFO     |   → ======================================================================
2026-06-02 20:38:13,172 | INFO     | ✅ generate_cf_vless.py завершён успешно
2026-06-02 20:38:13,172 | INFO     | 
2026-06-02 20:38:13,173 | INFO     | 
2026-06-02 20:38:13,173 | INFO     | ──────────────────────────────────────────────────────────────────────
2026-06-02 20:38:13,173 | INFO     | 📌 ЭТАП: Слияние CF с основным списком
2026-06-02 20:38:13,173 | INFO     | ──────────────────────────────────────────────────────────────────────
2026-06-02 20:38:13,175 | INFO     | 🔄 Добавлено 49 новых CF-VLESS в /home/runner/work/vpn-vless-configs-russia/vpn-vless-configs-russia/githubmirror/clean/vless.txt
2026-06-02 20:38:13,175 | INFO     | 📊 Всего в clean/vless.txt теперь: 72
2026-06-02 20:38:13,175 | INFO     | 
2026-06-02 20:38:13,175 | INFO     | 
2026-06-02 20:38:13,175 | INFO     | ──────────────────────────────────────────────────────────────────────
2026-06-02 20:38:13,175 | INFO     | 📌 ЭТАП: Фильтрация по реальному SNI
2026-06-02 20:38:13,175 | INFO     | ──────────────────────────────────────────────────────────────────────
2026-06-02 20:38:13,175 | INFO     | 🚀 Запуск filter_ru_sni.py (Фильтр по реальному SNI (CDN+RU))...
2026-06-02 20:38:13,204 | INFO     |   → ss.txt: 5 → 0 (SNI-filtered)
2026-06-02 20:38:13,204 | INFO     |   →   trojan.txt: 3 → 0 (SNI-filtered)
2026-06-02 20:38:13,204 | INFO     |   →   vless.txt: 72 → 5 (SNI-filtered)
2026-06-02 20:38:13,204 | INFO     |   →   vmess.txt: 1 → 0 (SNI-filtered)
2026-06-02 20:38:13,204 | INFO     |   → ==================================================
2026-06-02 20:38:13,204 | INFO     |   →   Всего входных:  81
2026-06-02 20:38:13,204 | INFO     |   →   Прошли фильтр:  5
2026-06-02 20:38:13,204 | INFO     |   →   Отброшено:      76
2026-06-02 20:38:13,204 | INFO     |   → ==================================================
2026-06-02 20:38:13,204 | INFO     |   → Готово → /home/runner/work/vpn-vless-configs-russia/vpn-vless-configs-russia/githubmirror/ru-sni
2026-06-02 20:38:13,204 | INFO     | ✅ filter_ru_sni.py завершён успешно
2026-06-02 20:38:13,204 | INFO     | 
2026-06-02 20:38:13,205 | INFO     | 
2026-06-02 20:38:13,205 | INFO     | ──────────────────────────────────────────────────────────────────────
2026-06-02 20:38:13,205 | INFO     | 📌 ЭТАП: Экспериментальный RU-SNI фильтр
2026-06-02 20:38:13,205 | INFO     | ──────────────────────────────────────────────────────────────────────
2026-06-02 20:38:13,205 | INFO     | 🚀 Запуск filter_ru_sni_local.py (Экспериментальный фильтр по RU-SNI (локальные домены))...
2026-06-02 20:38:13,233 | INFO     |   → ss.txt: 5 → 0 (RU-SNI)
2026-06-02 20:38:13,233 | INFO     |   → trojan.txt: 3 → 0 (RU-SNI)
2026-06-02 20:38:13,233 | INFO     |   → vless.txt: 72 → 1 (RU-SNI)
2026-06-02 20:38:13,233 | INFO     |   → vmess.txt: 1 → 0 (RU-SNI)
2026-06-02 20:38:13,233 | INFO     |   → ==================================================
2026-06-02 20:38:13,233 | INFO     |   → Всего входных:  81
2026-06-02 20:38:13,233 | INFO     |   → Прошли RU-SNI:  1
2026-06-02 20:38:13,233 | INFO     |   → Отброшено:      80
2026-06-02 20:38:13,233 | INFO     |   → ==================================================
2026-06-02 20:38:13,233 | INFO     |   → Готово → /home/runner/work/vpn-vless-configs-russia/vpn-vless-configs-russia/githubmirror/ru-sni-local
2026-06-02 20:38:13,233 | INFO     | ✅ filter_ru_sni_local.py завершён успешно
2026-06-02 20:38:13,233 | INFO     | 
2026-06-02 20:38:13,233 | INFO     | 
2026-06-02 20:38:13,233 | INFO     | ──────────────────────────────────────────────────────────────────────
2026-06-02 20:38:13,233 | INFO     | 📌 ЭТАП: Сбор статистики
2026-06-02 20:38:13,233 | INFO     | ──────────────────────────────────────────────────────────────────────
2026-06-02 20:38:13,234 | INFO     | 📊 Сбор статистики...
2026-06-02 20:38:13,234 | INFO     |   📁 githubmirror/clean:
2026-06-02 20:38:13,234 | INFO     |     • ss          :     5 конфигов
2026-06-02 20:38:13,234 | INFO     |     • trojan      :     3 конфигов
2026-06-02 20:38:13,234 | INFO     |     • vless       :    72 конфигов
2026-06-02 20:38:13,235 | INFO     |     • vmess       :     1 конфигов
2026-06-02 20:38:13,235 | INFO     |   📁 githubmirror/ru-sni:
2026-06-02 20:38:13,235 | INFO     |     • ss          :     0 конфигов (  0.0% от clean)
2026-06-02 20:38:13,235 | INFO     |     • trojan      :     0 конфигов (  0.0% от clean)
2026-06-02 20:38:13,235 | INFO     |     • vless       :     5 конфигов (  6.9% от clean)
2026-06-02 20:38:13,235 | INFO     |     • vmess       :     0 конфигов (  0.0% от clean)
2026-06-02 20:38:13,235 | INFO     |   ✨ Новых CF-VLESS в этом запуске: 50
2026-06-02 20:38:13,235 | INFO     | 
2026-06-02 20:38:13,236 | INFO     |   ──────────────────────────────────────────────────
2026-06-02 20:38:13,236 | INFO     |   📈 ИТОГО:
2026-06-02 20:38:13,236 | INFO     |     Clean (после geo-фильтра):       81
2026-06-02 20:38:13,236 | INFO     |     RU-SNI (после SNI-фильтра):       5
2026-06-02 20:38:13,236 | INFO     |     Прошло фильтр:                  6.2%
2026-06-02 20:38:13,236 | INFO     |   ──────────────────────────────────────────────────
2026-06-02 20:38:13,236 | INFO     | ✅ Статистика сохранена: /home/runner/work/vpn-vless-configs-russia/vpn-vless-configs-russia/stats.json
2026-06-02 20:38:13,236 | INFO     | 
2026-06-02 20:38:13,236 | INFO     | ======================================================================
2026-06-02 20:38:13,236 | INFO     | 📊 ИТОГОВЫЙ ОТЧЁТ
2026-06-02 20:38:13,236 | INFO     | ======================================================================
2026-06-02 20:38:13,236 | INFO     |   ✅ OK         | Загрузка и geo-фильтрация
2026-06-02 20:38:13,236 | INFO     |   ✅ OK         | Генерация 50 уникальных CF-VLESS
2026-06-02 20:38:13,236 | INFO     |   ✅ OK         | Слияние CF с основным списком
2026-06-02 20:38:13,236 | INFO     |   ✅ OK         | Фильтрация по реальному SNI
2026-06-02 20:38:13,237 | INFO     |   ✅ OK         | Экспериментальный RU-SNI фильтр
2026-06-02 20:38:13,237 | INFO     |   ✅ OK         | Сбор статистики
2026-06-02 20:38:13,237 | INFO     | ──────────────────────────────────────────────────────────────────────
2026-06-02 20:38:13,237 | INFO     | ✅ ВСЕ ЭТАПЫ УСПЕШНЫ (6/6)
2026-06-02 20:38:13,237 | INFO     | ⏰ Время завершения: 2026-06-02 20:38:13
2026-06-02 20:38:13,237 | INFO     | ======================================================================
