2026-05-22 02:35:16,465 | INFO     | ======================================================================
2026-05-22 02:35:16,465 | INFO     | 🔍 VPN KEY CHECKER - Начало проверки
2026-05-22 02:35:16,465 | INFO     | ⏰ Время старта: 2026-05-22 02:35:16
2026-05-22 02:35:16,465 | INFO     | 📂 Рабочая директория: /home/runner/work/vpn-vless-configs-russia/vpn-vless-configs-russia
2026-05-22 02:35:16,465 | INFO     | ======================================================================
2026-05-22 02:35:16,465 | INFO     | 
2026-05-22 02:35:16,465 | INFO     | 🔍 Проверка наличия скриптов...
2026-05-22 02:35:16,465 | INFO     |   ✅ mirror.py
2026-05-22 02:35:16,466 | INFO     |   ✅ generate_cf_vless.py
2026-05-22 02:35:16,466 | INFO     |   ✅ filter_ru_sni.py
2026-05-22 02:35:16,466 | INFO     |   ✅ filter_ru_sni_local.py
2026-05-22 02:35:16,466 | INFO     | 
2026-05-22 02:35:16,466 | INFO     | 
2026-05-22 02:35:16,466 | INFO     | ──────────────────────────────────────────────────────────────────────
2026-05-22 02:35:16,466 | INFO     | 📌 ЭТАП: Загрузка и geo-фильтрация
2026-05-22 02:35:16,466 | INFO     | ──────────────────────────────────────────────────────────────────────
2026-05-22 02:35:16,466 | INFO     | 🚀 Запуск mirror.py (Загрузка и фильтрация по РФ/СНГ/Европа)...
2026-05-22 02:35:21,265 | INFO     |   → 🚀 Старт: всего источников (старые + новые): 12
2026-05-22 02:35:21,266 | INFO     |   → 1/12: ✅ 0 взято | 🗑️ 0 мусор
2026-05-22 02:35:21,266 | INFO     |   → 2/12: ✅ 0 взято | 🗑️ 0 мусор
2026-05-22 02:35:21,266 | INFO     |   → 3/12: ✅ 0 взято | 🗑️ 0 мусор
2026-05-22 02:35:21,266 | INFO     |   → 4/12: ✅ 21 взято | 🗑️ 211 мусор
2026-05-22 02:35:21,266 | INFO     |   → 5/12: ✅ 3 взято | 🗑️ 174 мусор
2026-05-22 02:35:21,266 | INFO     |   → 6/12: ✅ 0 взято | 🗑️ 0 мусор
2026-05-22 02:35:21,266 | INFO     |   → 7/12: ✅ 6 взято | 🗑️ 24 мусор
2026-05-22 02:35:21,266 | INFO     |   → 8/12: ✅ 0 взято | 🗑️ 24 мусор
2026-05-22 02:35:21,266 | INFO     |   → 9/12: ✅ 0 взято | 🗑️ 0 мусор
2026-05-22 02:35:21,266 | INFO     |   → 10/12: ✅ 3 взято | 🗑️ 268 мусор
2026-05-22 02:35:21,266 | INFO     |   → 11/12: ✅ 4 взято | 🗑️ 17 мусор
2026-05-22 02:35:21,266 | INFO     |   → 12/12: ✅ 0 взято | 🗑️ 0 мусор
2026-05-22 02:35:21,266 | INFO     |   → ✅ ГОТОВО!
2026-05-22 02:35:21,266 | INFO     |   →    📥 Всего ключей после фильтра: 37
2026-05-22 02:35:21,266 | INFO     |   →    🔗 Уникальных IP:PORT:SCHEME: 32
2026-05-22 02:35:21,266 | INFO     |   →    🗑️ Выброшено мусора: 718
2026-05-22 02:35:21,266 | INFO     |   → 📊 По протоколам:
2026-05-22 02:35:21,266 | INFO     |   →    vless: 18
2026-05-22 02:35:21,266 | INFO     |   →    vmess: 10
2026-05-22 02:35:21,266 | INFO     |   →    ss: 2
2026-05-22 02:35:21,266 | INFO     |   →    hysteria2: 2
2026-05-22 02:35:21,266 | INFO     | ✅ mirror.py завершён успешно
2026-05-22 02:35:21,266 | INFO     | 
2026-05-22 02:35:21,266 | INFO     | 
2026-05-22 02:35:21,266 | INFO     | ──────────────────────────────────────────────────────────────────────
2026-05-22 02:35:21,267 | INFO     | 📌 ЭТАП: Генерация 50 уникальных CF-VLESS
2026-05-22 02:35:21,267 | INFO     | ──────────────────────────────────────────────────────────────────────
2026-05-22 02:35:21,267 | INFO     | 🚀 Запуск generate_cf_vless.py (50 новых CF-VLESS)...
2026-05-22 02:35:22,228 | INFO     |   → ======================================================================
2026-05-22 02:35:22,228 | INFO     |   → 🗺️  Генератор свежих VLESS-конфигов на IP Cloudflare
2026-05-22 02:35:22,228 | INFO     |   → ======================================================================
2026-05-22 02:35:22,228 | INFO     |   →   → Загружаем актуальные IP-диапазоны Cloudflare: https://www.cloudflare.com/ips-v4
2026-05-22 02:35:22,228 | INFO     |   →   → Найдено 15 IPv4 CIDR-блоков. Преобразуем их в IP-адреса...
2026-05-22 02:35:22,228 | INFO     |   → ✅ Успешно загружено и подготовлено 7500 IP-адресов для ротации.
2026-05-22 02:35:22,228 | INFO     |   → ✨ Сгенерировано и сохранено 50 VLESS-конфигов.
2026-05-22 02:35:22,229 | INFO     |   → 📂 Файл: /home/runner/work/vpn-vless-configs-russia/vpn-vless-configs-russia/githubmirror/new/cf_fresh.txt
2026-05-22 02:35:22,229 | INFO     |   → ======================================================================
2026-05-22 02:35:22,229 | INFO     | ✅ generate_cf_vless.py завершён успешно
2026-05-22 02:35:22,229 | INFO     | 
2026-05-22 02:35:22,229 | INFO     | 
2026-05-22 02:35:22,229 | INFO     | ──────────────────────────────────────────────────────────────────────
2026-05-22 02:35:22,229 | INFO     | 📌 ЭТАП: Слияние CF с основным списком
2026-05-22 02:35:22,229 | INFO     | ──────────────────────────────────────────────────────────────────────
2026-05-22 02:35:22,231 | INFO     | 🔄 Добавлено 50 новых CF-VLESS в /home/runner/work/vpn-vless-configs-russia/vpn-vless-configs-russia/githubmirror/clean/vless.txt
2026-05-22 02:35:22,231 | INFO     | 📊 Всего в clean/vless.txt теперь: 68
2026-05-22 02:35:22,231 | INFO     | 
2026-05-22 02:35:22,231 | INFO     | 
2026-05-22 02:35:22,231 | INFO     | ──────────────────────────────────────────────────────────────────────
2026-05-22 02:35:22,231 | INFO     | 📌 ЭТАП: Фильтрация по реальному SNI
2026-05-22 02:35:22,231 | INFO     | ──────────────────────────────────────────────────────────────────────
2026-05-22 02:35:22,231 | INFO     | 🚀 Запуск filter_ru_sni.py (Фильтр по реальному SNI (CDN+RU))...
2026-05-22 02:35:22,257 | INFO     |   → hysteria2.txt: 2 → 1 (SNI-filtered)
2026-05-22 02:35:22,257 | INFO     |   →   ss.txt: 2 → 0 (SNI-filtered)
2026-05-22 02:35:22,257 | INFO     |   →   vless.txt: 68 → 4 (SNI-filtered)
2026-05-22 02:35:22,257 | INFO     |   →   vmess.txt: 10 → 0 (SNI-filtered)
2026-05-22 02:35:22,257 | INFO     |   → ==================================================
2026-05-22 02:35:22,257 | INFO     |   →   Всего входных:  82
2026-05-22 02:35:22,257 | INFO     |   →   Прошли фильтр:  5
2026-05-22 02:35:22,257 | INFO     |   →   Отброшено:      77
2026-05-22 02:35:22,257 | INFO     |   → ==================================================
2026-05-22 02:35:22,257 | INFO     |   → Готово → /home/runner/work/vpn-vless-configs-russia/vpn-vless-configs-russia/githubmirror/ru-sni
2026-05-22 02:35:22,257 | INFO     | ✅ filter_ru_sni.py завершён успешно
2026-05-22 02:35:22,257 | INFO     | 
2026-05-22 02:35:22,257 | INFO     | 
2026-05-22 02:35:22,257 | INFO     | ──────────────────────────────────────────────────────────────────────
2026-05-22 02:35:22,257 | INFO     | 📌 ЭТАП: Экспериментальный RU-SNI фильтр
2026-05-22 02:35:22,257 | INFO     | ──────────────────────────────────────────────────────────────────────
2026-05-22 02:35:22,257 | INFO     | 🚀 Запуск filter_ru_sni_local.py (Экспериментальный фильтр по RU-SNI (локальные домены))...
2026-05-22 02:35:22,281 | INFO     |   → hysteria2.txt: 2 → 0 (RU-SNI)
2026-05-22 02:35:22,281 | INFO     |   → ss.txt: 2 → 0 (RU-SNI)
2026-05-22 02:35:22,281 | INFO     |   → vless.txt: 68 → 2 (RU-SNI)
2026-05-22 02:35:22,281 | INFO     |   → vmess.txt: 10 → 0 (RU-SNI)
2026-05-22 02:35:22,281 | INFO     |   → ==================================================
2026-05-22 02:35:22,281 | INFO     |   → Всего входных:  82
2026-05-22 02:35:22,281 | INFO     |   → Прошли RU-SNI:  2
2026-05-22 02:35:22,281 | INFO     |   → Отброшено:      80
2026-05-22 02:35:22,281 | INFO     |   → ==================================================
2026-05-22 02:35:22,281 | INFO     |   → Готово → /home/runner/work/vpn-vless-configs-russia/vpn-vless-configs-russia/githubmirror/ru-sni-local
2026-05-22 02:35:22,281 | INFO     | ✅ filter_ru_sni_local.py завершён успешно
2026-05-22 02:35:22,282 | INFO     | 
2026-05-22 02:35:22,282 | INFO     | 
2026-05-22 02:35:22,282 | INFO     | ──────────────────────────────────────────────────────────────────────
2026-05-22 02:35:22,282 | INFO     | 📌 ЭТАП: Сбор статистики
2026-05-22 02:35:22,282 | INFO     | ──────────────────────────────────────────────────────────────────────
2026-05-22 02:35:22,282 | INFO     | 📊 Сбор статистики...
2026-05-22 02:35:22,282 | INFO     |   📁 githubmirror/clean:
2026-05-22 02:35:22,282 | INFO     |     • hysteria2   :     2 конфигов
2026-05-22 02:35:22,282 | INFO     |     • ss          :     2 конфигов
2026-05-22 02:35:22,282 | INFO     |     • vless       :    68 конфигов
2026-05-22 02:35:22,282 | INFO     |     • vmess       :    10 конфигов
2026-05-22 02:35:22,282 | INFO     |   📁 githubmirror/ru-sni:
2026-05-22 02:35:22,283 | INFO     |     • hysteria2   :     1 конфигов ( 50.0% от clean)
2026-05-22 02:35:22,283 | INFO     |     • ss          :     0 конфигов (  0.0% от clean)
2026-05-22 02:35:22,283 | INFO     |     • vless       :     4 конфигов (  5.9% от clean)
2026-05-22 02:35:22,283 | INFO     |     • vmess       :     0 конфигов (  0.0% от clean)
2026-05-22 02:35:22,283 | INFO     |   ✨ Новых CF-VLESS в этом запуске: 50
2026-05-22 02:35:22,283 | INFO     | 
2026-05-22 02:35:22,283 | INFO     |   ──────────────────────────────────────────────────
2026-05-22 02:35:22,283 | INFO     |   📈 ИТОГО:
2026-05-22 02:35:22,283 | INFO     |     Clean (после geo-фильтра):       82
2026-05-22 02:35:22,283 | INFO     |     RU-SNI (после SNI-фильтра):       5
2026-05-22 02:35:22,283 | INFO     |     Прошло фильтр:                  6.1%
2026-05-22 02:35:22,283 | INFO     |   ──────────────────────────────────────────────────
2026-05-22 02:35:22,284 | INFO     | ✅ Статистика сохранена: /home/runner/work/vpn-vless-configs-russia/vpn-vless-configs-russia/stats.json
2026-05-22 02:35:22,284 | INFO     | 
2026-05-22 02:35:22,284 | INFO     | ======================================================================
2026-05-22 02:35:22,284 | INFO     | 📊 ИТОГОВЫЙ ОТЧЁТ
2026-05-22 02:35:22,284 | INFO     | ======================================================================
2026-05-22 02:35:22,284 | INFO     |   ✅ OK         | Загрузка и geo-фильтрация
2026-05-22 02:35:22,284 | INFO     |   ✅ OK         | Генерация 50 уникальных CF-VLESS
2026-05-22 02:35:22,284 | INFO     |   ✅ OK         | Слияние CF с основным списком
2026-05-22 02:35:22,284 | INFO     |   ✅ OK         | Фильтрация по реальному SNI
2026-05-22 02:35:22,284 | INFO     |   ✅ OK         | Экспериментальный RU-SNI фильтр
2026-05-22 02:35:22,284 | INFO     |   ✅ OK         | Сбор статистики
2026-05-22 02:35:22,284 | INFO     | ──────────────────────────────────────────────────────────────────────
2026-05-22 02:35:22,284 | INFO     | ✅ ВСЕ ЭТАПЫ УСПЕШНЫ (6/6)
2026-05-22 02:35:22,284 | INFO     | ⏰ Время завершения: 2026-05-22 02:35:22
2026-05-22 02:35:22,284 | INFO     | ======================================================================
