2026-06-02 10:08:09,982 | INFO     | ======================================================================
2026-06-02 10:08:09,982 | INFO     | 🔍 VPN KEY CHECKER - Начало проверки
2026-06-02 10:08:09,982 | INFO     | ⏰ Время старта: 2026-06-02 10:08:09
2026-06-02 10:08:09,982 | INFO     | 📂 Рабочая директория: /home/runner/work/vpn-vless-configs-russia/vpn-vless-configs-russia
2026-06-02 10:08:09,982 | INFO     | ======================================================================
2026-06-02 10:08:09,982 | INFO     | 
2026-06-02 10:08:09,982 | INFO     | 🔍 Проверка наличия скриптов...
2026-06-02 10:08:09,982 | INFO     |   ✅ mirror.py
2026-06-02 10:08:09,982 | INFO     |   ✅ generate_cf_vless.py
2026-06-02 10:08:09,982 | INFO     |   ✅ filter_ru_sni.py
2026-06-02 10:08:09,982 | INFO     |   ✅ filter_ru_sni_local.py
2026-06-02 10:08:09,982 | INFO     | 
2026-06-02 10:08:09,982 | INFO     | 
2026-06-02 10:08:09,982 | INFO     | ──────────────────────────────────────────────────────────────────────
2026-06-02 10:08:09,982 | INFO     | 📌 ЭТАП: Загрузка и geo-фильтрация
2026-06-02 10:08:09,982 | INFO     | ──────────────────────────────────────────────────────────────────────
2026-06-02 10:08:09,983 | INFO     | 🚀 Запуск mirror.py (Загрузка и фильтрация по РФ/СНГ/Европа)...
2026-06-02 10:08:13,729 | INFO     |   → 🚀 Старт: всего источников (старые + новые): 10
2026-06-02 10:08:13,729 | INFO     |   → 1/10: ✅ 0 взято | 🗑️ 0 мусор
2026-06-02 10:08:13,729 | INFO     |   → 2/10: ✅ 0 взято | 🗑️ 0 мусор
2026-06-02 10:08:13,729 | INFO     |   → 3/10: ✅ 14 взято | 🗑️ 152 мусор
2026-06-02 10:08:13,729 | INFO     |   → 4/10: ✅ 0 взято | 🗑️ 0 мусор
2026-06-02 10:08:13,729 | INFO     |   → 5/10: ✅ 4 взято | 🗑️ 130 мусор
2026-06-02 10:08:13,729 | INFO     |   → 6/10: ✅ 0 взято | 🗑️ 0 мусор
2026-06-02 10:08:13,729 | INFO     |   → 7/10: ✅ 13 взято | 🗑️ 7 мусор
2026-06-02 10:08:13,729 | INFO     |   → 8/10: ✅ 0 взято | 🗑️ 7 мусор
2026-06-02 10:08:13,729 | INFO     |   → 9/10: ✅ 7 взято | 🗑️ 12 мусор
2026-06-02 10:08:13,729 | INFO     |   → 10/10: ✅ 0 взято | 🗑️ 0 мусор
2026-06-02 10:08:13,729 | INFO     |   → ✅ ГОТОВО!
2026-06-02 10:08:13,729 | INFO     |   →    📥 Всего ключей после фильтра: 38
2026-06-02 10:08:13,729 | INFO     |   →    🔗 Уникальных IP:PORT:SCHEME: 27
2026-06-02 10:08:13,729 | INFO     |   →    🗑️ Выброшено мусора: 308
2026-06-02 10:08:13,729 | INFO     |   → 📊 По протоколам:
2026-06-02 10:08:13,730 | INFO     |   →    vless: 17
2026-06-02 10:08:13,730 | INFO     |   →    vmess: 1
2026-06-02 10:08:13,730 | INFO     |   →    trojan: 4
2026-06-02 10:08:13,730 | INFO     |   →    ss: 5
2026-06-02 10:08:13,730 | INFO     | ✅ mirror.py завершён успешно
2026-06-02 10:08:13,730 | INFO     | 
2026-06-02 10:08:13,730 | INFO     | 
2026-06-02 10:08:13,730 | INFO     | ──────────────────────────────────────────────────────────────────────
2026-06-02 10:08:13,730 | INFO     | 📌 ЭТАП: Генерация 50 уникальных CF-VLESS
2026-06-02 10:08:13,730 | INFO     | ──────────────────────────────────────────────────────────────────────
2026-06-02 10:08:13,730 | INFO     | 🚀 Запуск generate_cf_vless.py (50 новых CF-VLESS)...
2026-06-02 10:08:14,784 | INFO     |   → ======================================================================
2026-06-02 10:08:14,784 | INFO     |   → 🗺️  Генератор свежих VLESS-конфигов на IP Cloudflare
2026-06-02 10:08:14,784 | INFO     |   → ======================================================================
2026-06-02 10:08:14,784 | INFO     |   →   → Загружаем актуальные IP-диапазоны Cloudflare: https://www.cloudflare.com/ips-v4
2026-06-02 10:08:14,784 | INFO     |   →   → Найдено 15 IPv4 CIDR-блоков. Преобразуем их в IP-адреса...
2026-06-02 10:08:14,784 | INFO     |   → ✅ Успешно загружено и подготовлено 7500 IP-адресов для ротации.
2026-06-02 10:08:14,784 | INFO     |   → ✨ Сгенерировано и сохранено 50 VLESS-конфигов.
2026-06-02 10:08:14,784 | INFO     |   → 📂 Файл: /home/runner/work/vpn-vless-configs-russia/vpn-vless-configs-russia/githubmirror/new/cf_fresh.txt
2026-06-02 10:08:14,784 | INFO     |   → ======================================================================
2026-06-02 10:08:14,784 | INFO     | ✅ generate_cf_vless.py завершён успешно
2026-06-02 10:08:14,784 | INFO     | 
2026-06-02 10:08:14,784 | INFO     | 
2026-06-02 10:08:14,784 | INFO     | ──────────────────────────────────────────────────────────────────────
2026-06-02 10:08:14,784 | INFO     | 📌 ЭТАП: Слияние CF с основным списком
2026-06-02 10:08:14,784 | INFO     | ──────────────────────────────────────────────────────────────────────
2026-06-02 10:08:14,785 | INFO     | 🔄 Добавлено 50 новых CF-VLESS в /home/runner/work/vpn-vless-configs-russia/vpn-vless-configs-russia/githubmirror/clean/vless.txt
2026-06-02 10:08:14,785 | INFO     | 📊 Всего в clean/vless.txt теперь: 67
2026-06-02 10:08:14,785 | INFO     | 
2026-06-02 10:08:14,786 | INFO     | 
2026-06-02 10:08:14,786 | INFO     | ──────────────────────────────────────────────────────────────────────
2026-06-02 10:08:14,786 | INFO     | 📌 ЭТАП: Фильтрация по реальному SNI
2026-06-02 10:08:14,786 | INFO     | ──────────────────────────────────────────────────────────────────────
2026-06-02 10:08:14,786 | INFO     | 🚀 Запуск filter_ru_sni.py (Фильтр по реальному SNI (CDN+RU))...
2026-06-02 10:08:14,816 | INFO     |   → ss.txt: 5 → 0 (SNI-filtered)
2026-06-02 10:08:14,816 | INFO     |   →   trojan.txt: 4 → 0 (SNI-filtered)
2026-06-02 10:08:14,816 | INFO     |   →   vless.txt: 67 → 6 (SNI-filtered)
2026-06-02 10:08:14,816 | INFO     |   →   vmess.txt: 1 → 0 (SNI-filtered)
2026-06-02 10:08:14,816 | INFO     |   → ==================================================
2026-06-02 10:08:14,816 | INFO     |   →   Всего входных:  77
2026-06-02 10:08:14,816 | INFO     |   →   Прошли фильтр:  6
2026-06-02 10:08:14,816 | INFO     |   →   Отброшено:      71
2026-06-02 10:08:14,816 | INFO     |   → ==================================================
2026-06-02 10:08:14,817 | INFO     |   → Готово → /home/runner/work/vpn-vless-configs-russia/vpn-vless-configs-russia/githubmirror/ru-sni
2026-06-02 10:08:14,817 | INFO     | ✅ filter_ru_sni.py завершён успешно
2026-06-02 10:08:14,817 | INFO     | 
2026-06-02 10:08:14,817 | INFO     | 
2026-06-02 10:08:14,817 | INFO     | ──────────────────────────────────────────────────────────────────────
2026-06-02 10:08:14,817 | INFO     | 📌 ЭТАП: Экспериментальный RU-SNI фильтр
2026-06-02 10:08:14,817 | INFO     | ──────────────────────────────────────────────────────────────────────
2026-06-02 10:08:14,817 | INFO     | 🚀 Запуск filter_ru_sni_local.py (Экспериментальный фильтр по RU-SNI (локальные домены))...
2026-06-02 10:08:14,846 | INFO     |   → ss.txt: 5 → 0 (RU-SNI)
2026-06-02 10:08:14,847 | INFO     |   → trojan.txt: 4 → 0 (RU-SNI)
2026-06-02 10:08:14,847 | INFO     |   → vless.txt: 67 → 2 (RU-SNI)
2026-06-02 10:08:14,847 | INFO     |   → vmess.txt: 1 → 0 (RU-SNI)
2026-06-02 10:08:14,847 | INFO     |   → ==================================================
2026-06-02 10:08:14,847 | INFO     |   → Всего входных:  77
2026-06-02 10:08:14,847 | INFO     |   → Прошли RU-SNI:  2
2026-06-02 10:08:14,847 | INFO     |   → Отброшено:      75
2026-06-02 10:08:14,847 | INFO     |   → ==================================================
2026-06-02 10:08:14,847 | INFO     |   → Готово → /home/runner/work/vpn-vless-configs-russia/vpn-vless-configs-russia/githubmirror/ru-sni-local
2026-06-02 10:08:14,847 | INFO     | ✅ filter_ru_sni_local.py завершён успешно
2026-06-02 10:08:14,847 | INFO     | 
2026-06-02 10:08:14,847 | INFO     | 
2026-06-02 10:08:14,847 | INFO     | ──────────────────────────────────────────────────────────────────────
2026-06-02 10:08:14,847 | INFO     | 📌 ЭТАП: Сбор статистики
2026-06-02 10:08:14,847 | INFO     | ──────────────────────────────────────────────────────────────────────
2026-06-02 10:08:14,847 | INFO     | 📊 Сбор статистики...
2026-06-02 10:08:14,847 | INFO     |   📁 githubmirror/clean:
2026-06-02 10:08:14,847 | INFO     |     • ss          :     5 конфигов
2026-06-02 10:08:14,848 | INFO     |     • trojan      :     4 конфигов
2026-06-02 10:08:14,848 | INFO     |     • vless       :    67 конфигов
2026-06-02 10:08:14,848 | INFO     |     • vmess       :     1 конфигов
2026-06-02 10:08:14,848 | INFO     |   📁 githubmirror/ru-sni:
2026-06-02 10:08:14,848 | INFO     |     • ss          :     0 конфигов (  0.0% от clean)
2026-06-02 10:08:14,848 | INFO     |     • trojan      :     0 конфигов (  0.0% от clean)
2026-06-02 10:08:14,848 | INFO     |     • vless       :     6 конфигов (  9.0% от clean)
2026-06-02 10:08:14,848 | INFO     |     • vmess       :     0 конфигов (  0.0% от clean)
2026-06-02 10:08:14,848 | INFO     |   ✨ Новых CF-VLESS в этом запуске: 50
2026-06-02 10:08:14,848 | INFO     | 
2026-06-02 10:08:14,848 | INFO     |   ──────────────────────────────────────────────────
2026-06-02 10:08:14,848 | INFO     |   📈 ИТОГО:
2026-06-02 10:08:14,848 | INFO     |     Clean (после geo-фильтра):       77
2026-06-02 10:08:14,848 | INFO     |     RU-SNI (после SNI-фильтра):       6
2026-06-02 10:08:14,848 | INFO     |     Прошло фильтр:                  7.8%
2026-06-02 10:08:14,848 | INFO     |   ──────────────────────────────────────────────────
2026-06-02 10:08:14,849 | INFO     | ✅ Статистика сохранена: /home/runner/work/vpn-vless-configs-russia/vpn-vless-configs-russia/stats.json
2026-06-02 10:08:14,849 | INFO     | 
2026-06-02 10:08:14,849 | INFO     | ======================================================================
2026-06-02 10:08:14,849 | INFO     | 📊 ИТОГОВЫЙ ОТЧЁТ
2026-06-02 10:08:14,849 | INFO     | ======================================================================
2026-06-02 10:08:14,849 | INFO     |   ✅ OK         | Загрузка и geo-фильтрация
2026-06-02 10:08:14,849 | INFO     |   ✅ OK         | Генерация 50 уникальных CF-VLESS
2026-06-02 10:08:14,849 | INFO     |   ✅ OK         | Слияние CF с основным списком
2026-06-02 10:08:14,849 | INFO     |   ✅ OK         | Фильтрация по реальному SNI
2026-06-02 10:08:14,849 | INFO     |   ✅ OK         | Экспериментальный RU-SNI фильтр
2026-06-02 10:08:14,849 | INFO     |   ✅ OK         | Сбор статистики
2026-06-02 10:08:14,849 | INFO     | ──────────────────────────────────────────────────────────────────────
2026-06-02 10:08:14,849 | INFO     | ✅ ВСЕ ЭТАПЫ УСПЕШНЫ (6/6)
2026-06-02 10:08:14,849 | INFO     | ⏰ Время завершения: 2026-06-02 10:08:14
2026-06-02 10:08:14,849 | INFO     | ======================================================================
