2026-05-19 19:46:31,526 | INFO     | ======================================================================
2026-05-19 19:46:31,526 | INFO     | 🔍 VPN KEY CHECKER - Начало проверки
2026-05-19 19:46:31,526 | INFO     | ⏰ Время старта: 2026-05-19 19:46:31
2026-05-19 19:46:31,526 | INFO     | 📂 Рабочая директория: /home/runner/work/vpn-vless-configs-russia/vpn-vless-configs-russia
2026-05-19 19:46:31,526 | INFO     | ======================================================================
2026-05-19 19:46:31,526 | INFO     | 
2026-05-19 19:46:31,526 | INFO     | 🔍 Проверка наличия скриптов...
2026-05-19 19:46:31,526 | INFO     |   ✅ mirror.py
2026-05-19 19:46:31,526 | INFO     |   ✅ generate_cf_vless.py
2026-05-19 19:46:31,526 | INFO     |   ✅ filter_ru_sni.py
2026-05-19 19:46:31,527 | INFO     |   ✅ filter_ru_sni_local.py
2026-05-19 19:46:31,527 | INFO     | 
2026-05-19 19:46:31,527 | INFO     | 
2026-05-19 19:46:31,527 | INFO     | ──────────────────────────────────────────────────────────────────────
2026-05-19 19:46:31,527 | INFO     | 📌 ЭТАП: Загрузка и geo-фильтрация
2026-05-19 19:46:31,527 | INFO     | ──────────────────────────────────────────────────────────────────────
2026-05-19 19:46:31,527 | INFO     | 🚀 Запуск mirror.py (Загрузка и фильтрация по РФ/СНГ/Европа)...
2026-05-19 19:46:34,900 | INFO     |   → 🚀 Старт: всего источников (старые + новые): 8
2026-05-19 19:46:34,900 | INFO     |   → 1/8: ✅ 0 взято | 🗑️ 0 мусор
2026-05-19 19:46:34,900 | INFO     |   → 2/8: ✅ 0 взято | 🗑️ 0 мусор
2026-05-19 19:46:34,900 | INFO     |   → 3/8: ✅ 3 взято | 🗑️ 161 мусор
2026-05-19 19:46:34,900 | INFO     |   → 4/8: ✅ 0 взято | 🗑️ 0 мусор
2026-05-19 19:46:34,900 | INFO     |   → 5/8: ✅ 6 взято | 🗑️ 17 мусор
2026-05-19 19:46:34,901 | INFO     |   → 6/8: ✅ 0 взято | 🗑️ 17 мусор
2026-05-19 19:46:34,901 | INFO     |   → 7/8: ✅ 6 взято | 🗑️ 15 мусор
2026-05-19 19:46:34,901 | INFO     |   → 8/8: ✅ 0 взято | 🗑️ 0 мусор
2026-05-19 19:46:34,901 | INFO     |   → ✅ ГОТОВО!
2026-05-19 19:46:34,901 | INFO     |   →    📥 Всего ключей после фильтра: 15
2026-05-19 19:46:34,901 | INFO     |   →    🔗 Уникальных IP:PORT:SCHEME: 15
2026-05-19 19:46:34,901 | INFO     |   →    🗑️ Выброшено мусора: 210
2026-05-19 19:46:34,901 | INFO     |   → 📊 По протоколам:
2026-05-19 19:46:34,901 | INFO     |   →    vless: 9
2026-05-19 19:46:34,901 | INFO     |   →    vmess: 4
2026-05-19 19:46:34,901 | INFO     |   →    ss: 1
2026-05-19 19:46:34,901 | INFO     |   →    hysteria2: 1
2026-05-19 19:46:34,901 | INFO     | ✅ mirror.py завершён успешно
2026-05-19 19:46:34,901 | INFO     | 
2026-05-19 19:46:34,901 | INFO     | 
2026-05-19 19:46:34,901 | INFO     | ──────────────────────────────────────────────────────────────────────
2026-05-19 19:46:34,901 | INFO     | 📌 ЭТАП: Генерация 50 уникальных CF-VLESS
2026-05-19 19:46:34,901 | INFO     | ──────────────────────────────────────────────────────────────────────
2026-05-19 19:46:34,901 | INFO     | 🚀 Запуск generate_cf_vless.py (50 новых CF-VLESS)...
2026-05-19 19:46:35,902 | INFO     |   → ======================================================================
2026-05-19 19:46:35,902 | INFO     |   → 🗺️  Генератор свежих VLESS-конфигов на IP Cloudflare
2026-05-19 19:46:35,902 | INFO     |   → ======================================================================
2026-05-19 19:46:35,902 | INFO     |   →   → Загружаем актуальные IP-диапазоны Cloudflare: https://www.cloudflare.com/ips-v4
2026-05-19 19:46:35,902 | INFO     |   →   → Найдено 15 IPv4 CIDR-блоков. Преобразуем их в IP-адреса...
2026-05-19 19:46:35,902 | INFO     |   → ✅ Успешно загружено и подготовлено 7500 IP-адресов для ротации.
2026-05-19 19:46:35,902 | INFO     |   → ✨ Сгенерировано и сохранено 50 VLESS-конфигов.
2026-05-19 19:46:35,902 | INFO     |   → 📂 Файл: /home/runner/work/vpn-vless-configs-russia/vpn-vless-configs-russia/githubmirror/new/cf_fresh.txt
2026-05-19 19:46:35,902 | INFO     |   → ======================================================================
2026-05-19 19:46:35,902 | INFO     | ✅ generate_cf_vless.py завершён успешно
2026-05-19 19:46:35,902 | INFO     | 
2026-05-19 19:46:35,902 | INFO     | 
2026-05-19 19:46:35,902 | INFO     | ──────────────────────────────────────────────────────────────────────
2026-05-19 19:46:35,902 | INFO     | 📌 ЭТАП: Слияние CF с основным списком
2026-05-19 19:46:35,902 | INFO     | ──────────────────────────────────────────────────────────────────────
2026-05-19 19:46:35,904 | INFO     | 🔄 Добавлено 50 новых CF-VLESS в /home/runner/work/vpn-vless-configs-russia/vpn-vless-configs-russia/githubmirror/clean/vless.txt
2026-05-19 19:46:35,904 | INFO     | 📊 Всего в clean/vless.txt теперь: 59
2026-05-19 19:46:35,904 | INFO     | 
2026-05-19 19:46:35,904 | INFO     | 
2026-05-19 19:46:35,904 | INFO     | ──────────────────────────────────────────────────────────────────────
2026-05-19 19:46:35,904 | INFO     | 📌 ЭТАП: Фильтрация по реальному SNI
2026-05-19 19:46:35,904 | INFO     | ──────────────────────────────────────────────────────────────────────
2026-05-19 19:46:35,904 | INFO     | 🚀 Запуск filter_ru_sni.py (Фильтр по реальному SNI (CDN+RU))...
2026-05-19 19:46:35,932 | INFO     |   → hysteria2.txt: 1 → 0 (SNI-filtered)
2026-05-19 19:46:35,932 | INFO     |   →   ss.txt: 1 → 0 (SNI-filtered)
2026-05-19 19:46:35,932 | INFO     |   →   vless.txt: 59 → 2 (SNI-filtered)
2026-05-19 19:46:35,932 | INFO     |   →   vmess.txt: 4 → 0 (SNI-filtered)
2026-05-19 19:46:35,932 | INFO     |   → ==================================================
2026-05-19 19:46:35,932 | INFO     |   →   Всего входных:  65
2026-05-19 19:46:35,932 | INFO     |   →   Прошли фильтр:  2
2026-05-19 19:46:35,932 | INFO     |   →   Отброшено:      63
2026-05-19 19:46:35,932 | INFO     |   → ==================================================
2026-05-19 19:46:35,933 | INFO     |   → Готово → /home/runner/work/vpn-vless-configs-russia/vpn-vless-configs-russia/githubmirror/ru-sni
2026-05-19 19:46:35,933 | INFO     | ✅ filter_ru_sni.py завершён успешно
2026-05-19 19:46:35,933 | INFO     | 
2026-05-19 19:46:35,933 | INFO     | 
2026-05-19 19:46:35,933 | INFO     | ──────────────────────────────────────────────────────────────────────
2026-05-19 19:46:35,933 | INFO     | 📌 ЭТАП: Экспериментальный RU-SNI фильтр
2026-05-19 19:46:35,933 | INFO     | ──────────────────────────────────────────────────────────────────────
2026-05-19 19:46:35,933 | INFO     | 🚀 Запуск filter_ru_sni_local.py (Экспериментальный фильтр по RU-SNI (локальные домены))...
2026-05-19 19:46:35,960 | INFO     |   → hysteria2.txt: 1 → 0 (RU-SNI)
2026-05-19 19:46:35,960 | INFO     |   → ss.txt: 1 → 0 (RU-SNI)
2026-05-19 19:46:35,960 | INFO     |   → vless.txt: 59 → 1 (RU-SNI)
2026-05-19 19:46:35,960 | INFO     |   → vmess.txt: 4 → 0 (RU-SNI)
2026-05-19 19:46:35,960 | INFO     |   → ==================================================
2026-05-19 19:46:35,960 | INFO     |   → Всего входных:  65
2026-05-19 19:46:35,960 | INFO     |   → Прошли RU-SNI:  1
2026-05-19 19:46:35,960 | INFO     |   → Отброшено:      64
2026-05-19 19:46:35,960 | INFO     |   → ==================================================
2026-05-19 19:46:35,960 | INFO     |   → Готово → /home/runner/work/vpn-vless-configs-russia/vpn-vless-configs-russia/githubmirror/ru-sni-local
2026-05-19 19:46:35,960 | INFO     | ✅ filter_ru_sni_local.py завершён успешно
2026-05-19 19:46:35,960 | INFO     | 
2026-05-19 19:46:35,960 | INFO     | 
2026-05-19 19:46:35,960 | INFO     | ──────────────────────────────────────────────────────────────────────
2026-05-19 19:46:35,960 | INFO     | 📌 ЭТАП: Сбор статистики
2026-05-19 19:46:35,960 | INFO     | ──────────────────────────────────────────────────────────────────────
2026-05-19 19:46:35,960 | INFO     | 📊 Сбор статистики...
2026-05-19 19:46:35,960 | INFO     |   📁 githubmirror/clean:
2026-05-19 19:46:35,961 | INFO     |     • hysteria2   :     1 конфигов
2026-05-19 19:46:35,961 | INFO     |     • ss          :     1 конфигов
2026-05-19 19:46:35,961 | INFO     |     • vless       :    59 конфигов
2026-05-19 19:46:35,961 | INFO     |     • vmess       :     4 конфигов
2026-05-19 19:46:35,961 | INFO     |   📁 githubmirror/ru-sni:
2026-05-19 19:46:35,962 | INFO     |     • hysteria2   :     0 конфигов (  0.0% от clean)
2026-05-19 19:46:35,962 | INFO     |     • ss          :     0 конфигов (  0.0% от clean)
2026-05-19 19:46:35,962 | INFO     |     • vless       :     2 конфигов (  3.4% от clean)
2026-05-19 19:46:35,962 | INFO     |     • vmess       :     0 конфигов (  0.0% от clean)
2026-05-19 19:46:35,962 | INFO     |   ✨ Новых CF-VLESS в этом запуске: 50
2026-05-19 19:46:35,962 | INFO     | 
2026-05-19 19:46:35,962 | INFO     |   ──────────────────────────────────────────────────
2026-05-19 19:46:35,962 | INFO     |   📈 ИТОГО:
2026-05-19 19:46:35,962 | INFO     |     Clean (после geo-фильтра):       65
2026-05-19 19:46:35,962 | INFO     |     RU-SNI (после SNI-фильтра):       2
2026-05-19 19:46:35,962 | INFO     |     Прошло фильтр:                  3.1%
2026-05-19 19:46:35,963 | INFO     |   ──────────────────────────────────────────────────
2026-05-19 19:46:35,963 | INFO     | ✅ Статистика сохранена: /home/runner/work/vpn-vless-configs-russia/vpn-vless-configs-russia/stats.json
2026-05-19 19:46:35,963 | INFO     | 
2026-05-19 19:46:35,963 | INFO     | ======================================================================
2026-05-19 19:46:35,963 | INFO     | 📊 ИТОГОВЫЙ ОТЧЁТ
2026-05-19 19:46:35,963 | INFO     | ======================================================================
2026-05-19 19:46:35,963 | INFO     |   ✅ OK         | Загрузка и geo-фильтрация
2026-05-19 19:46:35,963 | INFO     |   ✅ OK         | Генерация 50 уникальных CF-VLESS
2026-05-19 19:46:35,963 | INFO     |   ✅ OK         | Слияние CF с основным списком
2026-05-19 19:46:35,963 | INFO     |   ✅ OK         | Фильтрация по реальному SNI
2026-05-19 19:46:35,963 | INFO     |   ✅ OK         | Экспериментальный RU-SNI фильтр
2026-05-19 19:46:35,963 | INFO     |   ✅ OK         | Сбор статистики
2026-05-19 19:46:35,963 | INFO     | ──────────────────────────────────────────────────────────────────────
2026-05-19 19:46:35,963 | INFO     | ✅ ВСЕ ЭТАПЫ УСПЕШНЫ (6/6)
2026-05-19 19:46:35,963 | INFO     | ⏰ Время завершения: 2026-05-19 19:46:35
2026-05-19 19:46:35,964 | INFO     | ======================================================================
