2026-05-21 14:46:42,009 | INFO     | ======================================================================
2026-05-21 14:46:42,009 | INFO     | 🔍 VPN KEY CHECKER - Начало проверки
2026-05-21 14:46:42,009 | INFO     | ⏰ Время старта: 2026-05-21 14:46:42
2026-05-21 14:46:42,010 | INFO     | 📂 Рабочая директория: /home/runner/work/vpn-vless-configs-russia/vpn-vless-configs-russia
2026-05-21 14:46:42,010 | INFO     | ======================================================================
2026-05-21 14:46:42,010 | INFO     | 
2026-05-21 14:46:42,010 | INFO     | 🔍 Проверка наличия скриптов...
2026-05-21 14:46:42,010 | INFO     |   ✅ mirror.py
2026-05-21 14:46:42,010 | INFO     |   ✅ generate_cf_vless.py
2026-05-21 14:46:42,010 | INFO     |   ✅ filter_ru_sni.py
2026-05-21 14:46:42,010 | INFO     |   ✅ filter_ru_sni_local.py
2026-05-21 14:46:42,010 | INFO     | 
2026-05-21 14:46:42,010 | INFO     | 
2026-05-21 14:46:42,010 | INFO     | ──────────────────────────────────────────────────────────────────────
2026-05-21 14:46:42,010 | INFO     | 📌 ЭТАП: Загрузка и geo-фильтрация
2026-05-21 14:46:42,010 | INFO     | ──────────────────────────────────────────────────────────────────────
2026-05-21 14:46:42,010 | INFO     | 🚀 Запуск mirror.py (Загрузка и фильтрация по РФ/СНГ/Европа)...
2026-05-21 14:46:45,788 | INFO     |   → 🚀 Старт: всего источников (старые + новые): 8
2026-05-21 14:46:45,788 | INFO     |   → 1/8: ✅ 0 взято | 🗑️ 0 мусор
2026-05-21 14:46:45,788 | INFO     |   → 2/8: ✅ 0 взято | 🗑️ 0 мусор
2026-05-21 14:46:45,788 | INFO     |   → 3/8: ✅ 3 взято | 🗑️ 174 мусор
2026-05-21 14:46:45,789 | INFO     |   → 4/8: ✅ 0 взято | 🗑️ 0 мусор
2026-05-21 14:46:45,789 | INFO     |   → 5/8: ✅ 6 взято | 🗑️ 24 мусор
2026-05-21 14:46:45,789 | INFO     |   → 6/8: ✅ 0 взято | 🗑️ 24 мусор
2026-05-21 14:46:45,789 | INFO     |   → 7/8: ✅ 4 взято | 🗑️ 17 мусор
2026-05-21 14:46:45,789 | INFO     |   → 8/8: ✅ 0 взято | 🗑️ 0 мусор
2026-05-21 14:46:45,789 | INFO     |   → ✅ ГОТОВО!
2026-05-21 14:46:45,789 | INFO     |   →    📥 Всего ключей после фильтра: 13
2026-05-21 14:46:45,789 | INFO     |   →    🔗 Уникальных IP:PORT:SCHEME: 13
2026-05-21 14:46:45,789 | INFO     |   →    🗑️ Выброшено мусора: 239
2026-05-21 14:46:45,789 | INFO     |   → 📊 По протоколам:
2026-05-21 14:46:45,789 | INFO     |   →    vless: 7
2026-05-21 14:46:45,789 | INFO     |   →    vmess: 3
2026-05-21 14:46:45,789 | INFO     |   →    ss: 2
2026-05-21 14:46:45,789 | INFO     |   →    hysteria2: 1
2026-05-21 14:46:45,789 | INFO     | ✅ mirror.py завершён успешно
2026-05-21 14:46:45,789 | INFO     | 
2026-05-21 14:46:45,789 | INFO     | 
2026-05-21 14:46:45,789 | INFO     | ──────────────────────────────────────────────────────────────────────
2026-05-21 14:46:45,790 | INFO     | 📌 ЭТАП: Генерация 50 уникальных CF-VLESS
2026-05-21 14:46:45,790 | INFO     | ──────────────────────────────────────────────────────────────────────
2026-05-21 14:46:45,790 | INFO     | 🚀 Запуск generate_cf_vless.py (50 новых CF-VLESS)...
2026-05-21 14:46:46,815 | INFO     |   → ======================================================================
2026-05-21 14:46:46,815 | INFO     |   → 🗺️  Генератор свежих VLESS-конфигов на IP Cloudflare
2026-05-21 14:46:46,816 | INFO     |   → ======================================================================
2026-05-21 14:46:46,816 | INFO     |   →   → Загружаем актуальные IP-диапазоны Cloudflare: https://www.cloudflare.com/ips-v4
2026-05-21 14:46:46,816 | INFO     |   →   → Найдено 15 IPv4 CIDR-блоков. Преобразуем их в IP-адреса...
2026-05-21 14:46:46,816 | INFO     |   → ✅ Успешно загружено и подготовлено 7500 IP-адресов для ротации.
2026-05-21 14:46:46,816 | INFO     |   → ✨ Сгенерировано и сохранено 50 VLESS-конфигов.
2026-05-21 14:46:46,816 | INFO     |   → 📂 Файл: /home/runner/work/vpn-vless-configs-russia/vpn-vless-configs-russia/githubmirror/new/cf_fresh.txt
2026-05-21 14:46:46,816 | INFO     |   → ======================================================================
2026-05-21 14:46:46,816 | INFO     | ✅ generate_cf_vless.py завершён успешно
2026-05-21 14:46:46,816 | INFO     | 
2026-05-21 14:46:46,816 | INFO     | 
2026-05-21 14:46:46,816 | INFO     | ──────────────────────────────────────────────────────────────────────
2026-05-21 14:46:46,816 | INFO     | 📌 ЭТАП: Слияние CF с основным списком
2026-05-21 14:46:46,816 | INFO     | ──────────────────────────────────────────────────────────────────────
2026-05-21 14:46:46,818 | INFO     | 🔄 Добавлено 50 новых CF-VLESS в /home/runner/work/vpn-vless-configs-russia/vpn-vless-configs-russia/githubmirror/clean/vless.txt
2026-05-21 14:46:46,818 | INFO     | 📊 Всего в clean/vless.txt теперь: 57
2026-05-21 14:46:46,818 | INFO     | 
2026-05-21 14:46:46,818 | INFO     | 
2026-05-21 14:46:46,818 | INFO     | ──────────────────────────────────────────────────────────────────────
2026-05-21 14:46:46,818 | INFO     | 📌 ЭТАП: Фильтрация по реальному SNI
2026-05-21 14:46:46,818 | INFO     | ──────────────────────────────────────────────────────────────────────
2026-05-21 14:46:46,818 | INFO     | 🚀 Запуск filter_ru_sni.py (Фильтр по реальному SNI (CDN+RU))...
2026-05-21 14:46:46,847 | INFO     |   → hysteria2.txt: 1 → 0 (SNI-filtered)
2026-05-21 14:46:46,847 | INFO     |   →   ss.txt: 2 → 0 (SNI-filtered)
2026-05-21 14:46:46,847 | INFO     |   →   vless.txt: 57 → 1 (SNI-filtered)
2026-05-21 14:46:46,847 | INFO     |   →   vmess.txt: 3 → 0 (SNI-filtered)
2026-05-21 14:46:46,847 | INFO     |   → ==================================================
2026-05-21 14:46:46,847 | INFO     |   →   Всего входных:  63
2026-05-21 14:46:46,847 | INFO     |   →   Прошли фильтр:  1
2026-05-21 14:46:46,847 | INFO     |   →   Отброшено:      62
2026-05-21 14:46:46,847 | INFO     |   → ==================================================
2026-05-21 14:46:46,847 | INFO     |   → Готово → /home/runner/work/vpn-vless-configs-russia/vpn-vless-configs-russia/githubmirror/ru-sni
2026-05-21 14:46:46,847 | INFO     | ✅ filter_ru_sni.py завершён успешно
2026-05-21 14:46:46,847 | INFO     | 
2026-05-21 14:46:46,847 | INFO     | 
2026-05-21 14:46:46,847 | INFO     | ──────────────────────────────────────────────────────────────────────
2026-05-21 14:46:46,847 | INFO     | 📌 ЭТАП: Экспериментальный RU-SNI фильтр
2026-05-21 14:46:46,848 | INFO     | ──────────────────────────────────────────────────────────────────────
2026-05-21 14:46:46,848 | INFO     | 🚀 Запуск filter_ru_sni_local.py (Экспериментальный фильтр по RU-SNI (локальные домены))...
2026-05-21 14:46:46,874 | INFO     |   → hysteria2.txt: 1 → 0 (RU-SNI)
2026-05-21 14:46:46,874 | INFO     |   → ss.txt: 2 → 0 (RU-SNI)
2026-05-21 14:46:46,874 | INFO     |   → vless.txt: 57 → 0 (RU-SNI)
2026-05-21 14:46:46,875 | INFO     |   → vmess.txt: 3 → 0 (RU-SNI)
2026-05-21 14:46:46,875 | INFO     |   → ==================================================
2026-05-21 14:46:46,875 | INFO     |   → Всего входных:  63
2026-05-21 14:46:46,875 | INFO     |   → Прошли RU-SNI:  0
2026-05-21 14:46:46,875 | INFO     |   → Отброшено:      63
2026-05-21 14:46:46,875 | INFO     |   → ==================================================
2026-05-21 14:46:46,875 | INFO     |   → Готово → /home/runner/work/vpn-vless-configs-russia/vpn-vless-configs-russia/githubmirror/ru-sni-local
2026-05-21 14:46:46,875 | INFO     | ✅ filter_ru_sni_local.py завершён успешно
2026-05-21 14:46:46,875 | INFO     | 
2026-05-21 14:46:46,875 | INFO     | 
2026-05-21 14:46:46,875 | INFO     | ──────────────────────────────────────────────────────────────────────
2026-05-21 14:46:46,875 | INFO     | 📌 ЭТАП: Сбор статистики
2026-05-21 14:46:46,875 | INFO     | ──────────────────────────────────────────────────────────────────────
2026-05-21 14:46:46,875 | INFO     | 📊 Сбор статистики...
2026-05-21 14:46:46,875 | INFO     |   📁 githubmirror/clean:
2026-05-21 14:46:46,876 | INFO     |     • hysteria2   :     1 конфигов
2026-05-21 14:46:46,876 | INFO     |     • ss          :     2 конфигов
2026-05-21 14:46:46,876 | INFO     |     • vless       :    57 конфигов
2026-05-21 14:46:46,876 | INFO     |     • vmess       :     3 конфигов
2026-05-21 14:46:46,876 | INFO     |   📁 githubmirror/ru-sni:
2026-05-21 14:46:46,876 | INFO     |     • hysteria2   :     0 конфигов (  0.0% от clean)
2026-05-21 14:46:46,876 | INFO     |     • ss          :     0 конфигов (  0.0% от clean)
2026-05-21 14:46:46,877 | INFO     |     • vless       :     1 конфигов (  1.8% от clean)
2026-05-21 14:46:46,877 | INFO     |     • vmess       :     0 конфигов (  0.0% от clean)
2026-05-21 14:46:46,877 | INFO     |   ✨ Новых CF-VLESS в этом запуске: 50
2026-05-21 14:46:46,877 | INFO     | 
2026-05-21 14:46:46,877 | INFO     |   ──────────────────────────────────────────────────
2026-05-21 14:46:46,877 | INFO     |   📈 ИТОГО:
2026-05-21 14:46:46,877 | INFO     |     Clean (после geo-фильтра):       63
2026-05-21 14:46:46,877 | INFO     |     RU-SNI (после SNI-фильтра):       1
2026-05-21 14:46:46,877 | INFO     |     Прошло фильтр:                  1.6%
2026-05-21 14:46:46,877 | INFO     |   ──────────────────────────────────────────────────
2026-05-21 14:46:46,878 | INFO     | ✅ Статистика сохранена: /home/runner/work/vpn-vless-configs-russia/vpn-vless-configs-russia/stats.json
2026-05-21 14:46:46,878 | INFO     | 
2026-05-21 14:46:46,878 | INFO     | ======================================================================
2026-05-21 14:46:46,878 | INFO     | 📊 ИТОГОВЫЙ ОТЧЁТ
2026-05-21 14:46:46,878 | INFO     | ======================================================================
2026-05-21 14:46:46,878 | INFO     |   ✅ OK         | Загрузка и geo-фильтрация
2026-05-21 14:46:46,878 | INFO     |   ✅ OK         | Генерация 50 уникальных CF-VLESS
2026-05-21 14:46:46,878 | INFO     |   ✅ OK         | Слияние CF с основным списком
2026-05-21 14:46:46,878 | INFO     |   ✅ OK         | Фильтрация по реальному SNI
2026-05-21 14:46:46,878 | INFO     |   ✅ OK         | Экспериментальный RU-SNI фильтр
2026-05-21 14:46:46,878 | INFO     |   ✅ OK         | Сбор статистики
2026-05-21 14:46:46,878 | INFO     | ──────────────────────────────────────────────────────────────────────
2026-05-21 14:46:46,878 | INFO     | ✅ ВСЕ ЭТАПЫ УСПЕШНЫ (6/6)
2026-05-21 14:46:46,878 | INFO     | ⏰ Время завершения: 2026-05-21 14:46:46
2026-05-21 14:46:46,878 | INFO     | ======================================================================
