2026-05-26 02:28:55,196 | INFO     | ======================================================================
2026-05-26 02:28:55,196 | INFO     | 🔍 VPN KEY CHECKER - Начало проверки
2026-05-26 02:28:55,196 | INFO     | ⏰ Время старта: 2026-05-26 02:28:55
2026-05-26 02:28:55,196 | INFO     | 📂 Рабочая директория: /home/runner/work/vpn-vless-configs-russia/vpn-vless-configs-russia
2026-05-26 02:28:55,196 | INFO     | ======================================================================
2026-05-26 02:28:55,196 | INFO     | 
2026-05-26 02:28:55,196 | INFO     | 🔍 Проверка наличия скриптов...
2026-05-26 02:28:55,196 | INFO     |   ✅ mirror.py
2026-05-26 02:28:55,196 | INFO     |   ✅ generate_cf_vless.py
2026-05-26 02:28:55,196 | INFO     |   ✅ filter_ru_sni.py
2026-05-26 02:28:55,196 | INFO     |   ✅ filter_ru_sni_local.py
2026-05-26 02:28:55,196 | INFO     | 
2026-05-26 02:28:55,196 | INFO     | 
2026-05-26 02:28:55,196 | INFO     | ──────────────────────────────────────────────────────────────────────
2026-05-26 02:28:55,196 | INFO     | 📌 ЭТАП: Загрузка и geo-фильтрация
2026-05-26 02:28:55,196 | INFO     | ──────────────────────────────────────────────────────────────────────
2026-05-26 02:28:55,196 | INFO     | 🚀 Запуск mirror.py (Загрузка и фильтрация по РФ/СНГ/Европа)...
2026-05-26 02:28:59,170 | INFO     |   → 🚀 Старт: всего источников (старые + новые): 10
2026-05-26 02:28:59,170 | INFO     |   → 1/10: ✅ 0 взято | 🗑️ 0 мусор
2026-05-26 02:28:59,170 | INFO     |   → 2/10: ✅ 0 взято | 🗑️ 0 мусор
2026-05-26 02:28:59,170 | INFO     |   → 3/10: ✅ 14 взято | 🗑️ 292 мусор
2026-05-26 02:28:59,170 | INFO     |   → 4/10: ✅ 0 взято | 🗑️ 0 мусор
2026-05-26 02:28:59,170 | INFO     |   → 5/10: ✅ 4 взято | 🗑️ 208 мусор
2026-05-26 02:28:59,170 | INFO     |   → 6/10: ✅ 0 взято | 🗑️ 0 мусор
2026-05-26 02:28:59,170 | INFO     |   → 7/10: ✅ 6 взято | 🗑️ 24 мусор
2026-05-26 02:28:59,170 | INFO     |   → 8/10: ✅ 0 взято | 🗑️ 24 мусор
2026-05-26 02:28:59,170 | INFO     |   → 9/10: ✅ 13 взято | 🗑️ 14 мусор
2026-05-26 02:28:59,170 | INFO     |   → 10/10: ✅ 0 взято | 🗑️ 0 мусор
2026-05-26 02:28:59,170 | INFO     |   → ✅ ГОТОВО!
2026-05-26 02:28:59,170 | INFO     |   →    📥 Всего ключей после фильтра: 37
2026-05-26 02:28:59,170 | INFO     |   →    🔗 Уникальных IP:PORT:SCHEME: 35
2026-05-26 02:28:59,170 | INFO     |   →    🗑️ Выброшено мусора: 562
2026-05-26 02:28:59,170 | INFO     |   → 📊 По протоколам:
2026-05-26 02:28:59,170 | INFO     |   →    vless: 22
2026-05-26 02:28:59,171 | INFO     |   →    vmess: 9
2026-05-26 02:28:59,171 | INFO     |   →    ss: 3
2026-05-26 02:28:59,171 | INFO     |   →    hysteria2: 1
2026-05-26 02:28:59,171 | INFO     | ✅ mirror.py завершён успешно
2026-05-26 02:28:59,171 | INFO     | 
2026-05-26 02:28:59,171 | INFO     | 
2026-05-26 02:28:59,171 | INFO     | ──────────────────────────────────────────────────────────────────────
2026-05-26 02:28:59,171 | INFO     | 📌 ЭТАП: Генерация 50 уникальных CF-VLESS
2026-05-26 02:28:59,171 | INFO     | ──────────────────────────────────────────────────────────────────────
2026-05-26 02:28:59,171 | INFO     | 🚀 Запуск generate_cf_vless.py (50 новых CF-VLESS)...
2026-05-26 02:28:59,951 | INFO     |   → ======================================================================
2026-05-26 02:28:59,951 | INFO     |   → 🗺️  Генератор свежих VLESS-конфигов на IP Cloudflare
2026-05-26 02:28:59,951 | INFO     |   → ======================================================================
2026-05-26 02:28:59,951 | INFO     |   →   → Загружаем актуальные IP-диапазоны Cloudflare: https://www.cloudflare.com/ips-v4
2026-05-26 02:28:59,952 | INFO     |   →   → Найдено 15 IPv4 CIDR-блоков. Преобразуем их в IP-адреса...
2026-05-26 02:28:59,952 | INFO     |   → ✅ Успешно загружено и подготовлено 7500 IP-адресов для ротации.
2026-05-26 02:28:59,952 | INFO     |   → ✨ Сгенерировано и сохранено 50 VLESS-конфигов.
2026-05-26 02:28:59,952 | INFO     |   → 📂 Файл: /home/runner/work/vpn-vless-configs-russia/vpn-vless-configs-russia/githubmirror/new/cf_fresh.txt
2026-05-26 02:28:59,952 | INFO     |   → ======================================================================
2026-05-26 02:28:59,952 | INFO     | ✅ generate_cf_vless.py завершён успешно
2026-05-26 02:28:59,952 | INFO     | 
2026-05-26 02:28:59,952 | INFO     | 
2026-05-26 02:28:59,952 | INFO     | ──────────────────────────────────────────────────────────────────────
2026-05-26 02:28:59,952 | INFO     | 📌 ЭТАП: Слияние CF с основным списком
2026-05-26 02:28:59,952 | INFO     | ──────────────────────────────────────────────────────────────────────
2026-05-26 02:28:59,953 | INFO     | 🔄 Добавлено 50 новых CF-VLESS в /home/runner/work/vpn-vless-configs-russia/vpn-vless-configs-russia/githubmirror/clean/vless.txt
2026-05-26 02:28:59,953 | INFO     | 📊 Всего в clean/vless.txt теперь: 72
2026-05-26 02:28:59,953 | INFO     | 
2026-05-26 02:28:59,953 | INFO     | 
2026-05-26 02:28:59,953 | INFO     | ──────────────────────────────────────────────────────────────────────
2026-05-26 02:28:59,954 | INFO     | 📌 ЭТАП: Фильтрация по реальному SNI
2026-05-26 02:28:59,954 | INFO     | ──────────────────────────────────────────────────────────────────────
2026-05-26 02:28:59,954 | INFO     | 🚀 Запуск filter_ru_sni.py (Фильтр по реальному SNI (CDN+RU))...
2026-05-26 02:28:59,977 | INFO     |   → hysteria2.txt: 1 → 1 (SNI-filtered)
2026-05-26 02:28:59,977 | INFO     |   →   ss.txt: 3 → 0 (SNI-filtered)
2026-05-26 02:28:59,977 | INFO     |   →   vless.txt: 72 → 8 (SNI-filtered)
2026-05-26 02:28:59,977 | INFO     |   →   vmess.txt: 9 → 0 (SNI-filtered)
2026-05-26 02:28:59,977 | INFO     |   → ==================================================
2026-05-26 02:28:59,977 | INFO     |   →   Всего входных:  85
2026-05-26 02:28:59,977 | INFO     |   →   Прошли фильтр:  9
2026-05-26 02:28:59,977 | INFO     |   →   Отброшено:      76
2026-05-26 02:28:59,977 | INFO     |   → ==================================================
2026-05-26 02:28:59,977 | INFO     |   → Готово → /home/runner/work/vpn-vless-configs-russia/vpn-vless-configs-russia/githubmirror/ru-sni
2026-05-26 02:28:59,977 | INFO     | ✅ filter_ru_sni.py завершён успешно
2026-05-26 02:28:59,977 | INFO     | 
2026-05-26 02:28:59,977 | INFO     | 
2026-05-26 02:28:59,977 | INFO     | ──────────────────────────────────────────────────────────────────────
2026-05-26 02:28:59,977 | INFO     | 📌 ЭТАП: Экспериментальный RU-SNI фильтр
2026-05-26 02:28:59,977 | INFO     | ──────────────────────────────────────────────────────────────────────
2026-05-26 02:28:59,977 | INFO     | 🚀 Запуск filter_ru_sni_local.py (Экспериментальный фильтр по RU-SNI (локальные домены))...
2026-05-26 02:29:00,000 | INFO     |   → hysteria2.txt: 1 → 0 (RU-SNI)
2026-05-26 02:29:00,000 | INFO     |   → ss.txt: 3 → 0 (RU-SNI)
2026-05-26 02:29:00,000 | INFO     |   → vless.txt: 72 → 5 (RU-SNI)
2026-05-26 02:29:00,000 | INFO     |   → vmess.txt: 9 → 0 (RU-SNI)
2026-05-26 02:29:00,000 | INFO     |   → ==================================================
2026-05-26 02:29:00,000 | INFO     |   → Всего входных:  85
2026-05-26 02:29:00,000 | INFO     |   → Прошли RU-SNI:  5
2026-05-26 02:29:00,000 | INFO     |   → Отброшено:      80
2026-05-26 02:29:00,000 | INFO     |   → ==================================================
2026-05-26 02:29:00,000 | INFO     |   → Готово → /home/runner/work/vpn-vless-configs-russia/vpn-vless-configs-russia/githubmirror/ru-sni-local
2026-05-26 02:29:00,000 | INFO     | ✅ filter_ru_sni_local.py завершён успешно
2026-05-26 02:29:00,000 | INFO     | 
2026-05-26 02:29:00,000 | INFO     | 
2026-05-26 02:29:00,000 | INFO     | ──────────────────────────────────────────────────────────────────────
2026-05-26 02:29:00,000 | INFO     | 📌 ЭТАП: Сбор статистики
2026-05-26 02:29:00,000 | INFO     | ──────────────────────────────────────────────────────────────────────
2026-05-26 02:29:00,000 | INFO     | 📊 Сбор статистики...
2026-05-26 02:29:00,000 | INFO     |   📁 githubmirror/clean:
2026-05-26 02:29:00,000 | INFO     |     • hysteria2   :     1 конфигов
2026-05-26 02:29:00,001 | INFO     |     • ss          :     3 конфигов
2026-05-26 02:29:00,001 | INFO     |     • vless       :    72 конфигов
2026-05-26 02:29:00,001 | INFO     |     • vmess       :     9 конфигов
2026-05-26 02:29:00,001 | INFO     |   📁 githubmirror/ru-sni:
2026-05-26 02:29:00,001 | INFO     |     • hysteria2   :     1 конфигов (100.0% от clean)
2026-05-26 02:29:00,001 | INFO     |     • ss          :     0 конфигов (  0.0% от clean)
2026-05-26 02:29:00,001 | INFO     |     • vless       :     8 конфигов ( 11.1% от clean)
2026-05-26 02:29:00,001 | INFO     |     • vmess       :     0 конфигов (  0.0% от clean)
2026-05-26 02:29:00,001 | INFO     |   ✨ Новых CF-VLESS в этом запуске: 50
2026-05-26 02:29:00,001 | INFO     | 
2026-05-26 02:29:00,001 | INFO     |   ──────────────────────────────────────────────────
2026-05-26 02:29:00,001 | INFO     |   📈 ИТОГО:
2026-05-26 02:29:00,001 | INFO     |     Clean (после geo-фильтра):       85
2026-05-26 02:29:00,001 | INFO     |     RU-SNI (после SNI-фильтра):       9
2026-05-26 02:29:00,001 | INFO     |     Прошло фильтр:                 10.6%
2026-05-26 02:29:00,002 | INFO     |   ──────────────────────────────────────────────────
2026-05-26 02:29:00,002 | INFO     | ✅ Статистика сохранена: /home/runner/work/vpn-vless-configs-russia/vpn-vless-configs-russia/stats.json
2026-05-26 02:29:00,002 | INFO     | 
2026-05-26 02:29:00,002 | INFO     | ======================================================================
2026-05-26 02:29:00,002 | INFO     | 📊 ИТОГОВЫЙ ОТЧЁТ
2026-05-26 02:29:00,002 | INFO     | ======================================================================
2026-05-26 02:29:00,002 | INFO     |   ✅ OK         | Загрузка и geo-фильтрация
2026-05-26 02:29:00,002 | INFO     |   ✅ OK         | Генерация 50 уникальных CF-VLESS
2026-05-26 02:29:00,002 | INFO     |   ✅ OK         | Слияние CF с основным списком
2026-05-26 02:29:00,002 | INFO     |   ✅ OK         | Фильтрация по реальному SNI
2026-05-26 02:29:00,002 | INFO     |   ✅ OK         | Экспериментальный RU-SNI фильтр
2026-05-26 02:29:00,002 | INFO     |   ✅ OK         | Сбор статистики
2026-05-26 02:29:00,002 | INFO     | ──────────────────────────────────────────────────────────────────────
2026-05-26 02:29:00,002 | INFO     | ✅ ВСЕ ЭТАПЫ УСПЕШНЫ (6/6)
2026-05-26 02:29:00,002 | INFO     | ⏰ Время завершения: 2026-05-26 02:29:00
2026-05-26 02:29:00,002 | INFO     | ======================================================================
