2026-05-27 02:38:27,411 | INFO     | ======================================================================
2026-05-27 02:38:27,411 | INFO     | 🔍 VPN KEY CHECKER - Начало проверки
2026-05-27 02:38:27,411 | INFO     | ⏰ Время старта: 2026-05-27 02:38:27
2026-05-27 02:38:27,412 | INFO     | 📂 Рабочая директория: /home/runner/work/vpn-vless-configs-russia/vpn-vless-configs-russia
2026-05-27 02:38:27,412 | INFO     | ======================================================================
2026-05-27 02:38:27,412 | INFO     | 
2026-05-27 02:38:27,412 | INFO     | 🔍 Проверка наличия скриптов...
2026-05-27 02:38:27,412 | INFO     |   ✅ mirror.py
2026-05-27 02:38:27,412 | INFO     |   ✅ generate_cf_vless.py
2026-05-27 02:38:27,412 | INFO     |   ✅ filter_ru_sni.py
2026-05-27 02:38:27,412 | INFO     |   ✅ filter_ru_sni_local.py
2026-05-27 02:38:27,412 | INFO     | 
2026-05-27 02:38:27,412 | INFO     | 
2026-05-27 02:38:27,412 | INFO     | ──────────────────────────────────────────────────────────────────────
2026-05-27 02:38:27,412 | INFO     | 📌 ЭТАП: Загрузка и geo-фильтрация
2026-05-27 02:38:27,412 | INFO     | ──────────────────────────────────────────────────────────────────────
2026-05-27 02:38:27,412 | INFO     | 🚀 Запуск mirror.py (Загрузка и фильтрация по РФ/СНГ/Европа)...
2026-05-27 02:38:31,913 | INFO     |   → 🚀 Старт: всего источников (старые + новые): 10
2026-05-27 02:38:31,913 | INFO     |   → 1/10: ✅ 0 взято | 🗑️ 0 мусор
2026-05-27 02:38:31,913 | INFO     |   → 2/10: ✅ 0 взято | 🗑️ 0 мусор
2026-05-27 02:38:31,913 | INFO     |   → 3/10: ✅ 0 взято | 🗑️ 0 мусор
2026-05-27 02:38:31,913 | INFO     |   → 4/10: ✅ 8 взято | 🗑️ 248 мусор
2026-05-27 02:38:31,913 | INFO     |   → 5/10: ✅ 1 взято | 🗑️ 162 мусор
2026-05-27 02:38:31,913 | INFO     |   → 6/10: ✅ 0 взято | 🗑️ 0 мусор
2026-05-27 02:38:31,913 | INFO     |   → 7/10: ✅ 6 взято | 🗑️ 24 мусор
2026-05-27 02:38:31,913 | INFO     |   → 8/10: ✅ 0 взято | 🗑️ 24 мусор
2026-05-27 02:38:31,913 | INFO     |   → 9/10: ✅ 5 взято | 🗑️ 22 мусор
2026-05-27 02:38:31,913 | INFO     |   → 10/10: ✅ 0 взято | 🗑️ 0 мусор
2026-05-27 02:38:31,913 | INFO     |   → ✅ ГОТОВО!
2026-05-27 02:38:31,914 | INFO     |   →    📥 Всего ключей после фильтра: 20
2026-05-27 02:38:31,914 | INFO     |   →    🔗 Уникальных IP:PORT:SCHEME: 20
2026-05-27 02:38:31,914 | INFO     |   →    🗑️ Выброшено мусора: 480
2026-05-27 02:38:31,914 | INFO     |   → 📊 По протоколам:
2026-05-27 02:38:31,914 | INFO     |   →    vless: 12
2026-05-27 02:38:31,914 | INFO     |   →    vmess: 5
2026-05-27 02:38:31,914 | INFO     |   →    trojan: 1
2026-05-27 02:38:31,914 | INFO     |   →    ss: 2
2026-05-27 02:38:31,914 | INFO     | ✅ mirror.py завершён успешно
2026-05-27 02:38:31,914 | INFO     | 
2026-05-27 02:38:31,914 | INFO     | 
2026-05-27 02:38:31,914 | INFO     | ──────────────────────────────────────────────────────────────────────
2026-05-27 02:38:31,914 | INFO     | 📌 ЭТАП: Генерация 50 уникальных CF-VLESS
2026-05-27 02:38:31,914 | INFO     | ──────────────────────────────────────────────────────────────────────
2026-05-27 02:38:31,914 | INFO     | 🚀 Запуск generate_cf_vless.py (50 новых CF-VLESS)...
2026-05-27 02:38:32,932 | INFO     |   → ======================================================================
2026-05-27 02:38:32,932 | INFO     |   → 🗺️  Генератор свежих VLESS-конфигов на IP Cloudflare
2026-05-27 02:38:32,933 | INFO     |   → ======================================================================
2026-05-27 02:38:32,933 | INFO     |   →   → Загружаем актуальные IP-диапазоны Cloudflare: https://www.cloudflare.com/ips-v4
2026-05-27 02:38:32,933 | INFO     |   →   → Найдено 15 IPv4 CIDR-блоков. Преобразуем их в IP-адреса...
2026-05-27 02:38:32,933 | INFO     |   → ✅ Успешно загружено и подготовлено 7500 IP-адресов для ротации.
2026-05-27 02:38:32,933 | INFO     |   → ✨ Сгенерировано и сохранено 50 VLESS-конфигов.
2026-05-27 02:38:32,933 | INFO     |   → 📂 Файл: /home/runner/work/vpn-vless-configs-russia/vpn-vless-configs-russia/githubmirror/new/cf_fresh.txt
2026-05-27 02:38:32,933 | INFO     |   → ======================================================================
2026-05-27 02:38:32,933 | INFO     | ✅ generate_cf_vless.py завершён успешно
2026-05-27 02:38:32,933 | INFO     | 
2026-05-27 02:38:32,933 | INFO     | 
2026-05-27 02:38:32,933 | INFO     | ──────────────────────────────────────────────────────────────────────
2026-05-27 02:38:32,933 | INFO     | 📌 ЭТАП: Слияние CF с основным списком
2026-05-27 02:38:32,933 | INFO     | ──────────────────────────────────────────────────────────────────────
2026-05-27 02:38:32,934 | INFO     | 🔄 Добавлено 50 новых CF-VLESS в /home/runner/work/vpn-vless-configs-russia/vpn-vless-configs-russia/githubmirror/clean/vless.txt
2026-05-27 02:38:32,934 | INFO     | 📊 Всего в clean/vless.txt теперь: 62
2026-05-27 02:38:32,934 | INFO     | 
2026-05-27 02:38:32,934 | INFO     | 
2026-05-27 02:38:32,934 | INFO     | ──────────────────────────────────────────────────────────────────────
2026-05-27 02:38:32,935 | INFO     | 📌 ЭТАП: Фильтрация по реальному SNI
2026-05-27 02:38:32,935 | INFO     | ──────────────────────────────────────────────────────────────────────
2026-05-27 02:38:32,935 | INFO     | 🚀 Запуск filter_ru_sni.py (Фильтр по реальному SNI (CDN+RU))...
2026-05-27 02:38:32,964 | INFO     |   → ss.txt: 2 → 0 (SNI-filtered)
2026-05-27 02:38:32,965 | INFO     |   →   trojan.txt: 1 → 0 (SNI-filtered)
2026-05-27 02:38:32,965 | INFO     |   →   vless.txt: 62 → 3 (SNI-filtered)
2026-05-27 02:38:32,965 | INFO     |   →   vmess.txt: 5 → 0 (SNI-filtered)
2026-05-27 02:38:32,965 | INFO     |   → ==================================================
2026-05-27 02:38:32,965 | INFO     |   →   Всего входных:  70
2026-05-27 02:38:32,965 | INFO     |   →   Прошли фильтр:  3
2026-05-27 02:38:32,965 | INFO     |   →   Отброшено:      67
2026-05-27 02:38:32,965 | INFO     |   → ==================================================
2026-05-27 02:38:32,965 | INFO     |   → Готово → /home/runner/work/vpn-vless-configs-russia/vpn-vless-configs-russia/githubmirror/ru-sni
2026-05-27 02:38:32,965 | INFO     | ✅ filter_ru_sni.py завершён успешно
2026-05-27 02:38:32,965 | INFO     | 
2026-05-27 02:38:32,965 | INFO     | 
2026-05-27 02:38:32,965 | INFO     | ──────────────────────────────────────────────────────────────────────
2026-05-27 02:38:32,965 | INFO     | 📌 ЭТАП: Экспериментальный RU-SNI фильтр
2026-05-27 02:38:32,965 | INFO     | ──────────────────────────────────────────────────────────────────────
2026-05-27 02:38:32,965 | INFO     | 🚀 Запуск filter_ru_sni_local.py (Экспериментальный фильтр по RU-SNI (локальные домены))...
2026-05-27 02:38:32,994 | INFO     |   → ss.txt: 2 → 0 (RU-SNI)
2026-05-27 02:38:32,994 | INFO     |   → trojan.txt: 1 → 0 (RU-SNI)
2026-05-27 02:38:32,994 | INFO     |   → vless.txt: 62 → 1 (RU-SNI)
2026-05-27 02:38:32,994 | INFO     |   → vmess.txt: 5 → 0 (RU-SNI)
2026-05-27 02:38:32,994 | INFO     |   → ==================================================
2026-05-27 02:38:32,994 | INFO     |   → Всего входных:  70
2026-05-27 02:38:32,994 | INFO     |   → Прошли RU-SNI:  1
2026-05-27 02:38:32,994 | INFO     |   → Отброшено:      69
2026-05-27 02:38:32,994 | INFO     |   → ==================================================
2026-05-27 02:38:32,994 | INFO     |   → Готово → /home/runner/work/vpn-vless-configs-russia/vpn-vless-configs-russia/githubmirror/ru-sni-local
2026-05-27 02:38:32,994 | INFO     | ✅ filter_ru_sni_local.py завершён успешно
2026-05-27 02:38:32,994 | INFO     | 
2026-05-27 02:38:32,994 | INFO     | 
2026-05-27 02:38:32,994 | INFO     | ──────────────────────────────────────────────────────────────────────
2026-05-27 02:38:32,994 | INFO     | 📌 ЭТАП: Сбор статистики
2026-05-27 02:38:32,994 | INFO     | ──────────────────────────────────────────────────────────────────────
2026-05-27 02:38:32,994 | INFO     | 📊 Сбор статистики...
2026-05-27 02:38:32,995 | INFO     |   📁 githubmirror/clean:
2026-05-27 02:38:32,995 | INFO     |     • ss          :     2 конфигов
2026-05-27 02:38:32,995 | INFO     |     • trojan      :     1 конфигов
2026-05-27 02:38:32,995 | INFO     |     • vless       :    62 конфигов
2026-05-27 02:38:32,995 | INFO     |     • vmess       :     5 конфигов
2026-05-27 02:38:32,995 | INFO     |   📁 githubmirror/ru-sni:
2026-05-27 02:38:32,995 | INFO     |     • ss          :     0 конфигов (  0.0% от clean)
2026-05-27 02:38:32,995 | INFO     |     • trojan      :     0 конфигов (  0.0% от clean)
2026-05-27 02:38:32,995 | INFO     |     • vless       :     3 конфигов (  4.8% от clean)
2026-05-27 02:38:32,996 | INFO     |     • vmess       :     0 конфигов (  0.0% от clean)
2026-05-27 02:38:32,996 | INFO     |   ✨ Новых CF-VLESS в этом запуске: 50
2026-05-27 02:38:32,996 | INFO     | 
2026-05-27 02:38:32,996 | INFO     |   ──────────────────────────────────────────────────
2026-05-27 02:38:32,996 | INFO     |   📈 ИТОГО:
2026-05-27 02:38:32,996 | INFO     |     Clean (после geo-фильтра):       70
2026-05-27 02:38:32,996 | INFO     |     RU-SNI (после SNI-фильтра):       3
2026-05-27 02:38:32,996 | INFO     |     Прошло фильтр:                  4.3%
2026-05-27 02:38:32,996 | INFO     |   ──────────────────────────────────────────────────
2026-05-27 02:38:32,996 | INFO     | ✅ Статистика сохранена: /home/runner/work/vpn-vless-configs-russia/vpn-vless-configs-russia/stats.json
2026-05-27 02:38:32,996 | INFO     | 
2026-05-27 02:38:32,996 | INFO     | ======================================================================
2026-05-27 02:38:32,996 | INFO     | 📊 ИТОГОВЫЙ ОТЧЁТ
2026-05-27 02:38:32,996 | INFO     | ======================================================================
2026-05-27 02:38:32,996 | INFO     |   ✅ OK         | Загрузка и geo-фильтрация
2026-05-27 02:38:32,996 | INFO     |   ✅ OK         | Генерация 50 уникальных CF-VLESS
2026-05-27 02:38:32,996 | INFO     |   ✅ OK         | Слияние CF с основным списком
2026-05-27 02:38:32,996 | INFO     |   ✅ OK         | Фильтрация по реальному SNI
2026-05-27 02:38:32,996 | INFO     |   ✅ OK         | Экспериментальный RU-SNI фильтр
2026-05-27 02:38:32,996 | INFO     |   ✅ OK         | Сбор статистики
2026-05-27 02:38:32,996 | INFO     | ──────────────────────────────────────────────────────────────────────
2026-05-27 02:38:32,996 | INFO     | ✅ ВСЕ ЭТАПЫ УСПЕШНЫ (6/6)
2026-05-27 02:38:32,996 | INFO     | ⏰ Время завершения: 2026-05-27 02:38:32
2026-05-27 02:38:32,996 | INFO     | ======================================================================
