2026-05-19 09:02:29,969 | INFO     | ======================================================================
2026-05-19 09:02:29,969 | INFO     | 🔍 VPN KEY CHECKER - Начало проверки
2026-05-19 09:02:29,969 | INFO     | ⏰ Время старта: 2026-05-19 09:02:29
2026-05-19 09:02:29,969 | INFO     | 📂 Рабочая директория: /home/runner/work/vpn-vless-configs-russia/vpn-vless-configs-russia
2026-05-19 09:02:29,969 | INFO     | ======================================================================
2026-05-19 09:02:29,969 | INFO     | 
2026-05-19 09:02:29,969 | INFO     | 🔍 Проверка наличия скриптов...
2026-05-19 09:02:29,970 | INFO     |   ✅ mirror.py
2026-05-19 09:02:29,970 | INFO     |   ✅ generate_cf_vless.py
2026-05-19 09:02:29,970 | INFO     |   ✅ filter_ru_sni.py
2026-05-19 09:02:29,970 | INFO     |   ✅ filter_ru_sni_local.py
2026-05-19 09:02:29,970 | INFO     | 
2026-05-19 09:02:29,970 | INFO     | 
2026-05-19 09:02:29,970 | INFO     | ──────────────────────────────────────────────────────────────────────
2026-05-19 09:02:29,970 | INFO     | 📌 ЭТАП: Загрузка и geo-фильтрация
2026-05-19 09:02:29,970 | INFO     | ──────────────────────────────────────────────────────────────────────
2026-05-19 09:02:29,970 | INFO     | 🚀 Запуск mirror.py (Загрузка и фильтрация по РФ/СНГ/Европа)...
2026-05-19 09:02:33,762 | INFO     |   → 🚀 Старт: всего источников (старые + новые): 10
2026-05-19 09:02:33,763 | INFO     |   → 1/10: ✅ 0 взято | 🗑️ 0 мусор
2026-05-19 09:02:33,763 | INFO     |   → 2/10: ✅ 0 взято | 🗑️ 0 мусор
2026-05-19 09:02:33,763 | INFO     |   → 3/10: ✅ 13 взято | 🗑️ 193 мусор
2026-05-19 09:02:33,763 | INFO     |   → 4/10: ✅ 0 взято | 🗑️ 0 мусор
2026-05-19 09:02:33,763 | INFO     |   → 5/10: ✅ 3 взято | 🗑️ 161 мусор
2026-05-19 09:02:33,763 | INFO     |   → 6/10: ✅ 0 взято | 🗑️ 0 мусор
2026-05-19 09:02:33,763 | INFO     |   → 7/10: ✅ 6 взято | 🗑️ 17 мусор
2026-05-19 09:02:33,763 | INFO     |   → 8/10: ✅ 0 взято | 🗑️ 17 мусор
2026-05-19 09:02:33,763 | INFO     |   → 9/10: ✅ 8 взято | 🗑️ 16 мусор
2026-05-19 09:02:33,763 | INFO     |   → 10/10: ✅ 0 взято | 🗑️ 0 мусор
2026-05-19 09:02:33,763 | INFO     |   → ✅ ГОТОВО!
2026-05-19 09:02:33,763 | INFO     |   →    📥 Всего ключей после фильтра: 30
2026-05-19 09:02:33,763 | INFO     |   →    🔗 Уникальных IP:PORT:SCHEME: 29
2026-05-19 09:02:33,763 | INFO     |   →    🗑️ Выброшено мусора: 404
2026-05-19 09:02:33,763 | INFO     |   → 📊 По протоколам:
2026-05-19 09:02:33,764 | INFO     |   →    vless: 16
2026-05-19 09:02:33,764 | INFO     |   →    vmess: 9
2026-05-19 09:02:33,764 | INFO     |   →    ss: 2
2026-05-19 09:02:33,764 | INFO     |   →    hysteria2: 2
2026-05-19 09:02:33,764 | INFO     | ✅ mirror.py завершён успешно
2026-05-19 09:02:33,764 | INFO     | 
2026-05-19 09:02:33,764 | INFO     | 
2026-05-19 09:02:33,764 | INFO     | ──────────────────────────────────────────────────────────────────────
2026-05-19 09:02:33,764 | INFO     | 📌 ЭТАП: Генерация 50 уникальных CF-VLESS
2026-05-19 09:02:33,764 | INFO     | ──────────────────────────────────────────────────────────────────────
2026-05-19 09:02:33,764 | INFO     | 🚀 Запуск generate_cf_vless.py (50 новых CF-VLESS)...
2026-05-19 09:02:34,811 | INFO     |   → ======================================================================
2026-05-19 09:02:34,811 | INFO     |   → 🗺️  Генератор свежих VLESS-конфигов на IP Cloudflare
2026-05-19 09:02:34,811 | INFO     |   → ======================================================================
2026-05-19 09:02:34,811 | INFO     |   →   → Загружаем актуальные IP-диапазоны Cloudflare: https://www.cloudflare.com/ips-v4
2026-05-19 09:02:34,811 | INFO     |   →   → Найдено 15 IPv4 CIDR-блоков. Преобразуем их в IP-адреса...
2026-05-19 09:02:34,811 | INFO     |   → ✅ Успешно загружено и подготовлено 7500 IP-адресов для ротации.
2026-05-19 09:02:34,811 | INFO     |   → ✨ Сгенерировано и сохранено 50 VLESS-конфигов.
2026-05-19 09:02:34,811 | INFO     |   → 📂 Файл: /home/runner/work/vpn-vless-configs-russia/vpn-vless-configs-russia/githubmirror/new/cf_fresh.txt
2026-05-19 09:02:34,811 | INFO     |   → ======================================================================
2026-05-19 09:02:34,811 | INFO     | ✅ generate_cf_vless.py завершён успешно
2026-05-19 09:02:34,811 | INFO     | 
2026-05-19 09:02:34,811 | INFO     | 
2026-05-19 09:02:34,811 | INFO     | ──────────────────────────────────────────────────────────────────────
2026-05-19 09:02:34,811 | INFO     | 📌 ЭТАП: Слияние CF с основным списком
2026-05-19 09:02:34,811 | INFO     | ──────────────────────────────────────────────────────────────────────
2026-05-19 09:02:34,814 | INFO     | 🔄 Добавлено 50 новых CF-VLESS в /home/runner/work/vpn-vless-configs-russia/vpn-vless-configs-russia/githubmirror/clean/vless.txt
2026-05-19 09:02:34,814 | INFO     | 📊 Всего в clean/vless.txt теперь: 66
2026-05-19 09:02:34,814 | INFO     | 
2026-05-19 09:02:34,814 | INFO     | 
2026-05-19 09:02:34,814 | INFO     | ──────────────────────────────────────────────────────────────────────
2026-05-19 09:02:34,814 | INFO     | 📌 ЭТАП: Фильтрация по реальному SNI
2026-05-19 09:02:34,814 | INFO     | ──────────────────────────────────────────────────────────────────────
2026-05-19 09:02:34,814 | INFO     | 🚀 Запуск filter_ru_sni.py (Фильтр по реальному SNI (CDN+RU))...
2026-05-19 09:02:34,843 | INFO     |   → hysteria2.txt: 2 → 1 (SNI-filtered)
2026-05-19 09:02:34,843 | INFO     |   →   ss.txt: 2 → 0 (SNI-filtered)
2026-05-19 09:02:34,843 | INFO     |   →   vless.txt: 66 → 5 (SNI-filtered)
2026-05-19 09:02:34,843 | INFO     |   →   vmess.txt: 9 → 0 (SNI-filtered)
2026-05-19 09:02:34,843 | INFO     |   → ==================================================
2026-05-19 09:02:34,843 | INFO     |   →   Всего входных:  79
2026-05-19 09:02:34,843 | INFO     |   →   Прошли фильтр:  6
2026-05-19 09:02:34,843 | INFO     |   →   Отброшено:      73
2026-05-19 09:02:34,844 | INFO     |   → ==================================================
2026-05-19 09:02:34,844 | INFO     |   → Готово → /home/runner/work/vpn-vless-configs-russia/vpn-vless-configs-russia/githubmirror/ru-sni
2026-05-19 09:02:34,844 | INFO     | ✅ filter_ru_sni.py завершён успешно
2026-05-19 09:02:34,844 | INFO     | 
2026-05-19 09:02:34,844 | INFO     | 
2026-05-19 09:02:34,844 | INFO     | ──────────────────────────────────────────────────────────────────────
2026-05-19 09:02:34,844 | INFO     | 📌 ЭТАП: Экспериментальный RU-SNI фильтр
2026-05-19 09:02:34,844 | INFO     | ──────────────────────────────────────────────────────────────────────
2026-05-19 09:02:34,844 | INFO     | 🚀 Запуск filter_ru_sni_local.py (Экспериментальный фильтр по RU-SNI (локальные домены))...
2026-05-19 09:02:34,871 | INFO     |   → hysteria2.txt: 2 → 0 (RU-SNI)
2026-05-19 09:02:34,872 | INFO     |   → ss.txt: 2 → 0 (RU-SNI)
2026-05-19 09:02:34,872 | INFO     |   → vless.txt: 66 → 4 (RU-SNI)
2026-05-19 09:02:34,872 | INFO     |   → vmess.txt: 9 → 0 (RU-SNI)
2026-05-19 09:02:34,872 | INFO     |   → ==================================================
2026-05-19 09:02:34,872 | INFO     |   → Всего входных:  79
2026-05-19 09:02:34,872 | INFO     |   → Прошли RU-SNI:  4
2026-05-19 09:02:34,872 | INFO     |   → Отброшено:      75
2026-05-19 09:02:34,872 | INFO     |   → ==================================================
2026-05-19 09:02:34,872 | INFO     |   → Готово → /home/runner/work/vpn-vless-configs-russia/vpn-vless-configs-russia/githubmirror/ru-sni-local
2026-05-19 09:02:34,872 | INFO     | ✅ filter_ru_sni_local.py завершён успешно
2026-05-19 09:02:34,872 | INFO     | 
2026-05-19 09:02:34,872 | INFO     | 
2026-05-19 09:02:34,872 | INFO     | ──────────────────────────────────────────────────────────────────────
2026-05-19 09:02:34,872 | INFO     | 📌 ЭТАП: Сбор статистики
2026-05-19 09:02:34,872 | INFO     | ──────────────────────────────────────────────────────────────────────
2026-05-19 09:02:34,872 | INFO     | 📊 Сбор статистики...
2026-05-19 09:02:34,872 | INFO     |   📁 githubmirror/clean:
2026-05-19 09:02:34,873 | INFO     |     • hysteria2   :     2 конфигов
2026-05-19 09:02:34,873 | INFO     |     • ss          :     2 конфигов
2026-05-19 09:02:34,873 | INFO     |     • vless       :    66 конфигов
2026-05-19 09:02:34,873 | INFO     |     • vmess       :     9 конфигов
2026-05-19 09:02:34,873 | INFO     |   📁 githubmirror/ru-sni:
2026-05-19 09:02:34,873 | INFO     |     • hysteria2   :     1 конфигов ( 50.0% от clean)
2026-05-19 09:02:34,874 | INFO     |     • ss          :     0 конфигов (  0.0% от clean)
2026-05-19 09:02:34,874 | INFO     |     • vless       :     5 конфигов (  7.6% от clean)
2026-05-19 09:02:34,874 | INFO     |     • vmess       :     0 конфигов (  0.0% от clean)
2026-05-19 09:02:34,874 | INFO     |   ✨ Новых CF-VLESS в этом запуске: 50
2026-05-19 09:02:34,874 | INFO     | 
2026-05-19 09:02:34,874 | INFO     |   ──────────────────────────────────────────────────
2026-05-19 09:02:34,874 | INFO     |   📈 ИТОГО:
2026-05-19 09:02:34,874 | INFO     |     Clean (после geo-фильтра):       79
2026-05-19 09:02:34,874 | INFO     |     RU-SNI (после SNI-фильтра):       6
2026-05-19 09:02:34,874 | INFO     |     Прошло фильтр:                  7.6%
2026-05-19 09:02:34,874 | INFO     |   ──────────────────────────────────────────────────
2026-05-19 09:02:34,874 | INFO     | ✅ Статистика сохранена: /home/runner/work/vpn-vless-configs-russia/vpn-vless-configs-russia/stats.json
2026-05-19 09:02:34,875 | INFO     | 
2026-05-19 09:02:34,875 | INFO     | ======================================================================
2026-05-19 09:02:34,875 | INFO     | 📊 ИТОГОВЫЙ ОТЧЁТ
2026-05-19 09:02:34,875 | INFO     | ======================================================================
2026-05-19 09:02:34,875 | INFO     |   ✅ OK         | Загрузка и geo-фильтрация
2026-05-19 09:02:34,875 | INFO     |   ✅ OK         | Генерация 50 уникальных CF-VLESS
2026-05-19 09:02:34,875 | INFO     |   ✅ OK         | Слияние CF с основным списком
2026-05-19 09:02:34,875 | INFO     |   ✅ OK         | Фильтрация по реальному SNI
2026-05-19 09:02:34,875 | INFO     |   ✅ OK         | Экспериментальный RU-SNI фильтр
2026-05-19 09:02:34,875 | INFO     |   ✅ OK         | Сбор статистики
2026-05-19 09:02:34,875 | INFO     | ──────────────────────────────────────────────────────────────────────
2026-05-19 09:02:34,875 | INFO     | ✅ ВСЕ ЭТАПЫ УСПЕШНЫ (6/6)
2026-05-19 09:02:34,875 | INFO     | ⏰ Время завершения: 2026-05-19 09:02:34
2026-05-19 09:02:34,875 | INFO     | ======================================================================
