2026-05-22 08:52:39,957 | INFO     | ======================================================================
2026-05-22 08:52:39,957 | INFO     | 🔍 VPN KEY CHECKER - Начало проверки
2026-05-22 08:52:39,957 | INFO     | ⏰ Время старта: 2026-05-22 08:52:39
2026-05-22 08:52:39,957 | INFO     | 📂 Рабочая директория: /home/runner/work/vpn-vless-configs-russia/vpn-vless-configs-russia
2026-05-22 08:52:39,957 | INFO     | ======================================================================
2026-05-22 08:52:39,957 | INFO     | 
2026-05-22 08:52:39,957 | INFO     | 🔍 Проверка наличия скриптов...
2026-05-22 08:52:39,957 | INFO     |   ✅ mirror.py
2026-05-22 08:52:39,957 | INFO     |   ✅ generate_cf_vless.py
2026-05-22 08:52:39,958 | INFO     |   ✅ filter_ru_sni.py
2026-05-22 08:52:39,958 | INFO     |   ✅ filter_ru_sni_local.py
2026-05-22 08:52:39,958 | INFO     | 
2026-05-22 08:52:39,958 | INFO     | 
2026-05-22 08:52:39,958 | INFO     | ──────────────────────────────────────────────────────────────────────
2026-05-22 08:52:39,958 | INFO     | 📌 ЭТАП: Загрузка и geo-фильтрация
2026-05-22 08:52:39,958 | INFO     | ──────────────────────────────────────────────────────────────────────
2026-05-22 08:52:39,958 | INFO     | 🚀 Запуск mirror.py (Загрузка и фильтрация по РФ/СНГ/Европа)...
2026-05-22 08:52:44,085 | INFO     |   → 🚀 Старт: всего источников (старые + новые): 12
2026-05-22 08:52:44,085 | INFO     |   → 1/12: ✅ 0 взято | 🗑️ 0 мусор
2026-05-22 08:52:44,085 | INFO     |   → 2/12: ✅ 0 взято | 🗑️ 0 мусор
2026-05-22 08:52:44,085 | INFO     |   → 3/12: ✅ 0 взято | 🗑️ 0 мусор
2026-05-22 08:52:44,085 | INFO     |   → 4/12: ✅ 12 взято | 🗑️ 226 мусор
2026-05-22 08:52:44,085 | INFO     |   → 5/12: ✅ 3 взято | 🗑️ 206 мусор
2026-05-22 08:52:44,085 | INFO     |   → 6/12: ✅ 0 взято | 🗑️ 0 мусор
2026-05-22 08:52:44,085 | INFO     |   → 7/12: ✅ 6 взято | 🗑️ 24 мусор
2026-05-22 08:52:44,086 | INFO     |   → 8/12: ✅ 0 взято | 🗑️ 24 мусор
2026-05-22 08:52:44,086 | INFO     |   → 9/12: ✅ 0 взято | 🗑️ 0 мусор
2026-05-22 08:52:44,086 | INFO     |   → 10/12: ✅ 7 взято | 🗑️ 340 мусор
2026-05-22 08:52:44,086 | INFO     |   → 11/12: ✅ 3 взято | 🗑️ 27 мусор
2026-05-22 08:52:44,086 | INFO     |   → 12/12: ✅ 0 взято | 🗑️ 0 мусор
2026-05-22 08:52:44,086 | INFO     |   → ✅ ГОТОВО!
2026-05-22 08:52:44,086 | INFO     |   →    📥 Всего ключей после фильтра: 31
2026-05-22 08:52:44,086 | INFO     |   →    🔗 Уникальных IP:PORT:SCHEME: 25
2026-05-22 08:52:44,086 | INFO     |   →    🗑️ Выброшено мусора: 847
2026-05-22 08:52:44,086 | INFO     |   → 📊 По протоколам:
2026-05-22 08:52:44,086 | INFO     |   →    vless: 12
2026-05-22 08:52:44,086 | INFO     |   →    vmess: 10
2026-05-22 08:52:44,086 | INFO     |   →    ss: 2
2026-05-22 08:52:44,086 | INFO     |   →    hysteria2: 1
2026-05-22 08:52:44,086 | INFO     | ✅ mirror.py завершён успешно
2026-05-22 08:52:44,086 | INFO     | 
2026-05-22 08:52:44,086 | INFO     | 
2026-05-22 08:52:44,086 | INFO     | ──────────────────────────────────────────────────────────────────────
2026-05-22 08:52:44,086 | INFO     | 📌 ЭТАП: Генерация 50 уникальных CF-VLESS
2026-05-22 08:52:44,087 | INFO     | ──────────────────────────────────────────────────────────────────────
2026-05-22 08:52:44,087 | INFO     | 🚀 Запуск generate_cf_vless.py (50 новых CF-VLESS)...
2026-05-22 08:52:45,077 | INFO     |   → ======================================================================
2026-05-22 08:52:45,077 | INFO     |   → 🗺️  Генератор свежих VLESS-конфигов на IP Cloudflare
2026-05-22 08:52:45,077 | INFO     |   → ======================================================================
2026-05-22 08:52:45,077 | INFO     |   →   → Загружаем актуальные IP-диапазоны Cloudflare: https://www.cloudflare.com/ips-v4
2026-05-22 08:52:45,077 | INFO     |   →   → Найдено 15 IPv4 CIDR-блоков. Преобразуем их в IP-адреса...
2026-05-22 08:52:45,077 | INFO     |   → ✅ Успешно загружено и подготовлено 7500 IP-адресов для ротации.
2026-05-22 08:52:45,077 | INFO     |   → ✨ Сгенерировано и сохранено 50 VLESS-конфигов.
2026-05-22 08:52:45,077 | INFO     |   → 📂 Файл: /home/runner/work/vpn-vless-configs-russia/vpn-vless-configs-russia/githubmirror/new/cf_fresh.txt
2026-05-22 08:52:45,077 | INFO     |   → ======================================================================
2026-05-22 08:52:45,077 | INFO     | ✅ generate_cf_vless.py завершён успешно
2026-05-22 08:52:45,077 | INFO     | 
2026-05-22 08:52:45,077 | INFO     | 
2026-05-22 08:52:45,077 | INFO     | ──────────────────────────────────────────────────────────────────────
2026-05-22 08:52:45,077 | INFO     | 📌 ЭТАП: Слияние CF с основным списком
2026-05-22 08:52:45,077 | INFO     | ──────────────────────────────────────────────────────────────────────
2026-05-22 08:52:45,079 | INFO     | 🔄 Добавлено 50 новых CF-VLESS в /home/runner/work/vpn-vless-configs-russia/vpn-vless-configs-russia/githubmirror/clean/vless.txt
2026-05-22 08:52:45,079 | INFO     | 📊 Всего в clean/vless.txt теперь: 62
2026-05-22 08:52:45,080 | INFO     | 
2026-05-22 08:52:45,080 | INFO     | 
2026-05-22 08:52:45,080 | INFO     | ──────────────────────────────────────────────────────────────────────
2026-05-22 08:52:45,080 | INFO     | 📌 ЭТАП: Фильтрация по реальному SNI
2026-05-22 08:52:45,080 | INFO     | ──────────────────────────────────────────────────────────────────────
2026-05-22 08:52:45,080 | INFO     | 🚀 Запуск filter_ru_sni.py (Фильтр по реальному SNI (CDN+RU))...
2026-05-22 08:52:45,114 | INFO     |   → hysteria2.txt: 1 → 1 (SNI-filtered)
2026-05-22 08:52:45,114 | INFO     |   →   ss.txt: 2 → 0 (SNI-filtered)
2026-05-22 08:52:45,114 | INFO     |   →   vless.txt: 62 → 5 (SNI-filtered)
2026-05-22 08:52:45,114 | INFO     |   →   vmess.txt: 10 → 0 (SNI-filtered)
2026-05-22 08:52:45,114 | INFO     |   → ==================================================
2026-05-22 08:52:45,114 | INFO     |   →   Всего входных:  75
2026-05-22 08:52:45,114 | INFO     |   →   Прошли фильтр:  6
2026-05-22 08:52:45,114 | INFO     |   →   Отброшено:      69
2026-05-22 08:52:45,114 | INFO     |   → ==================================================
2026-05-22 08:52:45,114 | INFO     |   → Готово → /home/runner/work/vpn-vless-configs-russia/vpn-vless-configs-russia/githubmirror/ru-sni
2026-05-22 08:52:45,114 | INFO     | ✅ filter_ru_sni.py завершён успешно
2026-05-22 08:52:45,114 | INFO     | 
2026-05-22 08:52:45,115 | INFO     | 
2026-05-22 08:52:45,115 | INFO     | ──────────────────────────────────────────────────────────────────────
2026-05-22 08:52:45,115 | INFO     | 📌 ЭТАП: Экспериментальный RU-SNI фильтр
2026-05-22 08:52:45,115 | INFO     | ──────────────────────────────────────────────────────────────────────
2026-05-22 08:52:45,115 | INFO     | 🚀 Запуск filter_ru_sni_local.py (Экспериментальный фильтр по RU-SNI (локальные домены))...
2026-05-22 08:52:45,142 | INFO     |   → hysteria2.txt: 1 → 0 (RU-SNI)
2026-05-22 08:52:45,142 | INFO     |   → ss.txt: 2 → 0 (RU-SNI)
2026-05-22 08:52:45,142 | INFO     |   → vless.txt: 62 → 3 (RU-SNI)
2026-05-22 08:52:45,142 | INFO     |   → vmess.txt: 10 → 0 (RU-SNI)
2026-05-22 08:52:45,142 | INFO     |   → ==================================================
2026-05-22 08:52:45,142 | INFO     |   → Всего входных:  75
2026-05-22 08:52:45,142 | INFO     |   → Прошли RU-SNI:  3
2026-05-22 08:52:45,142 | INFO     |   → Отброшено:      72
2026-05-22 08:52:45,142 | INFO     |   → ==================================================
2026-05-22 08:52:45,142 | INFO     |   → Готово → /home/runner/work/vpn-vless-configs-russia/vpn-vless-configs-russia/githubmirror/ru-sni-local
2026-05-22 08:52:45,142 | INFO     | ✅ filter_ru_sni_local.py завершён успешно
2026-05-22 08:52:45,142 | INFO     | 
2026-05-22 08:52:45,143 | INFO     | 
2026-05-22 08:52:45,143 | INFO     | ──────────────────────────────────────────────────────────────────────
2026-05-22 08:52:45,143 | INFO     | 📌 ЭТАП: Сбор статистики
2026-05-22 08:52:45,143 | INFO     | ──────────────────────────────────────────────────────────────────────
2026-05-22 08:52:45,143 | INFO     | 📊 Сбор статистики...
2026-05-22 08:52:45,143 | INFO     |   📁 githubmirror/clean:
2026-05-22 08:52:45,143 | INFO     |     • hysteria2   :     1 конфигов
2026-05-22 08:52:45,143 | INFO     |     • ss          :     2 конфигов
2026-05-22 08:52:45,143 | INFO     |     • vless       :    62 конфигов
2026-05-22 08:52:45,144 | INFO     |     • vmess       :    10 конфигов
2026-05-22 08:52:45,144 | INFO     |   📁 githubmirror/ru-sni:
2026-05-22 08:52:45,144 | INFO     |     • hysteria2   :     1 конфигов (100.0% от clean)
2026-05-22 08:52:45,144 | INFO     |     • ss          :     0 конфигов (  0.0% от clean)
2026-05-22 08:52:45,144 | INFO     |     • vless       :     5 конфигов (  8.1% от clean)
2026-05-22 08:52:45,144 | INFO     |     • vmess       :     0 конфигов (  0.0% от clean)
2026-05-22 08:52:45,144 | INFO     |   ✨ Новых CF-VLESS в этом запуске: 50
2026-05-22 08:52:45,144 | INFO     | 
2026-05-22 08:52:45,144 | INFO     |   ──────────────────────────────────────────────────
2026-05-22 08:52:45,144 | INFO     |   📈 ИТОГО:
2026-05-22 08:52:45,145 | INFO     |     Clean (после geo-фильтра):       75
2026-05-22 08:52:45,145 | INFO     |     RU-SNI (после SNI-фильтра):       6
2026-05-22 08:52:45,145 | INFO     |     Прошло фильтр:                  8.0%
2026-05-22 08:52:45,145 | INFO     |   ──────────────────────────────────────────────────
2026-05-22 08:52:45,145 | INFO     | ✅ Статистика сохранена: /home/runner/work/vpn-vless-configs-russia/vpn-vless-configs-russia/stats.json
2026-05-22 08:52:45,145 | INFO     | 
2026-05-22 08:52:45,145 | INFO     | ======================================================================
2026-05-22 08:52:45,145 | INFO     | 📊 ИТОГОВЫЙ ОТЧЁТ
2026-05-22 08:52:45,145 | INFO     | ======================================================================
2026-05-22 08:52:45,145 | INFO     |   ✅ OK         | Загрузка и geo-фильтрация
2026-05-22 08:52:45,145 | INFO     |   ✅ OK         | Генерация 50 уникальных CF-VLESS
2026-05-22 08:52:45,145 | INFO     |   ✅ OK         | Слияние CF с основным списком
2026-05-22 08:52:45,145 | INFO     |   ✅ OK         | Фильтрация по реальному SNI
2026-05-22 08:52:45,145 | INFO     |   ✅ OK         | Экспериментальный RU-SNI фильтр
2026-05-22 08:52:45,145 | INFO     |   ✅ OK         | Сбор статистики
2026-05-22 08:52:45,146 | INFO     | ──────────────────────────────────────────────────────────────────────
2026-05-22 08:52:45,146 | INFO     | ✅ ВСЕ ЭТАПЫ УСПЕШНЫ (6/6)
2026-05-22 08:52:45,146 | INFO     | ⏰ Время завершения: 2026-05-22 08:52:45
2026-05-22 08:52:45,146 | INFO     | ======================================================================
