2026-05-20 08:56:51,645 | INFO     | ======================================================================
2026-05-20 08:56:51,646 | INFO     | 🔍 VPN KEY CHECKER - Начало проверки
2026-05-20 08:56:51,646 | INFO     | ⏰ Время старта: 2026-05-20 08:56:51
2026-05-20 08:56:51,646 | INFO     | 📂 Рабочая директория: /home/runner/work/vpn-vless-configs-russia/vpn-vless-configs-russia
2026-05-20 08:56:51,646 | INFO     | ======================================================================
2026-05-20 08:56:51,646 | INFO     | 
2026-05-20 08:56:51,646 | INFO     | 🔍 Проверка наличия скриптов...
2026-05-20 08:56:51,646 | INFO     |   ✅ mirror.py
2026-05-20 08:56:51,646 | INFO     |   ✅ generate_cf_vless.py
2026-05-20 08:56:51,646 | INFO     |   ✅ filter_ru_sni.py
2026-05-20 08:56:51,646 | INFO     |   ✅ filter_ru_sni_local.py
2026-05-20 08:56:51,646 | INFO     | 
2026-05-20 08:56:51,646 | INFO     | 
2026-05-20 08:56:51,646 | INFO     | ──────────────────────────────────────────────────────────────────────
2026-05-20 08:56:51,646 | INFO     | 📌 ЭТАП: Загрузка и geo-фильтрация
2026-05-20 08:56:51,646 | INFO     | ──────────────────────────────────────────────────────────────────────
2026-05-20 08:56:51,646 | INFO     | 🚀 Запуск mirror.py (Загрузка и фильтрация по РФ/СНГ/Европа)...
2026-05-20 08:56:55,553 | INFO     |   → 🚀 Старт: всего источников (старые + новые): 12
2026-05-20 08:56:55,554 | INFO     |   → 1/12: ✅ 0 взято | 🗑️ 0 мусор
2026-05-20 08:56:55,554 | INFO     |   → 2/12: ✅ 0 взято | 🗑️ 0 мусор
2026-05-20 08:56:55,554 | INFO     |   → 3/12: ✅ 0 взято | 🗑️ 0 мусор
2026-05-20 08:56:55,554 | INFO     |   → 4/12: ✅ 19 взято | 🗑️ 198 мусор
2026-05-20 08:56:55,554 | INFO     |   → 5/12: ✅ 3 взято | 🗑️ 171 мусор
2026-05-20 08:56:55,554 | INFO     |   → 6/12: ✅ 0 взято | 🗑️ 0 мусор
2026-05-20 08:56:55,554 | INFO     |   → 7/12: ✅ 6 взято | 🗑️ 17 мусор
2026-05-20 08:56:55,554 | INFO     |   → 8/12: ✅ 0 взято | 🗑️ 17 мусор
2026-05-20 08:56:55,554 | INFO     |   → 9/12: ✅ 0 взято | 🗑️ 0 мусор
2026-05-20 08:56:55,554 | INFO     |   → 10/12: ✅ 2 взято | 🗑️ 231 мусор
2026-05-20 08:56:55,554 | INFO     |   → 11/12: ✅ 5 взято | 🗑️ 17 мусор
2026-05-20 08:56:55,554 | INFO     |   → 12/12: ✅ 0 взято | 🗑️ 0 мусор
2026-05-20 08:56:55,554 | INFO     |   → ✅ ГОТОВО!
2026-05-20 08:56:55,554 | INFO     |   →    📥 Всего ключей после фильтра: 35
2026-05-20 08:56:55,554 | INFO     |   →    🔗 Уникальных IP:PORT:SCHEME: 29
2026-05-20 08:56:55,554 | INFO     |   →    🗑️ Выброшено мусора: 651
2026-05-20 08:56:55,554 | INFO     |   → 📊 По протоколам:
2026-05-20 08:56:55,554 | INFO     |   →    vless: 14
2026-05-20 08:56:55,554 | INFO     |   →    vmess: 12
2026-05-20 08:56:55,555 | INFO     |   →    ss: 1
2026-05-20 08:56:55,555 | INFO     |   →    hysteria2: 2
2026-05-20 08:56:55,555 | INFO     | ✅ mirror.py завершён успешно
2026-05-20 08:56:55,555 | INFO     | 
2026-05-20 08:56:55,555 | INFO     | 
2026-05-20 08:56:55,555 | INFO     | ──────────────────────────────────────────────────────────────────────
2026-05-20 08:56:55,555 | INFO     | 📌 ЭТАП: Генерация 50 уникальных CF-VLESS
2026-05-20 08:56:55,555 | INFO     | ──────────────────────────────────────────────────────────────────────
2026-05-20 08:56:55,555 | INFO     | 🚀 Запуск generate_cf_vless.py (50 новых CF-VLESS)...
2026-05-20 08:56:56,545 | INFO     |   → ======================================================================
2026-05-20 08:56:56,545 | INFO     |   → 🗺️  Генератор свежих VLESS-конфигов на IP Cloudflare
2026-05-20 08:56:56,545 | INFO     |   → ======================================================================
2026-05-20 08:56:56,545 | INFO     |   →   → Загружаем актуальные IP-диапазоны Cloudflare: https://www.cloudflare.com/ips-v4
2026-05-20 08:56:56,545 | INFO     |   →   → Найдено 15 IPv4 CIDR-блоков. Преобразуем их в IP-адреса...
2026-05-20 08:56:56,545 | INFO     |   → ✅ Успешно загружено и подготовлено 7500 IP-адресов для ротации.
2026-05-20 08:56:56,545 | INFO     |   → ✨ Сгенерировано и сохранено 50 VLESS-конфигов.
2026-05-20 08:56:56,545 | INFO     |   → 📂 Файл: /home/runner/work/vpn-vless-configs-russia/vpn-vless-configs-russia/githubmirror/new/cf_fresh.txt
2026-05-20 08:56:56,545 | INFO     |   → ======================================================================
2026-05-20 08:56:56,546 | INFO     | ✅ generate_cf_vless.py завершён успешно
2026-05-20 08:56:56,546 | INFO     | 
2026-05-20 08:56:56,546 | INFO     | 
2026-05-20 08:56:56,546 | INFO     | ──────────────────────────────────────────────────────────────────────
2026-05-20 08:56:56,546 | INFO     | 📌 ЭТАП: Слияние CF с основным списком
2026-05-20 08:56:56,546 | INFO     | ──────────────────────────────────────────────────────────────────────
2026-05-20 08:56:56,548 | INFO     | 🔄 Добавлено 49 новых CF-VLESS в /home/runner/work/vpn-vless-configs-russia/vpn-vless-configs-russia/githubmirror/clean/vless.txt
2026-05-20 08:56:56,548 | INFO     | 📊 Всего в clean/vless.txt теперь: 63
2026-05-20 08:56:56,548 | INFO     | 
2026-05-20 08:56:56,548 | INFO     | 
2026-05-20 08:56:56,548 | INFO     | ──────────────────────────────────────────────────────────────────────
2026-05-20 08:56:56,548 | INFO     | 📌 ЭТАП: Фильтрация по реальному SNI
2026-05-20 08:56:56,548 | INFO     | ──────────────────────────────────────────────────────────────────────
2026-05-20 08:56:56,548 | INFO     | 🚀 Запуск filter_ru_sni.py (Фильтр по реальному SNI (CDN+RU))...
2026-05-20 08:56:56,577 | INFO     |   → hysteria2.txt: 2 → 1 (SNI-filtered)
2026-05-20 08:56:56,577 | INFO     |   →   ss.txt: 1 → 0 (SNI-filtered)
2026-05-20 08:56:56,577 | INFO     |   →   vless.txt: 63 → 2 (SNI-filtered)
2026-05-20 08:56:56,577 | INFO     |   →   vmess.txt: 12 → 0 (SNI-filtered)
2026-05-20 08:56:56,578 | INFO     |   → ==================================================
2026-05-20 08:56:56,578 | INFO     |   →   Всего входных:  78
2026-05-20 08:56:56,578 | INFO     |   →   Прошли фильтр:  3
2026-05-20 08:56:56,578 | INFO     |   →   Отброшено:      75
2026-05-20 08:56:56,578 | INFO     |   → ==================================================
2026-05-20 08:56:56,578 | INFO     |   → Готово → /home/runner/work/vpn-vless-configs-russia/vpn-vless-configs-russia/githubmirror/ru-sni
2026-05-20 08:56:56,578 | INFO     | ✅ filter_ru_sni.py завершён успешно
2026-05-20 08:56:56,578 | INFO     | 
2026-05-20 08:56:56,578 | INFO     | 
2026-05-20 08:56:56,578 | INFO     | ──────────────────────────────────────────────────────────────────────
2026-05-20 08:56:56,578 | INFO     | 📌 ЭТАП: Экспериментальный RU-SNI фильтр
2026-05-20 08:56:56,578 | INFO     | ──────────────────────────────────────────────────────────────────────
2026-05-20 08:56:56,578 | INFO     | 🚀 Запуск filter_ru_sni_local.py (Экспериментальный фильтр по RU-SNI (локальные домены))...
2026-05-20 08:56:56,605 | INFO     |   → hysteria2.txt: 2 → 0 (RU-SNI)
2026-05-20 08:56:56,606 | INFO     |   → ss.txt: 1 → 0 (RU-SNI)
2026-05-20 08:56:56,606 | INFO     |   → vless.txt: 63 → 1 (RU-SNI)
2026-05-20 08:56:56,606 | INFO     |   → vmess.txt: 12 → 0 (RU-SNI)
2026-05-20 08:56:56,606 | INFO     |   → ==================================================
2026-05-20 08:56:56,606 | INFO     |   → Всего входных:  78
2026-05-20 08:56:56,606 | INFO     |   → Прошли RU-SNI:  1
2026-05-20 08:56:56,606 | INFO     |   → Отброшено:      77
2026-05-20 08:56:56,606 | INFO     |   → ==================================================
2026-05-20 08:56:56,606 | INFO     |   → Готово → /home/runner/work/vpn-vless-configs-russia/vpn-vless-configs-russia/githubmirror/ru-sni-local
2026-05-20 08:56:56,606 | INFO     | ✅ filter_ru_sni_local.py завершён успешно
2026-05-20 08:56:56,606 | INFO     | 
2026-05-20 08:56:56,606 | INFO     | 
2026-05-20 08:56:56,606 | INFO     | ──────────────────────────────────────────────────────────────────────
2026-05-20 08:56:56,606 | INFO     | 📌 ЭТАП: Сбор статистики
2026-05-20 08:56:56,606 | INFO     | ──────────────────────────────────────────────────────────────────────
2026-05-20 08:56:56,606 | INFO     | 📊 Сбор статистики...
2026-05-20 08:56:56,607 | INFO     |   📁 githubmirror/clean:
2026-05-20 08:56:56,607 | INFO     |     • hysteria2   :     2 конфигов
2026-05-20 08:56:56,607 | INFO     |     • ss          :     1 конфигов
2026-05-20 08:56:56,607 | INFO     |     • vless       :    63 конфигов
2026-05-20 08:56:56,607 | INFO     |     • vmess       :    12 конфигов
2026-05-20 08:56:56,607 | INFO     |   📁 githubmirror/ru-sni:
2026-05-20 08:56:56,608 | INFO     |     • hysteria2   :     1 конфигов ( 50.0% от clean)
2026-05-20 08:56:56,608 | INFO     |     • ss          :     0 конфигов (  0.0% от clean)
2026-05-20 08:56:56,608 | INFO     |     • vless       :     2 конфигов (  3.2% от clean)
2026-05-20 08:56:56,608 | INFO     |     • vmess       :     0 конфигов (  0.0% от clean)
2026-05-20 08:56:56,608 | INFO     |   ✨ Новых CF-VLESS в этом запуске: 50
2026-05-20 08:56:56,608 | INFO     | 
2026-05-20 08:56:56,608 | INFO     |   ──────────────────────────────────────────────────
2026-05-20 08:56:56,608 | INFO     |   📈 ИТОГО:
2026-05-20 08:56:56,608 | INFO     |     Clean (после geo-фильтра):       78
2026-05-20 08:56:56,608 | INFO     |     RU-SNI (после SNI-фильтра):       3
2026-05-20 08:56:56,608 | INFO     |     Прошло фильтр:                  3.9%
2026-05-20 08:56:56,608 | INFO     |   ──────────────────────────────────────────────────
2026-05-20 08:56:56,609 | INFO     | ✅ Статистика сохранена: /home/runner/work/vpn-vless-configs-russia/vpn-vless-configs-russia/stats.json
2026-05-20 08:56:56,609 | INFO     | 
2026-05-20 08:56:56,609 | INFO     | ======================================================================
2026-05-20 08:56:56,609 | INFO     | 📊 ИТОГОВЫЙ ОТЧЁТ
2026-05-20 08:56:56,609 | INFO     | ======================================================================
2026-05-20 08:56:56,609 | INFO     |   ✅ OK         | Загрузка и geo-фильтрация
2026-05-20 08:56:56,609 | INFO     |   ✅ OK         | Генерация 50 уникальных CF-VLESS
2026-05-20 08:56:56,609 | INFO     |   ✅ OK         | Слияние CF с основным списком
2026-05-20 08:56:56,609 | INFO     |   ✅ OK         | Фильтрация по реальному SNI
2026-05-20 08:56:56,609 | INFO     |   ✅ OK         | Экспериментальный RU-SNI фильтр
2026-05-20 08:56:56,609 | INFO     |   ✅ OK         | Сбор статистики
2026-05-20 08:56:56,609 | INFO     | ──────────────────────────────────────────────────────────────────────
2026-05-20 08:56:56,609 | INFO     | ✅ ВСЕ ЭТАПЫ УСПЕШНЫ (6/6)
2026-05-20 08:56:56,610 | INFO     | ⏰ Время завершения: 2026-05-20 08:56:56
2026-05-20 08:56:56,610 | INFO     | ======================================================================
