2026-05-27 20:03:49,635 | INFO     | ======================================================================
2026-05-27 20:03:49,635 | INFO     | 🔍 VPN KEY CHECKER - Начало проверки
2026-05-27 20:03:49,635 | INFO     | ⏰ Время старта: 2026-05-27 20:03:49
2026-05-27 20:03:49,635 | INFO     | 📂 Рабочая директория: /home/runner/work/vpn-vless-configs-russia/vpn-vless-configs-russia
2026-05-27 20:03:49,635 | INFO     | ======================================================================
2026-05-27 20:03:49,636 | INFO     | 
2026-05-27 20:03:49,636 | INFO     | 🔍 Проверка наличия скриптов...
2026-05-27 20:03:49,636 | INFO     |   ✅ mirror.py
2026-05-27 20:03:49,636 | INFO     |   ✅ generate_cf_vless.py
2026-05-27 20:03:49,636 | INFO     |   ✅ filter_ru_sni.py
2026-05-27 20:03:49,636 | INFO     |   ✅ filter_ru_sni_local.py
2026-05-27 20:03:49,636 | INFO     | 
2026-05-27 20:03:49,636 | INFO     | 
2026-05-27 20:03:49,636 | INFO     | ──────────────────────────────────────────────────────────────────────
2026-05-27 20:03:49,636 | INFO     | 📌 ЭТАП: Загрузка и geo-фильтрация
2026-05-27 20:03:49,636 | INFO     | ──────────────────────────────────────────────────────────────────────
2026-05-27 20:03:49,636 | INFO     | 🚀 Запуск mirror.py (Загрузка и фильтрация по РФ/СНГ/Европа)...
2026-05-27 20:03:53,066 | INFO     |   → 🚀 Старт: всего источников (старые + новые): 8
2026-05-27 20:03:53,066 | INFO     |   → 1/8: ✅ 0 взято | 🗑️ 0 мусор
2026-05-27 20:03:53,066 | INFO     |   → 2/8: ✅ 0 взято | 🗑️ 0 мусор
2026-05-27 20:03:53,066 | INFO     |   → 3/8: ✅ 0 взято | 🗑️ 116 мусор
2026-05-27 20:03:53,066 | INFO     |   → 4/8: ✅ 0 взято | 🗑️ 0 мусор
2026-05-27 20:03:53,066 | INFO     |   → 5/8: ✅ 6 взято | 🗑️ 24 мусор
2026-05-27 20:03:53,066 | INFO     |   → 6/8: ✅ 0 взято | 🗑️ 24 мусор
2026-05-27 20:03:53,066 | INFO     |   → 7/8: ✅ 6 взято | 🗑️ 18 мусор
2026-05-27 20:03:53,066 | INFO     |   → 8/8: ✅ 0 взято | 🗑️ 0 мусор
2026-05-27 20:03:53,066 | INFO     |   → ✅ ГОТОВО!
2026-05-27 20:03:53,066 | INFO     |   →    📥 Всего ключей после фильтра: 12
2026-05-27 20:03:53,066 | INFO     |   →    🔗 Уникальных IP:PORT:SCHEME: 12
2026-05-27 20:03:53,066 | INFO     |   →    🗑️ Выброшено мусора: 182
2026-05-27 20:03:53,066 | INFO     |   → 📊 По протоколам:
2026-05-27 20:03:53,066 | INFO     |   →    vless: 9
2026-05-27 20:03:53,066 | INFO     |   →    ss: 2
2026-05-27 20:03:53,066 | INFO     |   →    hysteria2: 1
2026-05-27 20:03:53,067 | INFO     | ✅ mirror.py завершён успешно
2026-05-27 20:03:53,067 | INFO     | 
2026-05-27 20:03:53,067 | INFO     | 
2026-05-27 20:03:53,067 | INFO     | ──────────────────────────────────────────────────────────────────────
2026-05-27 20:03:53,067 | INFO     | 📌 ЭТАП: Генерация 50 уникальных CF-VLESS
2026-05-27 20:03:53,067 | INFO     | ──────────────────────────────────────────────────────────────────────
2026-05-27 20:03:53,067 | INFO     | 🚀 Запуск generate_cf_vless.py (50 новых CF-VLESS)...
2026-05-27 20:03:54,048 | INFO     |   → ======================================================================
2026-05-27 20:03:54,048 | INFO     |   → 🗺️  Генератор свежих VLESS-конфигов на IP Cloudflare
2026-05-27 20:03:54,048 | INFO     |   → ======================================================================
2026-05-27 20:03:54,048 | INFO     |   →   → Загружаем актуальные IP-диапазоны Cloudflare: https://www.cloudflare.com/ips-v4
2026-05-27 20:03:54,048 | INFO     |   →   → Найдено 15 IPv4 CIDR-блоков. Преобразуем их в IP-адреса...
2026-05-27 20:03:54,048 | INFO     |   → ✅ Успешно загружено и подготовлено 7500 IP-адресов для ротации.
2026-05-27 20:03:54,048 | INFO     |   → ✨ Сгенерировано и сохранено 50 VLESS-конфигов.
2026-05-27 20:03:54,048 | INFO     |   → 📂 Файл: /home/runner/work/vpn-vless-configs-russia/vpn-vless-configs-russia/githubmirror/new/cf_fresh.txt
2026-05-27 20:03:54,048 | INFO     |   → ======================================================================
2026-05-27 20:03:54,048 | INFO     | ✅ generate_cf_vless.py завершён успешно
2026-05-27 20:03:54,048 | INFO     | 
2026-05-27 20:03:54,048 | INFO     | 
2026-05-27 20:03:54,048 | INFO     | ──────────────────────────────────────────────────────────────────────
2026-05-27 20:03:54,048 | INFO     | 📌 ЭТАП: Слияние CF с основным списком
2026-05-27 20:03:54,048 | INFO     | ──────────────────────────────────────────────────────────────────────
2026-05-27 20:03:54,050 | INFO     | 🔄 Добавлено 50 новых CF-VLESS в /home/runner/work/vpn-vless-configs-russia/vpn-vless-configs-russia/githubmirror/clean/vless.txt
2026-05-27 20:03:54,050 | INFO     | 📊 Всего в clean/vless.txt теперь: 59
2026-05-27 20:03:54,050 | INFO     | 
2026-05-27 20:03:54,050 | INFO     | 
2026-05-27 20:03:54,050 | INFO     | ──────────────────────────────────────────────────────────────────────
2026-05-27 20:03:54,050 | INFO     | 📌 ЭТАП: Фильтрация по реальному SNI
2026-05-27 20:03:54,050 | INFO     | ──────────────────────────────────────────────────────────────────────
2026-05-27 20:03:54,050 | INFO     | 🚀 Запуск filter_ru_sni.py (Фильтр по реальному SNI (CDN+RU))...
2026-05-27 20:03:54,079 | INFO     |   → hysteria2.txt: 1 → 0 (SNI-filtered)
2026-05-27 20:03:54,079 | INFO     |   →   ss.txt: 2 → 0 (SNI-filtered)
2026-05-27 20:03:54,080 | INFO     |   →   vless.txt: 59 → 2 (SNI-filtered)
2026-05-27 20:03:54,080 | INFO     |   → ==================================================
2026-05-27 20:03:54,080 | INFO     |   →   Всего входных:  62
2026-05-27 20:03:54,080 | INFO     |   →   Прошли фильтр:  2
2026-05-27 20:03:54,080 | INFO     |   →   Отброшено:      60
2026-05-27 20:03:54,080 | INFO     |   → ==================================================
2026-05-27 20:03:54,080 | INFO     |   → Готово → /home/runner/work/vpn-vless-configs-russia/vpn-vless-configs-russia/githubmirror/ru-sni
2026-05-27 20:03:54,080 | INFO     | ✅ filter_ru_sni.py завершён успешно
2026-05-27 20:03:54,080 | INFO     | 
2026-05-27 20:03:54,080 | INFO     | 
2026-05-27 20:03:54,080 | INFO     | ──────────────────────────────────────────────────────────────────────
2026-05-27 20:03:54,080 | INFO     | 📌 ЭТАП: Экспериментальный RU-SNI фильтр
2026-05-27 20:03:54,080 | INFO     | ──────────────────────────────────────────────────────────────────────
2026-05-27 20:03:54,080 | INFO     | 🚀 Запуск filter_ru_sni_local.py (Экспериментальный фильтр по RU-SNI (локальные домены))...
2026-05-27 20:03:54,108 | INFO     |   → hysteria2.txt: 1 → 0 (RU-SNI)
2026-05-27 20:03:54,108 | INFO     |   → ss.txt: 2 → 0 (RU-SNI)
2026-05-27 20:03:54,108 | INFO     |   → vless.txt: 59 → 0 (RU-SNI)
2026-05-27 20:03:54,108 | INFO     |   → ==================================================
2026-05-27 20:03:54,108 | INFO     |   → Всего входных:  62
2026-05-27 20:03:54,108 | INFO     |   → Прошли RU-SNI:  0
2026-05-27 20:03:54,108 | INFO     |   → Отброшено:      62
2026-05-27 20:03:54,108 | INFO     |   → ==================================================
2026-05-27 20:03:54,108 | INFO     |   → Готово → /home/runner/work/vpn-vless-configs-russia/vpn-vless-configs-russia/githubmirror/ru-sni-local
2026-05-27 20:03:54,108 | INFO     | ✅ filter_ru_sni_local.py завершён успешно
2026-05-27 20:03:54,108 | INFO     | 
2026-05-27 20:03:54,108 | INFO     | 
2026-05-27 20:03:54,108 | INFO     | ──────────────────────────────────────────────────────────────────────
2026-05-27 20:03:54,108 | INFO     | 📌 ЭТАП: Сбор статистики
2026-05-27 20:03:54,108 | INFO     | ──────────────────────────────────────────────────────────────────────
2026-05-27 20:03:54,108 | INFO     | 📊 Сбор статистики...
2026-05-27 20:03:54,109 | INFO     |   📁 githubmirror/clean:
2026-05-27 20:03:54,109 | INFO     |     • hysteria2   :     1 конфигов
2026-05-27 20:03:54,109 | INFO     |     • ss          :     2 конфигов
2026-05-27 20:03:54,109 | INFO     |     • vless       :    59 конфигов
2026-05-27 20:03:54,109 | INFO     |   📁 githubmirror/ru-sni:
2026-05-27 20:03:54,109 | INFO     |     • hysteria2   :     0 конфигов (  0.0% от clean)
2026-05-27 20:03:54,110 | INFO     |     • ss          :     0 конфигов (  0.0% от clean)
2026-05-27 20:03:54,110 | INFO     |     • vless       :     2 конфигов (  3.4% от clean)
2026-05-27 20:03:54,110 | INFO     |   ✨ Новых CF-VLESS в этом запуске: 50
2026-05-27 20:03:54,110 | INFO     | 
2026-05-27 20:03:54,110 | INFO     |   ──────────────────────────────────────────────────
2026-05-27 20:03:54,110 | INFO     |   📈 ИТОГО:
2026-05-27 20:03:54,110 | INFO     |     Clean (после geo-фильтра):       62
2026-05-27 20:03:54,110 | INFO     |     RU-SNI (после SNI-фильтра):       2
2026-05-27 20:03:54,110 | INFO     |     Прошло фильтр:                  3.2%
2026-05-27 20:03:54,110 | INFO     |   ──────────────────────────────────────────────────
2026-05-27 20:03:54,110 | INFO     | ✅ Статистика сохранена: /home/runner/work/vpn-vless-configs-russia/vpn-vless-configs-russia/stats.json
2026-05-27 20:03:54,110 | INFO     | 
2026-05-27 20:03:54,110 | INFO     | ======================================================================
2026-05-27 20:03:54,110 | INFO     | 📊 ИТОГОВЫЙ ОТЧЁТ
2026-05-27 20:03:54,111 | INFO     | ======================================================================
2026-05-27 20:03:54,111 | INFO     |   ✅ OK         | Загрузка и geo-фильтрация
2026-05-27 20:03:54,111 | INFO     |   ✅ OK         | Генерация 50 уникальных CF-VLESS
2026-05-27 20:03:54,111 | INFO     |   ✅ OK         | Слияние CF с основным списком
2026-05-27 20:03:54,111 | INFO     |   ✅ OK         | Фильтрация по реальному SNI
2026-05-27 20:03:54,111 | INFO     |   ✅ OK         | Экспериментальный RU-SNI фильтр
2026-05-27 20:03:54,111 | INFO     |   ✅ OK         | Сбор статистики
2026-05-27 20:03:54,111 | INFO     | ──────────────────────────────────────────────────────────────────────
2026-05-27 20:03:54,111 | INFO     | ✅ ВСЕ ЭТАПЫ УСПЕШНЫ (6/6)
2026-05-27 20:03:54,111 | INFO     | ⏰ Время завершения: 2026-05-27 20:03:54
2026-05-27 20:03:54,111 | INFO     | ======================================================================
