2026-05-29 14:44:43,157 | INFO     | ======================================================================
2026-05-29 14:44:43,157 | INFO     | 🔍 VPN KEY CHECKER - Начало проверки
2026-05-29 14:44:43,157 | INFO     | ⏰ Время старта: 2026-05-29 14:44:43
2026-05-29 14:44:43,157 | INFO     | 📂 Рабочая директория: /home/runner/work/vpn-vless-configs-russia/vpn-vless-configs-russia
2026-05-29 14:44:43,157 | INFO     | ======================================================================
2026-05-29 14:44:43,157 | INFO     | 
2026-05-29 14:44:43,158 | INFO     | 🔍 Проверка наличия скриптов...
2026-05-29 14:44:43,158 | INFO     |   ✅ mirror.py
2026-05-29 14:44:43,158 | INFO     |   ✅ generate_cf_vless.py
2026-05-29 14:44:43,158 | INFO     |   ✅ filter_ru_sni.py
2026-05-29 14:44:43,158 | INFO     |   ✅ filter_ru_sni_local.py
2026-05-29 14:44:43,158 | INFO     | 
2026-05-29 14:44:43,158 | INFO     | 
2026-05-29 14:44:43,158 | INFO     | ──────────────────────────────────────────────────────────────────────
2026-05-29 14:44:43,158 | INFO     | 📌 ЭТАП: Загрузка и geo-фильтрация
2026-05-29 14:44:43,158 | INFO     | ──────────────────────────────────────────────────────────────────────
2026-05-29 14:44:43,158 | INFO     | 🚀 Запуск mirror.py (Загрузка и фильтрация по РФ/СНГ/Европа)...
2026-05-29 14:44:46,438 | INFO     |   → 🚀 Старт: всего источников (старые + новые): 10
2026-05-29 14:44:46,438 | INFO     |   → 1/10: ✅ 0 взято | 🗑️ 0 мусор
2026-05-29 14:44:46,438 | INFO     |   → 2/10: ✅ 0 взято | 🗑️ 0 мусор
2026-05-29 14:44:46,438 | INFO     |   → 3/10: ✅ 11 взято | 🗑️ 148 мусор
2026-05-29 14:44:46,438 | INFO     |   → 4/10: ✅ 0 взято | 🗑️ 0 мусор
2026-05-29 14:44:46,438 | INFO     |   → 5/10: ✅ 1 взято | 🗑️ 132 мусор
2026-05-29 14:44:46,438 | INFO     |   → 6/10: ✅ 0 взято | 🗑️ 0 мусор
2026-05-29 14:44:46,438 | INFO     |   → 7/10: ✅ 6 взято | 🗑️ 24 мусор
2026-05-29 14:44:46,438 | INFO     |   → 8/10: ✅ 0 взято | 🗑️ 24 мусор
2026-05-29 14:44:46,438 | INFO     |   → 9/10: ✅ 14 взято | 🗑️ 14 мусор
2026-05-29 14:44:46,438 | INFO     |   → 10/10: ✅ 0 взято | 🗑️ 0 мусор
2026-05-29 14:44:46,438 | INFO     |   → ✅ ГОТОВО!
2026-05-29 14:44:46,439 | INFO     |   →    📥 Всего ключей после фильтра: 32
2026-05-29 14:44:46,439 | INFO     |   →    🔗 Уникальных IP:PORT:SCHEME: 26
2026-05-29 14:44:46,439 | INFO     |   →    🗑️ Выброшено мусора: 342
2026-05-29 14:44:46,439 | INFO     |   → 📊 По протоколам:
2026-05-29 14:44:46,439 | INFO     |   →    vless: 18
2026-05-29 14:44:46,439 | INFO     |   →    vmess: 4
2026-05-29 14:44:46,439 | INFO     |   →    ss: 4
2026-05-29 14:44:46,439 | INFO     | ✅ mirror.py завершён успешно
2026-05-29 14:44:46,439 | INFO     | 
2026-05-29 14:44:46,439 | INFO     | 
2026-05-29 14:44:46,439 | INFO     | ──────────────────────────────────────────────────────────────────────
2026-05-29 14:44:46,439 | INFO     | 📌 ЭТАП: Генерация 50 уникальных CF-VLESS
2026-05-29 14:44:46,439 | INFO     | ──────────────────────────────────────────────────────────────────────
2026-05-29 14:44:46,439 | INFO     | 🚀 Запуск generate_cf_vless.py (50 новых CF-VLESS)...
2026-05-29 14:44:47,440 | INFO     |   → ======================================================================
2026-05-29 14:44:47,440 | INFO     |   → 🗺️  Генератор свежих VLESS-конфигов на IP Cloudflare
2026-05-29 14:44:47,440 | INFO     |   → ======================================================================
2026-05-29 14:44:47,440 | INFO     |   →   → Загружаем актуальные IP-диапазоны Cloudflare: https://www.cloudflare.com/ips-v4
2026-05-29 14:44:47,440 | INFO     |   →   → Найдено 15 IPv4 CIDR-блоков. Преобразуем их в IP-адреса...
2026-05-29 14:44:47,441 | INFO     |   → ✅ Успешно загружено и подготовлено 7500 IP-адресов для ротации.
2026-05-29 14:44:47,441 | INFO     |   → ✨ Сгенерировано и сохранено 50 VLESS-конфигов.
2026-05-29 14:44:47,441 | INFO     |   → 📂 Файл: /home/runner/work/vpn-vless-configs-russia/vpn-vless-configs-russia/githubmirror/new/cf_fresh.txt
2026-05-29 14:44:47,441 | INFO     |   → ======================================================================
2026-05-29 14:44:47,441 | INFO     | ✅ generate_cf_vless.py завершён успешно
2026-05-29 14:44:47,441 | INFO     | 
2026-05-29 14:44:47,441 | INFO     | 
2026-05-29 14:44:47,441 | INFO     | ──────────────────────────────────────────────────────────────────────
2026-05-29 14:44:47,441 | INFO     | 📌 ЭТАП: Слияние CF с основным списком
2026-05-29 14:44:47,441 | INFO     | ──────────────────────────────────────────────────────────────────────
2026-05-29 14:44:47,443 | INFO     | 🔄 Добавлено 50 новых CF-VLESS в /home/runner/work/vpn-vless-configs-russia/vpn-vless-configs-russia/githubmirror/clean/vless.txt
2026-05-29 14:44:47,443 | INFO     | 📊 Всего в clean/vless.txt теперь: 68
2026-05-29 14:44:47,443 | INFO     | 
2026-05-29 14:44:47,443 | INFO     | 
2026-05-29 14:44:47,443 | INFO     | ──────────────────────────────────────────────────────────────────────
2026-05-29 14:44:47,443 | INFO     | 📌 ЭТАП: Фильтрация по реальному SNI
2026-05-29 14:44:47,443 | INFO     | ──────────────────────────────────────────────────────────────────────
2026-05-29 14:44:47,444 | INFO     | 🚀 Запуск filter_ru_sni.py (Фильтр по реальному SNI (CDN+RU))...
2026-05-29 14:44:47,472 | INFO     |   → ss.txt: 4 → 0 (SNI-filtered)
2026-05-29 14:44:47,472 | INFO     |   →   vless.txt: 68 → 7 (SNI-filtered)
2026-05-29 14:44:47,472 | INFO     |   →   vmess.txt: 4 → 0 (SNI-filtered)
2026-05-29 14:44:47,472 | INFO     |   → ==================================================
2026-05-29 14:44:47,472 | INFO     |   →   Всего входных:  76
2026-05-29 14:44:47,472 | INFO     |   →   Прошли фильтр:  7
2026-05-29 14:44:47,472 | INFO     |   →   Отброшено:      69
2026-05-29 14:44:47,472 | INFO     |   → ==================================================
2026-05-29 14:44:47,472 | INFO     |   → Готово → /home/runner/work/vpn-vless-configs-russia/vpn-vless-configs-russia/githubmirror/ru-sni
2026-05-29 14:44:47,472 | INFO     | ✅ filter_ru_sni.py завершён успешно
2026-05-29 14:44:47,472 | INFO     | 
2026-05-29 14:44:47,472 | INFO     | 
2026-05-29 14:44:47,472 | INFO     | ──────────────────────────────────────────────────────────────────────
2026-05-29 14:44:47,472 | INFO     | 📌 ЭТАП: Экспериментальный RU-SNI фильтр
2026-05-29 14:44:47,472 | INFO     | ──────────────────────────────────────────────────────────────────────
2026-05-29 14:44:47,472 | INFO     | 🚀 Запуск filter_ru_sni_local.py (Экспериментальный фильтр по RU-SNI (локальные домены))...
2026-05-29 14:44:47,499 | INFO     |   → ss.txt: 4 → 0 (RU-SNI)
2026-05-29 14:44:47,499 | INFO     |   → vless.txt: 68 → 1 (RU-SNI)
2026-05-29 14:44:47,499 | INFO     |   → vmess.txt: 4 → 0 (RU-SNI)
2026-05-29 14:44:47,499 | INFO     |   → ==================================================
2026-05-29 14:44:47,499 | INFO     |   → Всего входных:  76
2026-05-29 14:44:47,499 | INFO     |   → Прошли RU-SNI:  1
2026-05-29 14:44:47,499 | INFO     |   → Отброшено:      75
2026-05-29 14:44:47,499 | INFO     |   → ==================================================
2026-05-29 14:44:47,499 | INFO     |   → Готово → /home/runner/work/vpn-vless-configs-russia/vpn-vless-configs-russia/githubmirror/ru-sni-local
2026-05-29 14:44:47,499 | INFO     | ✅ filter_ru_sni_local.py завершён успешно
2026-05-29 14:44:47,499 | INFO     | 
2026-05-29 14:44:47,499 | INFO     | 
2026-05-29 14:44:47,499 | INFO     | ──────────────────────────────────────────────────────────────────────
2026-05-29 14:44:47,499 | INFO     | 📌 ЭТАП: Сбор статистики
2026-05-29 14:44:47,499 | INFO     | ──────────────────────────────────────────────────────────────────────
2026-05-29 14:44:47,499 | INFO     | 📊 Сбор статистики...
2026-05-29 14:44:47,499 | INFO     |   📁 githubmirror/clean:
2026-05-29 14:44:47,500 | INFO     |     • ss          :     4 конфигов
2026-05-29 14:44:47,500 | INFO     |     • vless       :    68 конфигов
2026-05-29 14:44:47,500 | INFO     |     • vmess       :     4 конфигов
2026-05-29 14:44:47,500 | INFO     |   📁 githubmirror/ru-sni:
2026-05-29 14:44:47,500 | INFO     |     • ss          :     0 конфигов (  0.0% от clean)
2026-05-29 14:44:47,501 | INFO     |     • vless       :     7 конфигов ( 10.3% от clean)
2026-05-29 14:44:47,501 | INFO     |     • vmess       :     0 конфигов (  0.0% от clean)
2026-05-29 14:44:47,501 | INFO     |   ✨ Новых CF-VLESS в этом запуске: 50
2026-05-29 14:44:47,501 | INFO     | 
2026-05-29 14:44:47,501 | INFO     |   ──────────────────────────────────────────────────
2026-05-29 14:44:47,501 | INFO     |   📈 ИТОГО:
2026-05-29 14:44:47,501 | INFO     |     Clean (после geo-фильтра):       76
2026-05-29 14:44:47,501 | INFO     |     RU-SNI (после SNI-фильтра):       7
2026-05-29 14:44:47,501 | INFO     |     Прошло фильтр:                  9.2%
2026-05-29 14:44:47,501 | INFO     |   ──────────────────────────────────────────────────
2026-05-29 14:44:47,501 | INFO     | ✅ Статистика сохранена: /home/runner/work/vpn-vless-configs-russia/vpn-vless-configs-russia/stats.json
2026-05-29 14:44:47,501 | INFO     | 
2026-05-29 14:44:47,501 | INFO     | ======================================================================
2026-05-29 14:44:47,502 | INFO     | 📊 ИТОГОВЫЙ ОТЧЁТ
2026-05-29 14:44:47,502 | INFO     | ======================================================================
2026-05-29 14:44:47,502 | INFO     |   ✅ OK         | Загрузка и geo-фильтрация
2026-05-29 14:44:47,502 | INFO     |   ✅ OK         | Генерация 50 уникальных CF-VLESS
2026-05-29 14:44:47,502 | INFO     |   ✅ OK         | Слияние CF с основным списком
2026-05-29 14:44:47,502 | INFO     |   ✅ OK         | Фильтрация по реальному SNI
2026-05-29 14:44:47,502 | INFO     |   ✅ OK         | Экспериментальный RU-SNI фильтр
2026-05-29 14:44:47,502 | INFO     |   ✅ OK         | Сбор статистики
2026-05-29 14:44:47,502 | INFO     | ──────────────────────────────────────────────────────────────────────
2026-05-29 14:44:47,502 | INFO     | ✅ ВСЕ ЭТАПЫ УСПЕШНЫ (6/6)
2026-05-29 14:44:47,502 | INFO     | ⏰ Время завершения: 2026-05-29 14:44:47
2026-05-29 14:44:47,502 | INFO     | ======================================================================
