2026-05-25 19:20:47,369 | INFO     | ======================================================================
2026-05-25 19:20:47,369 | INFO     | 🔍 VPN KEY CHECKER - Начало проверки
2026-05-25 19:20:47,369 | INFO     | ⏰ Время старта: 2026-05-25 19:20:47
2026-05-25 19:20:47,370 | INFO     | 📂 Рабочая директория: /home/runner/work/vpn-vless-configs-russia/vpn-vless-configs-russia
2026-05-25 19:20:47,370 | INFO     | ======================================================================
2026-05-25 19:20:47,370 | INFO     | 
2026-05-25 19:20:47,370 | INFO     | 🔍 Проверка наличия скриптов...
2026-05-25 19:20:47,370 | INFO     |   ✅ mirror.py
2026-05-25 19:20:47,370 | INFO     |   ✅ generate_cf_vless.py
2026-05-25 19:20:47,370 | INFO     |   ✅ filter_ru_sni.py
2026-05-25 19:20:47,370 | INFO     |   ✅ filter_ru_sni_local.py
2026-05-25 19:20:47,370 | INFO     | 
2026-05-25 19:20:47,370 | INFO     | 
2026-05-25 19:20:47,370 | INFO     | ──────────────────────────────────────────────────────────────────────
2026-05-25 19:20:47,370 | INFO     | 📌 ЭТАП: Загрузка и geo-фильтрация
2026-05-25 19:20:47,370 | INFO     | ──────────────────────────────────────────────────────────────────────
2026-05-25 19:20:47,370 | INFO     | 🚀 Запуск mirror.py (Загрузка и фильтрация по РФ/СНГ/Европа)...
2026-05-25 19:20:51,989 | INFO     |   → 🚀 Старт: всего источников (старые + новые): 12
2026-05-25 19:20:51,989 | INFO     |   → 1/12: ✅ 0 взято | 🗑️ 0 мусор
2026-05-25 19:20:51,989 | INFO     |   → 2/12: ✅ 0 взято | 🗑️ 0 мусор
2026-05-25 19:20:51,989 | INFO     |   → 3/12: ✅ 0 взято | 🗑️ 0 мусор
2026-05-25 19:20:51,989 | INFO     |   → 4/12: ✅ 10 взято | 🗑️ 296 мусор
2026-05-25 19:20:51,989 | INFO     |   → 5/12: ✅ 4 взято | 🗑️ 208 мусор
2026-05-25 19:20:51,989 | INFO     |   → 6/12: ✅ 0 взято | 🗑️ 0 мусор
2026-05-25 19:20:51,989 | INFO     |   → 7/12: ✅ 6 взято | 🗑️ 24 мусор
2026-05-25 19:20:51,989 | INFO     |   → 8/12: ✅ 0 взято | 🗑️ 24 мусор
2026-05-25 19:20:51,989 | INFO     |   → 9/12: ✅ 0 взято | 🗑️ 0 мусор
2026-05-25 19:20:51,989 | INFO     |   → 10/12: ✅ 3 взято | 🗑️ 322 мусор
2026-05-25 19:20:51,989 | INFO     |   → 11/12: ✅ 13 взято | 🗑️ 14 мусор
2026-05-25 19:20:51,989 | INFO     |   → 12/12: ✅ 0 взято | 🗑️ 0 мусор
2026-05-25 19:20:51,989 | INFO     |   → ✅ ГОТОВО!
2026-05-25 19:20:51,989 | INFO     |   →    📥 Всего ключей после фильтра: 36
2026-05-25 19:20:51,989 | INFO     |   →    🔗 Уникальных IP:PORT:SCHEME: 35
2026-05-25 19:20:51,989 | INFO     |   →    🗑️ Выброшено мусора: 888
2026-05-25 19:20:51,989 | INFO     |   → 📊 По протоколам:
2026-05-25 19:20:51,989 | INFO     |   →    vless: 21
2026-05-25 19:20:51,989 | INFO     |   →    vmess: 8
2026-05-25 19:20:51,989 | INFO     |   →    trojan: 2
2026-05-25 19:20:51,990 | INFO     |   →    ss: 3
2026-05-25 19:20:51,990 | INFO     |   →    hysteria2: 1
2026-05-25 19:20:51,990 | INFO     | ✅ mirror.py завершён успешно
2026-05-25 19:20:51,990 | INFO     | 
2026-05-25 19:20:51,990 | INFO     | 
2026-05-25 19:20:51,990 | INFO     | ──────────────────────────────────────────────────────────────────────
2026-05-25 19:20:51,990 | INFO     | 📌 ЭТАП: Генерация 50 уникальных CF-VLESS
2026-05-25 19:20:51,990 | INFO     | ──────────────────────────────────────────────────────────────────────
2026-05-25 19:20:51,990 | INFO     | 🚀 Запуск generate_cf_vless.py (50 новых CF-VLESS)...
2026-05-25 19:20:52,993 | INFO     |   → ======================================================================
2026-05-25 19:20:52,993 | INFO     |   → 🗺️  Генератор свежих VLESS-конфигов на IP Cloudflare
2026-05-25 19:20:52,993 | INFO     |   → ======================================================================
2026-05-25 19:20:52,993 | INFO     |   →   → Загружаем актуальные IP-диапазоны Cloudflare: https://www.cloudflare.com/ips-v4
2026-05-25 19:20:52,993 | INFO     |   →   → Найдено 15 IPv4 CIDR-блоков. Преобразуем их в IP-адреса...
2026-05-25 19:20:52,993 | INFO     |   → ✅ Успешно загружено и подготовлено 7500 IP-адресов для ротации.
2026-05-25 19:20:52,993 | INFO     |   → ✨ Сгенерировано и сохранено 50 VLESS-конфигов.
2026-05-25 19:20:52,993 | INFO     |   → 📂 Файл: /home/runner/work/vpn-vless-configs-russia/vpn-vless-configs-russia/githubmirror/new/cf_fresh.txt
2026-05-25 19:20:52,994 | INFO     |   → ======================================================================
2026-05-25 19:20:52,994 | INFO     | ✅ generate_cf_vless.py завершён успешно
2026-05-25 19:20:52,994 | INFO     | 
2026-05-25 19:20:52,994 | INFO     | 
2026-05-25 19:20:52,994 | INFO     | ──────────────────────────────────────────────────────────────────────
2026-05-25 19:20:52,994 | INFO     | 📌 ЭТАП: Слияние CF с основным списком
2026-05-25 19:20:52,994 | INFO     | ──────────────────────────────────────────────────────────────────────
2026-05-25 19:20:52,995 | INFO     | 🔄 Добавлено 50 новых CF-VLESS в /home/runner/work/vpn-vless-configs-russia/vpn-vless-configs-russia/githubmirror/clean/vless.txt
2026-05-25 19:20:52,995 | INFO     | 📊 Всего в clean/vless.txt теперь: 71
2026-05-25 19:20:52,995 | INFO     | 
2026-05-25 19:20:52,996 | INFO     | 
2026-05-25 19:20:52,996 | INFO     | ──────────────────────────────────────────────────────────────────────
2026-05-25 19:20:52,996 | INFO     | 📌 ЭТАП: Фильтрация по реальному SNI
2026-05-25 19:20:52,996 | INFO     | ──────────────────────────────────────────────────────────────────────
2026-05-25 19:20:52,996 | INFO     | 🚀 Запуск filter_ru_sni.py (Фильтр по реальному SNI (CDN+RU))...
2026-05-25 19:20:53,026 | INFO     |   → hysteria2.txt: 1 → 1 (SNI-filtered)
2026-05-25 19:20:53,026 | INFO     |   →   ss.txt: 3 → 0 (SNI-filtered)
2026-05-25 19:20:53,026 | INFO     |   →   trojan.txt: 2 → 0 (SNI-filtered)
2026-05-25 19:20:53,026 | INFO     |   →   vless.txt: 71 → 6 (SNI-filtered)
2026-05-25 19:20:53,026 | INFO     |   →   vmess.txt: 8 → 0 (SNI-filtered)
2026-05-25 19:20:53,026 | INFO     |   → ==================================================
2026-05-25 19:20:53,026 | INFO     |   →   Всего входных:  85
2026-05-25 19:20:53,026 | INFO     |   →   Прошли фильтр:  7
2026-05-25 19:20:53,026 | INFO     |   →   Отброшено:      78
2026-05-25 19:20:53,026 | INFO     |   → ==================================================
2026-05-25 19:20:53,026 | INFO     |   → Готово → /home/runner/work/vpn-vless-configs-russia/vpn-vless-configs-russia/githubmirror/ru-sni
2026-05-25 19:20:53,026 | INFO     | ✅ filter_ru_sni.py завершён успешно
2026-05-25 19:20:53,026 | INFO     | 
2026-05-25 19:20:53,026 | INFO     | 
2026-05-25 19:20:53,026 | INFO     | ──────────────────────────────────────────────────────────────────────
2026-05-25 19:20:53,026 | INFO     | 📌 ЭТАП: Экспериментальный RU-SNI фильтр
2026-05-25 19:20:53,026 | INFO     | ──────────────────────────────────────────────────────────────────────
2026-05-25 19:20:53,026 | INFO     | 🚀 Запуск filter_ru_sni_local.py (Экспериментальный фильтр по RU-SNI (локальные домены))...
2026-05-25 19:20:53,055 | INFO     |   → hysteria2.txt: 1 → 0 (RU-SNI)
2026-05-25 19:20:53,055 | INFO     |   → ss.txt: 3 → 0 (RU-SNI)
2026-05-25 19:20:53,055 | INFO     |   → trojan.txt: 2 → 0 (RU-SNI)
2026-05-25 19:20:53,055 | INFO     |   → vless.txt: 71 → 4 (RU-SNI)
2026-05-25 19:20:53,055 | INFO     |   → vmess.txt: 8 → 0 (RU-SNI)
2026-05-25 19:20:53,055 | INFO     |   → ==================================================
2026-05-25 19:20:53,055 | INFO     |   → Всего входных:  85
2026-05-25 19:20:53,055 | INFO     |   → Прошли RU-SNI:  4
2026-05-25 19:20:53,055 | INFO     |   → Отброшено:      81
2026-05-25 19:20:53,055 | INFO     |   → ==================================================
2026-05-25 19:20:53,055 | INFO     |   → Готово → /home/runner/work/vpn-vless-configs-russia/vpn-vless-configs-russia/githubmirror/ru-sni-local
2026-05-25 19:20:53,055 | INFO     | ✅ filter_ru_sni_local.py завершён успешно
2026-05-25 19:20:53,055 | INFO     | 
2026-05-25 19:20:53,055 | INFO     | 
2026-05-25 19:20:53,055 | INFO     | ──────────────────────────────────────────────────────────────────────
2026-05-25 19:20:53,055 | INFO     | 📌 ЭТАП: Сбор статистики
2026-05-25 19:20:53,055 | INFO     | ──────────────────────────────────────────────────────────────────────
2026-05-25 19:20:53,055 | INFO     | 📊 Сбор статистики...
2026-05-25 19:20:53,055 | INFO     |   📁 githubmirror/clean:
2026-05-25 19:20:53,055 | INFO     |     • hysteria2   :     1 конфигов
2026-05-25 19:20:53,056 | INFO     |     • ss          :     3 конфигов
2026-05-25 19:20:53,056 | INFO     |     • trojan      :     2 конфигов
2026-05-25 19:20:53,056 | INFO     |     • vless       :    71 конфигов
2026-05-25 19:20:53,056 | INFO     |     • vmess       :     8 конфигов
2026-05-25 19:20:53,056 | INFO     |   📁 githubmirror/ru-sni:
2026-05-25 19:20:53,056 | INFO     |     • hysteria2   :     1 конфигов (100.0% от clean)
2026-05-25 19:20:53,056 | INFO     |     • ss          :     0 конфигов (  0.0% от clean)
2026-05-25 19:20:53,056 | INFO     |     • trojan      :     0 конфигов (  0.0% от clean)
2026-05-25 19:20:53,056 | INFO     |     • vless       :     6 конфигов (  8.5% от clean)
2026-05-25 19:20:53,056 | INFO     |     • vmess       :     0 конфигов (  0.0% от clean)
2026-05-25 19:20:53,057 | INFO     |   ✨ Новых CF-VLESS в этом запуске: 50
2026-05-25 19:20:53,057 | INFO     | 
2026-05-25 19:20:53,057 | INFO     |   ──────────────────────────────────────────────────
2026-05-25 19:20:53,057 | INFO     |   📈 ИТОГО:
2026-05-25 19:20:53,057 | INFO     |     Clean (после geo-фильтра):       85
2026-05-25 19:20:53,057 | INFO     |     RU-SNI (после SNI-фильтра):       7
2026-05-25 19:20:53,057 | INFO     |     Прошло фильтр:                  8.2%
2026-05-25 19:20:53,057 | INFO     |   ──────────────────────────────────────────────────
2026-05-25 19:20:53,057 | INFO     | ✅ Статистика сохранена: /home/runner/work/vpn-vless-configs-russia/vpn-vless-configs-russia/stats.json
2026-05-25 19:20:53,057 | INFO     | 
2026-05-25 19:20:53,057 | INFO     | ======================================================================
2026-05-25 19:20:53,057 | INFO     | 📊 ИТОГОВЫЙ ОТЧЁТ
2026-05-25 19:20:53,057 | INFO     | ======================================================================
2026-05-25 19:20:53,057 | INFO     |   ✅ OK         | Загрузка и geo-фильтрация
2026-05-25 19:20:53,058 | INFO     |   ✅ OK         | Генерация 50 уникальных CF-VLESS
2026-05-25 19:20:53,058 | INFO     |   ✅ OK         | Слияние CF с основным списком
2026-05-25 19:20:53,058 | INFO     |   ✅ OK         | Фильтрация по реальному SNI
2026-05-25 19:20:53,058 | INFO     |   ✅ OK         | Экспериментальный RU-SNI фильтр
2026-05-25 19:20:53,058 | INFO     |   ✅ OK         | Сбор статистики
2026-05-25 19:20:53,058 | INFO     | ──────────────────────────────────────────────────────────────────────
2026-05-25 19:20:53,058 | INFO     | ✅ ВСЕ ЭТАПЫ УСПЕШНЫ (6/6)
2026-05-25 19:20:53,058 | INFO     | ⏰ Время завершения: 2026-05-25 19:20:53
2026-05-25 19:20:53,058 | INFO     | ======================================================================
