2026-05-19 02:32:31,947 | INFO     | ======================================================================
2026-05-19 02:32:31,947 | INFO     | 🔍 VPN KEY CHECKER - Начало проверки
2026-05-19 02:32:31,947 | INFO     | ⏰ Время старта: 2026-05-19 02:32:31
2026-05-19 02:32:31,947 | INFO     | 📂 Рабочая директория: /home/runner/work/vpn-vless-configs-russia/vpn-vless-configs-russia
2026-05-19 02:32:31,947 | INFO     | ======================================================================
2026-05-19 02:32:31,947 | INFO     | 
2026-05-19 02:32:31,947 | INFO     | 🔍 Проверка наличия скриптов...
2026-05-19 02:32:31,948 | INFO     |   ✅ mirror.py
2026-05-19 02:32:31,948 | INFO     |   ✅ generate_cf_vless.py
2026-05-19 02:32:31,948 | INFO     |   ✅ filter_ru_sni.py
2026-05-19 02:32:31,948 | INFO     |   ✅ filter_ru_sni_local.py
2026-05-19 02:32:31,948 | INFO     | 
2026-05-19 02:32:31,948 | INFO     | 
2026-05-19 02:32:31,948 | INFO     | ──────────────────────────────────────────────────────────────────────
2026-05-19 02:32:31,948 | INFO     | 📌 ЭТАП: Загрузка и geo-фильтрация
2026-05-19 02:32:31,948 | INFO     | ──────────────────────────────────────────────────────────────────────
2026-05-19 02:32:31,948 | INFO     | 🚀 Запуск mirror.py (Загрузка и фильтрация по РФ/СНГ/Европа)...
2026-05-19 02:32:37,059 | INFO     |   → 🚀 Старт: всего источников (старые + новые): 10
2026-05-19 02:32:37,059 | INFO     |   → 1/10: ✅ 0 взято | 🗑️ 0 мусор
2026-05-19 02:32:37,059 | INFO     |   → 2/10: ✅ 0 взято | 🗑️ 0 мусор
2026-05-19 02:32:37,059 | INFO     |   → 3/10: ✅ 20 взято | 🗑️ 218 мусор
2026-05-19 02:32:37,059 | INFO     |   → 4/10: ✅ 0 взято | 🗑️ 0 мусор
2026-05-19 02:32:37,059 | INFO     |   → 5/10: ✅ 2 взято | 🗑️ 193 мусор
2026-05-19 02:32:37,059 | INFO     |   → 6/10: ✅ 0 взято | 🗑️ 0 мусор
2026-05-19 02:32:37,059 | INFO     |   → 7/10: ✅ 6 взято | 🗑️ 17 мусор
2026-05-19 02:32:37,059 | INFO     |   → 8/10: ✅ 0 взято | 🗑️ 17 мусор
2026-05-19 02:32:37,059 | INFO     |   → 9/10: ✅ 10 взято | 🗑️ 15 мусор
2026-05-19 02:32:37,059 | INFO     |   → 10/10: ✅ 0 взято | 🗑️ 0 мусор
2026-05-19 02:32:37,059 | INFO     |   → ✅ ГОТОВО!
2026-05-19 02:32:37,059 | INFO     |   →    📥 Всего ключей после фильтра: 38
2026-05-19 02:32:37,059 | INFO     |   →    🔗 Уникальных IP:PORT:SCHEME: 34
2026-05-19 02:32:37,059 | INFO     |   →    🗑️ Выброшено мусора: 460
2026-05-19 02:32:37,059 | INFO     |   → 📊 По протоколам:
2026-05-19 02:32:37,059 | INFO     |   →    vless: 20
2026-05-19 02:32:37,059 | INFO     |   →    vmess: 9
2026-05-19 02:32:37,059 | INFO     |   →    trojan: 2
2026-05-19 02:32:37,059 | INFO     |   →    ss: 1
2026-05-19 02:32:37,059 | INFO     |   →    hysteria2: 2
2026-05-19 02:32:37,059 | INFO     | ✅ mirror.py завершён успешно
2026-05-19 02:32:37,059 | INFO     | 
2026-05-19 02:32:37,059 | INFO     | 
2026-05-19 02:32:37,059 | INFO     | ──────────────────────────────────────────────────────────────────────
2026-05-19 02:32:37,059 | INFO     | 📌 ЭТАП: Генерация 50 уникальных CF-VLESS
2026-05-19 02:32:37,059 | INFO     | ──────────────────────────────────────────────────────────────────────
2026-05-19 02:32:37,060 | INFO     | 🚀 Запуск generate_cf_vless.py (50 новых CF-VLESS)...
2026-05-19 02:32:38,102 | INFO     |   → ======================================================================
2026-05-19 02:32:38,102 | INFO     |   → 🗺️  Генератор свежих VLESS-конфигов на IP Cloudflare
2026-05-19 02:32:38,102 | INFO     |   → ======================================================================
2026-05-19 02:32:38,102 | INFO     |   →   → Загружаем актуальные IP-диапазоны Cloudflare: https://www.cloudflare.com/ips-v4
2026-05-19 02:32:38,103 | INFO     |   →   → Найдено 15 IPv4 CIDR-блоков. Преобразуем их в IP-адреса...
2026-05-19 02:32:38,103 | INFO     |   → ✅ Успешно загружено и подготовлено 7500 IP-адресов для ротации.
2026-05-19 02:32:38,103 | INFO     |   → ✨ Сгенерировано и сохранено 50 VLESS-конфигов.
2026-05-19 02:32:38,103 | INFO     |   → 📂 Файл: /home/runner/work/vpn-vless-configs-russia/vpn-vless-configs-russia/githubmirror/new/cf_fresh.txt
2026-05-19 02:32:38,103 | INFO     |   → ======================================================================
2026-05-19 02:32:38,103 | INFO     | ✅ generate_cf_vless.py завершён успешно
2026-05-19 02:32:38,103 | INFO     | 
2026-05-19 02:32:38,103 | INFO     | 
2026-05-19 02:32:38,103 | INFO     | ──────────────────────────────────────────────────────────────────────
2026-05-19 02:32:38,103 | INFO     | 📌 ЭТАП: Слияние CF с основным списком
2026-05-19 02:32:38,103 | INFO     | ──────────────────────────────────────────────────────────────────────
2026-05-19 02:32:38,104 | INFO     | 🔄 Добавлено 50 новых CF-VLESS в /home/runner/work/vpn-vless-configs-russia/vpn-vless-configs-russia/githubmirror/clean/vless.txt
2026-05-19 02:32:38,104 | INFO     | 📊 Всего в clean/vless.txt теперь: 70
2026-05-19 02:32:38,104 | INFO     | 
2026-05-19 02:32:38,104 | INFO     | 
2026-05-19 02:32:38,105 | INFO     | ──────────────────────────────────────────────────────────────────────
2026-05-19 02:32:38,105 | INFO     | 📌 ЭТАП: Фильтрация по реальному SNI
2026-05-19 02:32:38,105 | INFO     | ──────────────────────────────────────────────────────────────────────
2026-05-19 02:32:38,105 | INFO     | 🚀 Запуск filter_ru_sni.py (Фильтр по реальному SNI (CDN+RU))...
2026-05-19 02:32:38,135 | INFO     |   → hysteria2.txt: 2 → 0 (SNI-filtered)
2026-05-19 02:32:38,135 | INFO     |   →   ss.txt: 1 → 0 (SNI-filtered)
2026-05-19 02:32:38,135 | INFO     |   →   trojan.txt: 2 → 0 (SNI-filtered)
2026-05-19 02:32:38,135 | INFO     |   →   vless.txt: 70 → 1 (SNI-filtered)
2026-05-19 02:32:38,135 | INFO     |   →   vmess.txt: 9 → 0 (SNI-filtered)
2026-05-19 02:32:38,135 | INFO     |   → ==================================================
2026-05-19 02:32:38,135 | INFO     |   →   Всего входных:  84
2026-05-19 02:32:38,135 | INFO     |   →   Прошли фильтр:  1
2026-05-19 02:32:38,135 | INFO     |   →   Отброшено:      83
2026-05-19 02:32:38,135 | INFO     |   → ==================================================
2026-05-19 02:32:38,135 | INFO     |   → Готово → /home/runner/work/vpn-vless-configs-russia/vpn-vless-configs-russia/githubmirror/ru-sni
2026-05-19 02:32:38,135 | INFO     | ✅ filter_ru_sni.py завершён успешно
2026-05-19 02:32:38,135 | INFO     | 
2026-05-19 02:32:38,135 | INFO     | 
2026-05-19 02:32:38,135 | INFO     | ──────────────────────────────────────────────────────────────────────
2026-05-19 02:32:38,135 | INFO     | 📌 ЭТАП: Экспериментальный RU-SNI фильтр
2026-05-19 02:32:38,135 | INFO     | ──────────────────────────────────────────────────────────────────────
2026-05-19 02:32:38,136 | INFO     | 🚀 Запуск filter_ru_sni_local.py (Экспериментальный фильтр по RU-SNI (локальные домены))...
2026-05-19 02:32:38,164 | INFO     |   → hysteria2.txt: 2 → 0 (RU-SNI)
2026-05-19 02:32:38,164 | INFO     |   → ss.txt: 1 → 0 (RU-SNI)
2026-05-19 02:32:38,164 | INFO     |   → trojan.txt: 2 → 0 (RU-SNI)
2026-05-19 02:32:38,164 | INFO     |   → vless.txt: 70 → 1 (RU-SNI)
2026-05-19 02:32:38,164 | INFO     |   → vmess.txt: 9 → 0 (RU-SNI)
2026-05-19 02:32:38,164 | INFO     |   → ==================================================
2026-05-19 02:32:38,165 | INFO     |   → Всего входных:  84
2026-05-19 02:32:38,165 | INFO     |   → Прошли RU-SNI:  1
2026-05-19 02:32:38,165 | INFO     |   → Отброшено:      83
2026-05-19 02:32:38,165 | INFO     |   → ==================================================
2026-05-19 02:32:38,165 | INFO     |   → Готово → /home/runner/work/vpn-vless-configs-russia/vpn-vless-configs-russia/githubmirror/ru-sni-local
2026-05-19 02:32:38,165 | INFO     | ✅ filter_ru_sni_local.py завершён успешно
2026-05-19 02:32:38,165 | INFO     | 
2026-05-19 02:32:38,165 | INFO     | 
2026-05-19 02:32:38,165 | INFO     | ──────────────────────────────────────────────────────────────────────
2026-05-19 02:32:38,165 | INFO     | 📌 ЭТАП: Сбор статистики
2026-05-19 02:32:38,165 | INFO     | ──────────────────────────────────────────────────────────────────────
2026-05-19 02:32:38,165 | INFO     | 📊 Сбор статистики...
2026-05-19 02:32:38,165 | INFO     |   📁 githubmirror/clean:
2026-05-19 02:32:38,165 | INFO     |     • hysteria2   :     2 конфигов
2026-05-19 02:32:38,165 | INFO     |     • ss          :     1 конфигов
2026-05-19 02:32:38,165 | INFO     |     • trojan      :     2 конфигов
2026-05-19 02:32:38,166 | INFO     |     • vless       :    70 конфигов
2026-05-19 02:32:38,166 | INFO     |     • vmess       :     9 конфигов
2026-05-19 02:32:38,166 | INFO     |   📁 githubmirror/ru-sni:
2026-05-19 02:32:38,166 | INFO     |     • hysteria2   :     0 конфигов (  0.0% от clean)
2026-05-19 02:32:38,166 | INFO     |     • ss          :     0 конфигов (  0.0% от clean)
2026-05-19 02:32:38,166 | INFO     |     • trojan      :     0 конфигов (  0.0% от clean)
2026-05-19 02:32:38,166 | INFO     |     • vless       :     1 конфигов (  1.4% от clean)
2026-05-19 02:32:38,166 | INFO     |     • vmess       :     0 конфигов (  0.0% от clean)
2026-05-19 02:32:38,166 | INFO     |   ✨ Новых CF-VLESS в этом запуске: 50
2026-05-19 02:32:38,167 | INFO     | 
2026-05-19 02:32:38,167 | INFO     |   ──────────────────────────────────────────────────
2026-05-19 02:32:38,167 | INFO     |   📈 ИТОГО:
2026-05-19 02:32:38,167 | INFO     |     Clean (после geo-фильтра):       84
2026-05-19 02:32:38,167 | INFO     |     RU-SNI (после SNI-фильтра):       1
2026-05-19 02:32:38,167 | INFO     |     Прошло фильтр:                  1.2%
2026-05-19 02:32:38,167 | INFO     |   ──────────────────────────────────────────────────
2026-05-19 02:32:38,167 | INFO     | ✅ Статистика сохранена: /home/runner/work/vpn-vless-configs-russia/vpn-vless-configs-russia/stats.json
2026-05-19 02:32:38,167 | INFO     | 
2026-05-19 02:32:38,167 | INFO     | ======================================================================
2026-05-19 02:32:38,167 | INFO     | 📊 ИТОГОВЫЙ ОТЧЁТ
2026-05-19 02:32:38,167 | INFO     | ======================================================================
2026-05-19 02:32:38,167 | INFO     |   ✅ OK         | Загрузка и geo-фильтрация
2026-05-19 02:32:38,167 | INFO     |   ✅ OK         | Генерация 50 уникальных CF-VLESS
2026-05-19 02:32:38,167 | INFO     |   ✅ OK         | Слияние CF с основным списком
2026-05-19 02:32:38,167 | INFO     |   ✅ OK         | Фильтрация по реальному SNI
2026-05-19 02:32:38,167 | INFO     |   ✅ OK         | Экспериментальный RU-SNI фильтр
2026-05-19 02:32:38,167 | INFO     |   ✅ OK         | Сбор статистики
2026-05-19 02:32:38,167 | INFO     | ──────────────────────────────────────────────────────────────────────
2026-05-19 02:32:38,167 | INFO     | ✅ ВСЕ ЭТАПЫ УСПЕШНЫ (6/6)
2026-05-19 02:32:38,168 | INFO     | ⏰ Время завершения: 2026-05-19 02:32:38
2026-05-19 02:32:38,168 | INFO     | ======================================================================
