2026-05-24 19:05:56,644 | INFO     | ======================================================================
2026-05-24 19:05:56,644 | INFO     | 🔍 VPN KEY CHECKER - Начало проверки
2026-05-24 19:05:56,644 | INFO     | ⏰ Время старта: 2026-05-24 19:05:56
2026-05-24 19:05:56,644 | INFO     | 📂 Рабочая директория: /home/runner/work/vpn-vless-configs-russia/vpn-vless-configs-russia
2026-05-24 19:05:56,644 | INFO     | ======================================================================
2026-05-24 19:05:56,644 | INFO     | 
2026-05-24 19:05:56,644 | INFO     | 🔍 Проверка наличия скриптов...
2026-05-24 19:05:56,644 | INFO     |   ✅ mirror.py
2026-05-24 19:05:56,644 | INFO     |   ✅ generate_cf_vless.py
2026-05-24 19:05:56,644 | INFO     |   ✅ filter_ru_sni.py
2026-05-24 19:05:56,644 | INFO     |   ✅ filter_ru_sni_local.py
2026-05-24 19:05:56,644 | INFO     | 
2026-05-24 19:05:56,644 | INFO     | 
2026-05-24 19:05:56,644 | INFO     | ──────────────────────────────────────────────────────────────────────
2026-05-24 19:05:56,645 | INFO     | 📌 ЭТАП: Загрузка и geo-фильтрация
2026-05-24 19:05:56,645 | INFO     | ──────────────────────────────────────────────────────────────────────
2026-05-24 19:05:56,645 | INFO     | 🚀 Запуск mirror.py (Загрузка и фильтрация по РФ/СНГ/Европа)...
2026-05-24 19:06:00,556 | INFO     |   → 🚀 Старт: всего источников (старые + новые): 8
2026-05-24 19:06:00,556 | INFO     |   → 1/8: ✅ 0 взято | 🗑️ 0 мусор
2026-05-24 19:06:00,556 | INFO     |   → 2/8: ✅ 0 взято | 🗑️ 0 мусор
2026-05-24 19:06:00,556 | INFO     |   → 3/8: ✅ 4 взято | 🗑️ 196 мусор
2026-05-24 19:06:00,556 | INFO     |   → 4/8: ✅ 0 взято | 🗑️ 0 мусор
2026-05-24 19:06:00,556 | INFO     |   → 5/8: ✅ 6 взято | 🗑️ 24 мусор
2026-05-24 19:06:00,556 | INFO     |   → 6/8: ✅ 0 взято | 🗑️ 24 мусор
2026-05-24 19:06:00,556 | INFO     |   → 7/8: ✅ 8 взято | 🗑️ 12 мусор
2026-05-24 19:06:00,556 | INFO     |   → 8/8: ✅ 0 взято | 🗑️ 0 мусор
2026-05-24 19:06:00,556 | INFO     |   → ✅ ГОТОВО!
2026-05-24 19:06:00,557 | INFO     |   →    📥 Всего ключей после фильтра: 18
2026-05-24 19:06:00,557 | INFO     |   →    🔗 Уникальных IP:PORT:SCHEME: 18
2026-05-24 19:06:00,557 | INFO     |   →    🗑️ Выброшено мусора: 256
2026-05-24 19:06:00,557 | INFO     |   → 📊 По протоколам:
2026-05-24 19:06:00,557 | INFO     |   →    vless: 11
2026-05-24 19:06:00,557 | INFO     |   →    vmess: 3
2026-05-24 19:06:00,557 | INFO     |   →    ss: 4
2026-05-24 19:06:00,557 | INFO     | ✅ mirror.py завершён успешно
2026-05-24 19:06:00,557 | INFO     | 
2026-05-24 19:06:00,557 | INFO     | 
2026-05-24 19:06:00,557 | INFO     | ──────────────────────────────────────────────────────────────────────
2026-05-24 19:06:00,557 | INFO     | 📌 ЭТАП: Генерация 50 уникальных CF-VLESS
2026-05-24 19:06:00,557 | INFO     | ──────────────────────────────────────────────────────────────────────
2026-05-24 19:06:00,557 | INFO     | 🚀 Запуск generate_cf_vless.py (50 новых CF-VLESS)...
2026-05-24 19:06:01,556 | INFO     |   → ======================================================================
2026-05-24 19:06:01,556 | INFO     |   → 🗺️  Генератор свежих VLESS-конфигов на IP Cloudflare
2026-05-24 19:06:01,556 | INFO     |   → ======================================================================
2026-05-24 19:06:01,556 | INFO     |   →   → Загружаем актуальные IP-диапазоны Cloudflare: https://www.cloudflare.com/ips-v4
2026-05-24 19:06:01,556 | INFO     |   →   → Найдено 15 IPv4 CIDR-блоков. Преобразуем их в IP-адреса...
2026-05-24 19:06:01,556 | INFO     |   → ✅ Успешно загружено и подготовлено 7500 IP-адресов для ротации.
2026-05-24 19:06:01,556 | INFO     |   → ✨ Сгенерировано и сохранено 50 VLESS-конфигов.
2026-05-24 19:06:01,556 | INFO     |   → 📂 Файл: /home/runner/work/vpn-vless-configs-russia/vpn-vless-configs-russia/githubmirror/new/cf_fresh.txt
2026-05-24 19:06:01,556 | INFO     |   → ======================================================================
2026-05-24 19:06:01,556 | INFO     | ✅ generate_cf_vless.py завершён успешно
2026-05-24 19:06:01,556 | INFO     | 
2026-05-24 19:06:01,557 | INFO     | 
2026-05-24 19:06:01,557 | INFO     | ──────────────────────────────────────────────────────────────────────
2026-05-24 19:06:01,557 | INFO     | 📌 ЭТАП: Слияние CF с основным списком
2026-05-24 19:06:01,557 | INFO     | ──────────────────────────────────────────────────────────────────────
2026-05-24 19:06:01,558 | INFO     | 🔄 Добавлено 50 новых CF-VLESS в /home/runner/work/vpn-vless-configs-russia/vpn-vless-configs-russia/githubmirror/clean/vless.txt
2026-05-24 19:06:01,558 | INFO     | 📊 Всего в clean/vless.txt теперь: 61
2026-05-24 19:06:01,558 | INFO     | 
2026-05-24 19:06:01,558 | INFO     | 
2026-05-24 19:06:01,558 | INFO     | ──────────────────────────────────────────────────────────────────────
2026-05-24 19:06:01,559 | INFO     | 📌 ЭТАП: Фильтрация по реальному SNI
2026-05-24 19:06:01,559 | INFO     | ──────────────────────────────────────────────────────────────────────
2026-05-24 19:06:01,559 | INFO     | 🚀 Запуск filter_ru_sni.py (Фильтр по реальному SNI (CDN+RU))...
2026-05-24 19:06:01,586 | INFO     |   → ss.txt: 4 → 0 (SNI-filtered)
2026-05-24 19:06:01,586 | INFO     |   →   vless.txt: 61 → 3 (SNI-filtered)
2026-05-24 19:06:01,586 | INFO     |   →   vmess.txt: 3 → 0 (SNI-filtered)
2026-05-24 19:06:01,587 | INFO     |   → ==================================================
2026-05-24 19:06:01,587 | INFO     |   →   Всего входных:  68
2026-05-24 19:06:01,587 | INFO     |   →   Прошли фильтр:  3
2026-05-24 19:06:01,587 | INFO     |   →   Отброшено:      65
2026-05-24 19:06:01,587 | INFO     |   → ==================================================
2026-05-24 19:06:01,587 | INFO     |   → Готово → /home/runner/work/vpn-vless-configs-russia/vpn-vless-configs-russia/githubmirror/ru-sni
2026-05-24 19:06:01,587 | INFO     | ✅ filter_ru_sni.py завершён успешно
2026-05-24 19:06:01,587 | INFO     | 
2026-05-24 19:06:01,587 | INFO     | 
2026-05-24 19:06:01,587 | INFO     | ──────────────────────────────────────────────────────────────────────
2026-05-24 19:06:01,587 | INFO     | 📌 ЭТАП: Экспериментальный RU-SNI фильтр
2026-05-24 19:06:01,587 | INFO     | ──────────────────────────────────────────────────────────────────────
2026-05-24 19:06:01,587 | INFO     | 🚀 Запуск filter_ru_sni_local.py (Экспериментальный фильтр по RU-SNI (локальные домены))...
2026-05-24 19:06:01,613 | INFO     |   → ss.txt: 4 → 0 (RU-SNI)
2026-05-24 19:06:01,613 | INFO     |   → vless.txt: 61 → 0 (RU-SNI)
2026-05-24 19:06:01,613 | INFO     |   → vmess.txt: 3 → 0 (RU-SNI)
2026-05-24 19:06:01,614 | INFO     |   → ==================================================
2026-05-24 19:06:01,614 | INFO     |   → Всего входных:  68
2026-05-24 19:06:01,614 | INFO     |   → Прошли RU-SNI:  0
2026-05-24 19:06:01,614 | INFO     |   → Отброшено:      68
2026-05-24 19:06:01,614 | INFO     |   → ==================================================
2026-05-24 19:06:01,614 | INFO     |   → Готово → /home/runner/work/vpn-vless-configs-russia/vpn-vless-configs-russia/githubmirror/ru-sni-local
2026-05-24 19:06:01,614 | INFO     | ✅ filter_ru_sni_local.py завершён успешно
2026-05-24 19:06:01,614 | INFO     | 
2026-05-24 19:06:01,614 | INFO     | 
2026-05-24 19:06:01,614 | INFO     | ──────────────────────────────────────────────────────────────────────
2026-05-24 19:06:01,614 | INFO     | 📌 ЭТАП: Сбор статистики
2026-05-24 19:06:01,614 | INFO     | ──────────────────────────────────────────────────────────────────────
2026-05-24 19:06:01,614 | INFO     | 📊 Сбор статистики...
2026-05-24 19:06:01,614 | INFO     |   📁 githubmirror/clean:
2026-05-24 19:06:01,615 | INFO     |     • ss          :     4 конфигов
2026-05-24 19:06:01,615 | INFO     |     • vless       :    61 конфигов
2026-05-24 19:06:01,615 | INFO     |     • vmess       :     3 конфигов
2026-05-24 19:06:01,615 | INFO     |   📁 githubmirror/ru-sni:
2026-05-24 19:06:01,615 | INFO     |     • ss          :     0 конфигов (  0.0% от clean)
2026-05-24 19:06:01,615 | INFO     |     • vless       :     3 конфигов (  4.9% от clean)
2026-05-24 19:06:01,615 | INFO     |     • vmess       :     0 конфигов (  0.0% от clean)
2026-05-24 19:06:01,615 | INFO     |   ✨ Новых CF-VLESS в этом запуске: 50
2026-05-24 19:06:01,616 | INFO     | 
2026-05-24 19:06:01,616 | INFO     |   ──────────────────────────────────────────────────
2026-05-24 19:06:01,616 | INFO     |   📈 ИТОГО:
2026-05-24 19:06:01,616 | INFO     |     Clean (после geo-фильтра):       68
2026-05-24 19:06:01,616 | INFO     |     RU-SNI (после SNI-фильтра):       3
2026-05-24 19:06:01,616 | INFO     |     Прошло фильтр:                  4.4%
2026-05-24 19:06:01,616 | INFO     |   ──────────────────────────────────────────────────
2026-05-24 19:06:01,616 | INFO     | ✅ Статистика сохранена: /home/runner/work/vpn-vless-configs-russia/vpn-vless-configs-russia/stats.json
2026-05-24 19:06:01,616 | INFO     | 
2026-05-24 19:06:01,616 | INFO     | ======================================================================
2026-05-24 19:06:01,616 | INFO     | 📊 ИТОГОВЫЙ ОТЧЁТ
2026-05-24 19:06:01,616 | INFO     | ======================================================================
2026-05-24 19:06:01,616 | INFO     |   ✅ OK         | Загрузка и geo-фильтрация
2026-05-24 19:06:01,616 | INFO     |   ✅ OK         | Генерация 50 уникальных CF-VLESS
2026-05-24 19:06:01,616 | INFO     |   ✅ OK         | Слияние CF с основным списком
2026-05-24 19:06:01,617 | INFO     |   ✅ OK         | Фильтрация по реальному SNI
2026-05-24 19:06:01,617 | INFO     |   ✅ OK         | Экспериментальный RU-SNI фильтр
2026-05-24 19:06:01,617 | INFO     |   ✅ OK         | Сбор статистики
2026-05-24 19:06:01,617 | INFO     | ──────────────────────────────────────────────────────────────────────
2026-05-24 19:06:01,617 | INFO     | ✅ ВСЕ ЭТАПЫ УСПЕШНЫ (6/6)
2026-05-24 19:06:01,617 | INFO     | ⏰ Время завершения: 2026-05-24 19:06:01
2026-05-24 19:06:01,617 | INFO     | ======================================================================
