2026-05-17 09:54:41,426 | INFO     | ======================================================================
2026-05-17 09:54:41,426 | INFO     | 🔍 VPN KEY CHECKER - Начало проверки
2026-05-17 09:54:41,426 | INFO     | ⏰ Время старта: 2026-05-17 09:54:41
2026-05-17 09:54:41,426 | INFO     | 📂 Рабочая директория: /home/runner/work/vpn-vless-configs-russia/vpn-vless-configs-russia
2026-05-17 09:54:41,426 | INFO     | ======================================================================
2026-05-17 09:54:41,426 | INFO     | 
2026-05-17 09:54:41,426 | INFO     | 🔍 Проверка наличия скриптов...
2026-05-17 09:54:41,426 | INFO     |   ✅ mirror.py
2026-05-17 09:54:41,426 | INFO     |   ✅ generate_cf_vless.py
2026-05-17 09:54:41,426 | INFO     |   ✅ filter_ru_sni.py
2026-05-17 09:54:41,426 | INFO     |   ✅ filter_ru_sni_local.py
2026-05-17 09:54:41,426 | INFO     | 
2026-05-17 09:54:41,426 | INFO     | 
2026-05-17 09:54:41,426 | INFO     | ──────────────────────────────────────────────────────────────────────
2026-05-17 09:54:41,427 | INFO     | 📌 ЭТАП: Загрузка и geo-фильтрация
2026-05-17 09:54:41,427 | INFO     | ──────────────────────────────────────────────────────────────────────
2026-05-17 09:54:41,427 | INFO     | 🚀 Запуск mirror.py (Загрузка и фильтрация по РФ/СНГ/Европа)...
2026-05-17 09:54:44,669 | INFO     |   → 🚀 Старт: всего источников (старые + новые): 6
2026-05-17 09:54:44,669 | INFO     |   → 1/6: ✅ 0 взято | 🗑️ 0 мусор
2026-05-17 09:54:44,669 | INFO     |   → 2/6: ✅ 0 взято | 🗑️ 0 мусор
2026-05-17 09:54:44,669 | INFO     |   → 3/6: ✅ 2 взято | 🗑️ 167 мусор
2026-05-17 09:54:44,669 | INFO     |   → 4/6: ✅ 0 взято | 🗑️ 0 мусор
2026-05-17 09:54:44,669 | INFO     |   → 5/6: ✅ 6 взято | 🗑️ 17 мусор
2026-05-17 09:54:44,669 | INFO     |   → 6/6: ✅ 0 взято | 🗑️ 17 мусор
2026-05-17 09:54:44,669 | INFO     |   → ✅ ГОТОВО!
2026-05-17 09:54:44,670 | INFO     |   →    📥 Всего ключей после фильтра: 8
2026-05-17 09:54:44,670 | INFO     |   →    🔗 Уникальных IP:PORT:SCHEME: 8
2026-05-17 09:54:44,670 | INFO     |   →    🗑️ Выброшено мусора: 201
2026-05-17 09:54:44,670 | INFO     |   → 📊 По протоколам:
2026-05-17 09:54:44,670 | INFO     |   →    vless: 3
2026-05-17 09:54:44,670 | INFO     |   →    vmess: 3
2026-05-17 09:54:44,670 | INFO     |   →    ss: 1
2026-05-17 09:54:44,670 | INFO     |   →    hysteria2: 1
2026-05-17 09:54:44,670 | INFO     | ✅ mirror.py завершён успешно
2026-05-17 09:54:44,670 | INFO     | 
2026-05-17 09:54:44,670 | INFO     | 
2026-05-17 09:54:44,670 | INFO     | ──────────────────────────────────────────────────────────────────────
2026-05-17 09:54:44,670 | INFO     | 📌 ЭТАП: Генерация 50 уникальных CF-VLESS
2026-05-17 09:54:44,670 | INFO     | ──────────────────────────────────────────────────────────────────────
2026-05-17 09:54:44,670 | INFO     | 🚀 Запуск generate_cf_vless.py (50 новых CF-VLESS)...
2026-05-17 09:54:45,662 | INFO     |   → ======================================================================
2026-05-17 09:54:45,662 | INFO     |   → 🗺️  Генератор свежих VLESS-конфигов на IP Cloudflare
2026-05-17 09:54:45,662 | INFO     |   → ======================================================================
2026-05-17 09:54:45,662 | INFO     |   →   → Загружаем актуальные IP-диапазоны Cloudflare: https://www.cloudflare.com/ips-v4
2026-05-17 09:54:45,662 | INFO     |   →   → Найдено 15 IPv4 CIDR-блоков. Преобразуем их в IP-адреса...
2026-05-17 09:54:45,663 | INFO     |   → ✅ Успешно загружено и подготовлено 7500 IP-адресов для ротации.
2026-05-17 09:54:45,663 | INFO     |   → ✨ Сгенерировано и сохранено 50 VLESS-конфигов.
2026-05-17 09:54:45,663 | INFO     |   → 📂 Файл: /home/runner/work/vpn-vless-configs-russia/vpn-vless-configs-russia/githubmirror/new/cf_fresh.txt
2026-05-17 09:54:45,663 | INFO     |   → ======================================================================
2026-05-17 09:54:45,663 | INFO     | ✅ generate_cf_vless.py завершён успешно
2026-05-17 09:54:45,663 | INFO     | 
2026-05-17 09:54:45,663 | INFO     | 
2026-05-17 09:54:45,663 | INFO     | ──────────────────────────────────────────────────────────────────────
2026-05-17 09:54:45,663 | INFO     | 📌 ЭТАП: Слияние CF с основным списком
2026-05-17 09:54:45,663 | INFO     | ──────────────────────────────────────────────────────────────────────
2026-05-17 09:54:45,664 | INFO     | 🔄 Добавлено 49 новых CF-VLESS в /home/runner/work/vpn-vless-configs-russia/vpn-vless-configs-russia/githubmirror/clean/vless.txt
2026-05-17 09:54:45,664 | INFO     | 📊 Всего в clean/vless.txt теперь: 52
2026-05-17 09:54:45,664 | INFO     | 
2026-05-17 09:54:45,664 | INFO     | 
2026-05-17 09:54:45,664 | INFO     | ──────────────────────────────────────────────────────────────────────
2026-05-17 09:54:45,664 | INFO     | 📌 ЭТАП: Фильтрация по реальному SNI
2026-05-17 09:54:45,664 | INFO     | ──────────────────────────────────────────────────────────────────────
2026-05-17 09:54:45,664 | INFO     | 🚀 Запуск filter_ru_sni.py (Фильтр по реальному SNI (CDN+RU))...
2026-05-17 09:54:45,694 | INFO     |   → hysteria2.txt: 1 → 0 (SNI-filtered)
2026-05-17 09:54:45,694 | INFO     |   →   ss.txt: 1 → 0 (SNI-filtered)
2026-05-17 09:54:45,694 | INFO     |   →   vless.txt: 52 → 0 (SNI-filtered)
2026-05-17 09:54:45,694 | INFO     |   →   vmess.txt: 3 → 0 (SNI-filtered)
2026-05-17 09:54:45,694 | INFO     |   → ==================================================
2026-05-17 09:54:45,694 | INFO     |   →   Всего входных:  57
2026-05-17 09:54:45,694 | INFO     |   →   Прошли фильтр:  0
2026-05-17 09:54:45,694 | INFO     |   →   Отброшено:      57
2026-05-17 09:54:45,694 | INFO     |   → ==================================================
2026-05-17 09:54:45,694 | INFO     |   → Готово → /home/runner/work/vpn-vless-configs-russia/vpn-vless-configs-russia/githubmirror/ru-sni
2026-05-17 09:54:45,694 | INFO     | ✅ filter_ru_sni.py завершён успешно
2026-05-17 09:54:45,694 | INFO     | 
2026-05-17 09:54:45,694 | INFO     | 
2026-05-17 09:54:45,694 | INFO     | ──────────────────────────────────────────────────────────────────────
2026-05-17 09:54:45,694 | INFO     | 📌 ЭТАП: Экспериментальный RU-SNI фильтр
2026-05-17 09:54:45,694 | INFO     | ──────────────────────────────────────────────────────────────────────
2026-05-17 09:54:45,694 | INFO     | 🚀 Запуск filter_ru_sni_local.py (Экспериментальный фильтр по RU-SNI (локальные домены))...
2026-05-17 09:54:45,725 | INFO     |   → hysteria2.txt: 1 → 0 (RU-SNI)
2026-05-17 09:54:45,725 | INFO     |   → ss.txt: 1 → 0 (RU-SNI)
2026-05-17 09:54:45,725 | INFO     |   → vless.txt: 52 → 0 (RU-SNI)
2026-05-17 09:54:45,725 | INFO     |   → vmess.txt: 3 → 0 (RU-SNI)
2026-05-17 09:54:45,725 | INFO     |   → ==================================================
2026-05-17 09:54:45,725 | INFO     |   → Всего входных:  57
2026-05-17 09:54:45,725 | INFO     |   → Прошли RU-SNI:  0
2026-05-17 09:54:45,725 | INFO     |   → Отброшено:      57
2026-05-17 09:54:45,725 | INFO     |   → ==================================================
2026-05-17 09:54:45,725 | INFO     |   → Готово → /home/runner/work/vpn-vless-configs-russia/vpn-vless-configs-russia/githubmirror/ru-sni-local
2026-05-17 09:54:45,725 | INFO     | ✅ filter_ru_sni_local.py завершён успешно
2026-05-17 09:54:45,725 | INFO     | 
2026-05-17 09:54:45,725 | INFO     | 
2026-05-17 09:54:45,726 | INFO     | ──────────────────────────────────────────────────────────────────────
2026-05-17 09:54:45,726 | INFO     | 📌 ЭТАП: Сбор статистики
2026-05-17 09:54:45,726 | INFO     | ──────────────────────────────────────────────────────────────────────
2026-05-17 09:54:45,726 | INFO     | 📊 Сбор статистики...
2026-05-17 09:54:45,726 | INFO     |   📁 githubmirror/clean:
2026-05-17 09:54:45,726 | INFO     |     • hysteria2   :     1 конфигов
2026-05-17 09:54:45,726 | INFO     |     • ss          :     1 конфигов
2026-05-17 09:54:45,726 | INFO     |     • vless       :    52 конфигов
2026-05-17 09:54:45,726 | INFO     |     • vmess       :     3 конфигов
2026-05-17 09:54:45,726 | INFO     |   📁 githubmirror/ru-sni:
2026-05-17 09:54:45,727 | INFO     |     • hysteria2   :     0 конфигов (  0.0% от clean)
2026-05-17 09:54:45,727 | INFO     |     • ss          :     0 конфигов (  0.0% от clean)
2026-05-17 09:54:45,727 | INFO     |     • vless       :     0 конфигов (  0.0% от clean)
2026-05-17 09:54:45,727 | INFO     |     • vmess       :     0 конфигов (  0.0% от clean)
2026-05-17 09:54:45,727 | INFO     |   ✨ Новых CF-VLESS в этом запуске: 50
2026-05-17 09:54:45,727 | INFO     | 
2026-05-17 09:54:45,727 | INFO     |   ──────────────────────────────────────────────────
2026-05-17 09:54:45,727 | INFO     |   📈 ИТОГО:
2026-05-17 09:54:45,727 | INFO     |     Clean (после geo-фильтра):       57
2026-05-17 09:54:45,727 | INFO     |     RU-SNI (после SNI-фильтра):       0
2026-05-17 09:54:45,727 | INFO     |     Прошло фильтр:                  0.0%
2026-05-17 09:54:45,727 | INFO     |   ──────────────────────────────────────────────────
2026-05-17 09:54:45,727 | INFO     | ✅ Статистика сохранена: /home/runner/work/vpn-vless-configs-russia/vpn-vless-configs-russia/stats.json
2026-05-17 09:54:45,728 | INFO     | 
2026-05-17 09:54:45,728 | INFO     | ======================================================================
2026-05-17 09:54:45,728 | INFO     | 📊 ИТОГОВЫЙ ОТЧЁТ
2026-05-17 09:54:45,728 | INFO     | ======================================================================
2026-05-17 09:54:45,728 | INFO     |   ✅ OK         | Загрузка и geo-фильтрация
2026-05-17 09:54:45,728 | INFO     |   ✅ OK         | Генерация 50 уникальных CF-VLESS
2026-05-17 09:54:45,728 | INFO     |   ✅ OK         | Слияние CF с основным списком
2026-05-17 09:54:45,728 | INFO     |   ✅ OK         | Фильтрация по реальному SNI
2026-05-17 09:54:45,728 | INFO     |   ✅ OK         | Экспериментальный RU-SNI фильтр
2026-05-17 09:54:45,728 | INFO     |   ✅ OK         | Сбор статистики
2026-05-17 09:54:45,728 | INFO     | ──────────────────────────────────────────────────────────────────────
2026-05-17 09:54:45,728 | INFO     | ✅ ВСЕ ЭТАПЫ УСПЕШНЫ (6/6)
2026-05-17 09:54:45,728 | INFO     | ⏰ Время завершения: 2026-05-17 09:54:45
2026-05-17 09:54:45,728 | INFO     | ======================================================================
