2026-05-26 09:39:59,177 | INFO     | ======================================================================
2026-05-26 09:39:59,177 | INFO     | 🔍 VPN KEY CHECKER - Начало проверки
2026-05-26 09:39:59,177 | INFO     | ⏰ Время старта: 2026-05-26 09:39:59
2026-05-26 09:39:59,177 | INFO     | 📂 Рабочая директория: /home/runner/work/vpn-vless-configs-russia/vpn-vless-configs-russia
2026-05-26 09:39:59,177 | INFO     | ======================================================================
2026-05-26 09:39:59,177 | INFO     | 
2026-05-26 09:39:59,177 | INFO     | 🔍 Проверка наличия скриптов...
2026-05-26 09:39:59,177 | INFO     |   ✅ mirror.py
2026-05-26 09:39:59,178 | INFO     |   ✅ generate_cf_vless.py
2026-05-26 09:39:59,178 | INFO     |   ✅ filter_ru_sni.py
2026-05-26 09:39:59,178 | INFO     |   ✅ filter_ru_sni_local.py
2026-05-26 09:39:59,178 | INFO     | 
2026-05-26 09:39:59,178 | INFO     | 
2026-05-26 09:39:59,178 | INFO     | ──────────────────────────────────────────────────────────────────────
2026-05-26 09:39:59,178 | INFO     | 📌 ЭТАП: Загрузка и geo-фильтрация
2026-05-26 09:39:59,178 | INFO     | ──────────────────────────────────────────────────────────────────────
2026-05-26 09:39:59,178 | INFO     | 🚀 Запуск mirror.py (Загрузка и фильтрация по РФ/СНГ/Европа)...
2026-05-26 09:40:02,743 | INFO     |   → 🚀 Старт: всего источников (старые + новые): 10
2026-05-26 09:40:02,743 | INFO     |   → 1/10: ✅ 0 взято | 🗑️ 0 мусор
2026-05-26 09:40:02,743 | INFO     |   → 2/10: ✅ 0 взято | 🗑️ 0 мусор
2026-05-26 09:40:02,743 | INFO     |   → 3/10: ✅ 0 взято | 🗑️ 0 мусор
2026-05-26 09:40:02,743 | INFO     |   → 4/10: ✅ 8 взято | 🗑️ 248 мусор
2026-05-26 09:40:02,744 | INFO     |   → 5/10: ✅ 1 взято | 🗑️ 162 мусор
2026-05-26 09:40:02,744 | INFO     |   → 6/10: ✅ 0 взято | 🗑️ 0 мусор
2026-05-26 09:40:02,744 | INFO     |   → 7/10: ✅ 6 взято | 🗑️ 24 мусор
2026-05-26 09:40:02,744 | INFO     |   → 8/10: ✅ 0 взято | 🗑️ 24 мусор
2026-05-26 09:40:02,744 | INFO     |   → 9/10: ✅ 7 взято | 🗑️ 18 мусор
2026-05-26 09:40:02,744 | INFO     |   → 10/10: ✅ 0 взято | 🗑️ 0 мусор
2026-05-26 09:40:02,744 | INFO     |   → ✅ ГОТОВО!
2026-05-26 09:40:02,744 | INFO     |   →    📥 Всего ключей после фильтра: 22
2026-05-26 09:40:02,744 | INFO     |   →    🔗 Уникальных IP:PORT:SCHEME: 22
2026-05-26 09:40:02,744 | INFO     |   →    🗑️ Выброшено мусора: 476
2026-05-26 09:40:02,744 | INFO     |   → 📊 По протоколам:
2026-05-26 09:40:02,744 | INFO     |   →    vless: 12
2026-05-26 09:40:02,744 | INFO     |   →    vmess: 5
2026-05-26 09:40:02,744 | INFO     |   →    trojan: 1
2026-05-26 09:40:02,744 | INFO     |   →    ss: 4
2026-05-26 09:40:02,744 | INFO     | ✅ mirror.py завершён успешно
2026-05-26 09:40:02,745 | INFO     | 
2026-05-26 09:40:02,745 | INFO     | 
2026-05-26 09:40:02,745 | INFO     | ──────────────────────────────────────────────────────────────────────
2026-05-26 09:40:02,745 | INFO     | 📌 ЭТАП: Генерация 50 уникальных CF-VLESS
2026-05-26 09:40:02,745 | INFO     | ──────────────────────────────────────────────────────────────────────
2026-05-26 09:40:02,745 | INFO     | 🚀 Запуск generate_cf_vless.py (50 новых CF-VLESS)...
2026-05-26 09:40:03,769 | INFO     |   → ======================================================================
2026-05-26 09:40:03,769 | INFO     |   → 🗺️  Генератор свежих VLESS-конфигов на IP Cloudflare
2026-05-26 09:40:03,769 | INFO     |   → ======================================================================
2026-05-26 09:40:03,769 | INFO     |   →   → Загружаем актуальные IP-диапазоны Cloudflare: https://www.cloudflare.com/ips-v4
2026-05-26 09:40:03,769 | INFO     |   →   → Найдено 15 IPv4 CIDR-блоков. Преобразуем их в IP-адреса...
2026-05-26 09:40:03,769 | INFO     |   → ✅ Успешно загружено и подготовлено 7500 IP-адресов для ротации.
2026-05-26 09:40:03,769 | INFO     |   → ✨ Сгенерировано и сохранено 50 VLESS-конфигов.
2026-05-26 09:40:03,769 | INFO     |   → 📂 Файл: /home/runner/work/vpn-vless-configs-russia/vpn-vless-configs-russia/githubmirror/new/cf_fresh.txt
2026-05-26 09:40:03,769 | INFO     |   → ======================================================================
2026-05-26 09:40:03,769 | INFO     | ✅ generate_cf_vless.py завершён успешно
2026-05-26 09:40:03,769 | INFO     | 
2026-05-26 09:40:03,769 | INFO     | 
2026-05-26 09:40:03,769 | INFO     | ──────────────────────────────────────────────────────────────────────
2026-05-26 09:40:03,769 | INFO     | 📌 ЭТАП: Слияние CF с основным списком
2026-05-26 09:40:03,769 | INFO     | ──────────────────────────────────────────────────────────────────────
2026-05-26 09:40:03,771 | INFO     | 🔄 Добавлено 50 новых CF-VLESS в /home/runner/work/vpn-vless-configs-russia/vpn-vless-configs-russia/githubmirror/clean/vless.txt
2026-05-26 09:40:03,772 | INFO     | 📊 Всего в clean/vless.txt теперь: 62
2026-05-26 09:40:03,772 | INFO     | 
2026-05-26 09:40:03,772 | INFO     | 
2026-05-26 09:40:03,772 | INFO     | ──────────────────────────────────────────────────────────────────────
2026-05-26 09:40:03,772 | INFO     | 📌 ЭТАП: Фильтрация по реальному SNI
2026-05-26 09:40:03,772 | INFO     | ──────────────────────────────────────────────────────────────────────
2026-05-26 09:40:03,772 | INFO     | 🚀 Запуск filter_ru_sni.py (Фильтр по реальному SNI (CDN+RU))...
2026-05-26 09:40:03,800 | INFO     |   → ss.txt: 4 → 0 (SNI-filtered)
2026-05-26 09:40:03,801 | INFO     |   →   trojan.txt: 1 → 0 (SNI-filtered)
2026-05-26 09:40:03,801 | INFO     |   →   vless.txt: 62 → 5 (SNI-filtered)
2026-05-26 09:40:03,801 | INFO     |   →   vmess.txt: 5 → 0 (SNI-filtered)
2026-05-26 09:40:03,801 | INFO     |   → ==================================================
2026-05-26 09:40:03,801 | INFO     |   →   Всего входных:  72
2026-05-26 09:40:03,801 | INFO     |   →   Прошли фильтр:  5
2026-05-26 09:40:03,801 | INFO     |   →   Отброшено:      67
2026-05-26 09:40:03,801 | INFO     |   → ==================================================
2026-05-26 09:40:03,801 | INFO     |   → Готово → /home/runner/work/vpn-vless-configs-russia/vpn-vless-configs-russia/githubmirror/ru-sni
2026-05-26 09:40:03,801 | INFO     | ✅ filter_ru_sni.py завершён успешно
2026-05-26 09:40:03,801 | INFO     | 
2026-05-26 09:40:03,801 | INFO     | 
2026-05-26 09:40:03,801 | INFO     | ──────────────────────────────────────────────────────────────────────
2026-05-26 09:40:03,801 | INFO     | 📌 ЭТАП: Экспериментальный RU-SNI фильтр
2026-05-26 09:40:03,801 | INFO     | ──────────────────────────────────────────────────────────────────────
2026-05-26 09:40:03,801 | INFO     | 🚀 Запуск filter_ru_sni_local.py (Экспериментальный фильтр по RU-SNI (локальные домены))...
2026-05-26 09:40:03,828 | INFO     |   → ss.txt: 4 → 0 (RU-SNI)
2026-05-26 09:40:03,828 | INFO     |   → trojan.txt: 1 → 0 (RU-SNI)
2026-05-26 09:40:03,829 | INFO     |   → vless.txt: 62 → 2 (RU-SNI)
2026-05-26 09:40:03,829 | INFO     |   → vmess.txt: 5 → 0 (RU-SNI)
2026-05-26 09:40:03,829 | INFO     |   → ==================================================
2026-05-26 09:40:03,829 | INFO     |   → Всего входных:  72
2026-05-26 09:40:03,829 | INFO     |   → Прошли RU-SNI:  2
2026-05-26 09:40:03,829 | INFO     |   → Отброшено:      70
2026-05-26 09:40:03,829 | INFO     |   → ==================================================
2026-05-26 09:40:03,829 | INFO     |   → Готово → /home/runner/work/vpn-vless-configs-russia/vpn-vless-configs-russia/githubmirror/ru-sni-local
2026-05-26 09:40:03,829 | INFO     | ✅ filter_ru_sni_local.py завершён успешно
2026-05-26 09:40:03,829 | INFO     | 
2026-05-26 09:40:03,829 | INFO     | 
2026-05-26 09:40:03,829 | INFO     | ──────────────────────────────────────────────────────────────────────
2026-05-26 09:40:03,829 | INFO     | 📌 ЭТАП: Сбор статистики
2026-05-26 09:40:03,829 | INFO     | ──────────────────────────────────────────────────────────────────────
2026-05-26 09:40:03,829 | INFO     | 📊 Сбор статистики...
2026-05-26 09:40:03,829 | INFO     |   📁 githubmirror/clean:
2026-05-26 09:40:03,830 | INFO     |     • ss          :     4 конфигов
2026-05-26 09:40:03,830 | INFO     |     • trojan      :     1 конфигов
2026-05-26 09:40:03,830 | INFO     |     • vless       :    62 конфигов
2026-05-26 09:40:03,830 | INFO     |     • vmess       :     5 конфигов
2026-05-26 09:40:03,830 | INFO     |   📁 githubmirror/ru-sni:
2026-05-26 09:40:03,830 | INFO     |     • ss          :     0 конфигов (  0.0% от clean)
2026-05-26 09:40:03,830 | INFO     |     • trojan      :     0 конфигов (  0.0% от clean)
2026-05-26 09:40:03,831 | INFO     |     • vless       :     5 конфигов (  8.1% от clean)
2026-05-26 09:40:03,831 | INFO     |     • vmess       :     0 конфигов (  0.0% от clean)
2026-05-26 09:40:03,831 | INFO     |   ✨ Новых CF-VLESS в этом запуске: 50
2026-05-26 09:40:03,831 | INFO     | 
2026-05-26 09:40:03,831 | INFO     |   ──────────────────────────────────────────────────
2026-05-26 09:40:03,831 | INFO     |   📈 ИТОГО:
2026-05-26 09:40:03,831 | INFO     |     Clean (после geo-фильтра):       72
2026-05-26 09:40:03,831 | INFO     |     RU-SNI (после SNI-фильтра):       5
2026-05-26 09:40:03,831 | INFO     |     Прошло фильтр:                  6.9%
2026-05-26 09:40:03,831 | INFO     |   ──────────────────────────────────────────────────
2026-05-26 09:40:03,831 | INFO     | ✅ Статистика сохранена: /home/runner/work/vpn-vless-configs-russia/vpn-vless-configs-russia/stats.json
2026-05-26 09:40:03,832 | INFO     | 
2026-05-26 09:40:03,832 | INFO     | ======================================================================
2026-05-26 09:40:03,832 | INFO     | 📊 ИТОГОВЫЙ ОТЧЁТ
2026-05-26 09:40:03,832 | INFO     | ======================================================================
2026-05-26 09:40:03,832 | INFO     |   ✅ OK         | Загрузка и geo-фильтрация
2026-05-26 09:40:03,832 | INFO     |   ✅ OK         | Генерация 50 уникальных CF-VLESS
2026-05-26 09:40:03,832 | INFO     |   ✅ OK         | Слияние CF с основным списком
2026-05-26 09:40:03,832 | INFO     |   ✅ OK         | Фильтрация по реальному SNI
2026-05-26 09:40:03,832 | INFO     |   ✅ OK         | Экспериментальный RU-SNI фильтр
2026-05-26 09:40:03,832 | INFO     |   ✅ OK         | Сбор статистики
2026-05-26 09:40:03,832 | INFO     | ──────────────────────────────────────────────────────────────────────
2026-05-26 09:40:03,832 | INFO     | ✅ ВСЕ ЭТАПЫ УСПЕШНЫ (6/6)
2026-05-26 09:40:03,832 | INFO     | ⏰ Время завершения: 2026-05-26 09:40:03
2026-05-26 09:40:03,832 | INFO     | ======================================================================
