2026-07-02 02:30:27,473 | INFO     | ======================================================================
2026-07-02 02:30:27,473 | INFO     | 🔍 VPN KEY CHECKER - Начало проверки
2026-07-02 02:30:27,474 | INFO     | ⏰ Время старта: 2026-07-02 02:30:27
2026-07-02 02:30:27,474 | INFO     | 📂 Рабочая директория: /home/runner/work/vpn-vless-configs-russia/vpn-vless-configs-russia
2026-07-02 02:30:27,474 | INFO     | ======================================================================
2026-07-02 02:30:27,474 | INFO     | 
2026-07-02 02:30:27,474 | INFO     | 🔍 Проверка наличия скриптов...
2026-07-02 02:30:27,474 | INFO     |   ✅ mirror.py
2026-07-02 02:30:27,474 | INFO     |   ✅ generate_cf_vless.py
2026-07-02 02:30:27,474 | INFO     |   ✅ filter_ru_sni.py
2026-07-02 02:30:27,474 | INFO     |   ✅ filter_ru_sni_local.py
2026-07-02 02:30:27,474 | INFO     | 
2026-07-02 02:30:27,474 | INFO     | 
2026-07-02 02:30:27,474 | INFO     | ──────────────────────────────────────────────────────────────────────
2026-07-02 02:30:27,474 | INFO     | 📌 ЭТАП: Загрузка и geo-фильтрация
2026-07-02 02:30:27,474 | INFO     | ──────────────────────────────────────────────────────────────────────
2026-07-02 02:30:27,474 | INFO     | 🚀 Запуск mirror.py (Загрузка и фильтрация по РФ/СНГ/Европа)...
2026-07-02 02:30:31,273 | INFO     |   → 🚀 Старт: всего источников (старые + новые): 8
2026-07-02 02:30:31,273 | INFO     |   → 1/8: ✅ 0 взято | 🗑️ 0 мусор
2026-07-02 02:30:31,273 | INFO     |   → 2/8: ✅ 0 взято | 🗑️ 0 мусор
2026-07-02 02:30:31,273 | INFO     |   → 3/8: ✅ 2 взято | 🗑️ 114 мусор
2026-07-02 02:30:31,273 | INFO     |   → 4/8: ✅ 0 взято | 🗑️ 0 мусор
2026-07-02 02:30:31,273 | INFO     |   → 5/8: ✅ 2 взято | 🗑️ 183 мусор
2026-07-02 02:30:31,274 | INFO     |   → 6/8: ✅ 0 взято | 🗑️ 0 мусор
2026-07-02 02:30:31,274 | INFO     |   → 7/8: ✅ 13 взято | 🗑️ 7 мусор
2026-07-02 02:30:31,274 | INFO     |   → 8/8: ✅ 0 взято | 🗑️ 7 мусор
2026-07-02 02:30:31,274 | INFO     |   → ✅ ГОТОВО!
2026-07-02 02:30:31,274 | INFO     |   →    📥 Всего ключей после фильтра: 17
2026-07-02 02:30:31,274 | INFO     |   →    🔗 Уникальных IP:PORT:SCHEME: 17
2026-07-02 02:30:31,274 | INFO     |   →    🗑️ Выброшено мусора: 311
2026-07-02 02:30:31,274 | INFO     |   → 📊 По протоколам:
2026-07-02 02:30:31,274 | INFO     |   →    vless: 10
2026-07-02 02:30:31,274 | INFO     |   →    vmess: 1
2026-07-02 02:30:31,274 | INFO     |   →    trojan: 2
2026-07-02 02:30:31,274 | INFO     |   →    ss: 3
2026-07-02 02:30:31,274 | INFO     |   →    hysteria2: 1
2026-07-02 02:30:31,275 | INFO     | ✅ mirror.py завершён успешно
2026-07-02 02:30:31,275 | INFO     | 
2026-07-02 02:30:31,275 | INFO     | 
2026-07-02 02:30:31,275 | INFO     | ──────────────────────────────────────────────────────────────────────
2026-07-02 02:30:31,275 | INFO     | 📌 ЭТАП: Генерация 50 уникальных CF-VLESS
2026-07-02 02:30:31,275 | INFO     | ──────────────────────────────────────────────────────────────────────
2026-07-02 02:30:31,275 | INFO     | 🚀 Запуск generate_cf_vless.py (50 новых CF-VLESS)...
2026-07-02 02:30:32,365 | INFO     |   → ======================================================================
2026-07-02 02:30:32,365 | INFO     |   → 🗺️  Генератор свежих VLESS-конфигов на IP Cloudflare
2026-07-02 02:30:32,365 | INFO     |   → ======================================================================
2026-07-02 02:30:32,365 | INFO     |   →   → Загружаем актуальные IP-диапазоны Cloudflare: https://www.cloudflare.com/ips-v4
2026-07-02 02:30:32,365 | INFO     |   →   → Найдено 15 IPv4 CIDR-блоков. Преобразуем их в IP-адреса...
2026-07-02 02:30:32,365 | INFO     |   → ✅ Успешно загружено и подготовлено 7500 IP-адресов для ротации.
2026-07-02 02:30:32,365 | INFO     |   → ✨ Сгенерировано и сохранено 50 VLESS-конфигов.
2026-07-02 02:30:32,365 | INFO     |   → 📂 Файл: /home/runner/work/vpn-vless-configs-russia/vpn-vless-configs-russia/githubmirror/new/cf_fresh.txt
2026-07-02 02:30:32,366 | INFO     |   → ======================================================================
2026-07-02 02:30:32,366 | INFO     | ✅ generate_cf_vless.py завершён успешно
2026-07-02 02:30:32,366 | INFO     | 
2026-07-02 02:30:32,366 | INFO     | 
2026-07-02 02:30:32,366 | INFO     | ──────────────────────────────────────────────────────────────────────
2026-07-02 02:30:32,366 | INFO     | 📌 ЭТАП: Слияние CF с основным списком
2026-07-02 02:30:32,366 | INFO     | ──────────────────────────────────────────────────────────────────────
2026-07-02 02:30:32,367 | INFO     | 🔄 Добавлено 50 новых CF-VLESS в /home/runner/work/vpn-vless-configs-russia/vpn-vless-configs-russia/githubmirror/clean/vless.txt
2026-07-02 02:30:32,367 | INFO     | 📊 Всего в clean/vless.txt теперь: 60
2026-07-02 02:30:32,367 | INFO     | 
2026-07-02 02:30:32,367 | INFO     | 
2026-07-02 02:30:32,367 | INFO     | ──────────────────────────────────────────────────────────────────────
2026-07-02 02:30:32,367 | INFO     | 📌 ЭТАП: Фильтрация по реальному SNI
2026-07-02 02:30:32,367 | INFO     | ──────────────────────────────────────────────────────────────────────
2026-07-02 02:30:32,368 | INFO     | 🚀 Запуск filter_ru_sni.py (Фильтр по реальному SNI (CDN+RU))...
2026-07-02 02:30:32,396 | INFO     |   → hysteria2.txt: 1 → 0 (SNI-filtered)
2026-07-02 02:30:32,396 | INFO     |   →   ss.txt: 3 → 0 (SNI-filtered)
2026-07-02 02:30:32,396 | INFO     |   →   trojan.txt: 2 → 0 (SNI-filtered)
2026-07-02 02:30:32,396 | INFO     |   →   vless.txt: 60 → 3 (SNI-filtered)
2026-07-02 02:30:32,396 | INFO     |   →   vmess.txt: 1 → 0 (SNI-filtered)
2026-07-02 02:30:32,396 | INFO     |   → ==================================================
2026-07-02 02:30:32,396 | INFO     |   →   Всего входных:  67
2026-07-02 02:30:32,396 | INFO     |   →   Прошли фильтр:  3
2026-07-02 02:30:32,396 | INFO     |   →   Отброшено:      64
2026-07-02 02:30:32,396 | INFO     |   → ==================================================
2026-07-02 02:30:32,396 | INFO     |   → Готово → /home/runner/work/vpn-vless-configs-russia/vpn-vless-configs-russia/githubmirror/ru-sni
2026-07-02 02:30:32,396 | INFO     | ✅ filter_ru_sni.py завершён успешно
2026-07-02 02:30:32,396 | INFO     | 
2026-07-02 02:30:32,396 | INFO     | 
2026-07-02 02:30:32,396 | INFO     | ──────────────────────────────────────────────────────────────────────
2026-07-02 02:30:32,396 | INFO     | 📌 ЭТАП: Экспериментальный RU-SNI фильтр
2026-07-02 02:30:32,397 | INFO     | ──────────────────────────────────────────────────────────────────────
2026-07-02 02:30:32,397 | INFO     | 🚀 Запуск filter_ru_sni_local.py (Экспериментальный фильтр по RU-SNI (локальные домены))...
2026-07-02 02:30:32,423 | INFO     |   → hysteria2.txt: 1 → 0 (RU-SNI)
2026-07-02 02:30:32,423 | INFO     |   → ss.txt: 3 → 0 (RU-SNI)
2026-07-02 02:30:32,423 | INFO     |   → trojan.txt: 2 → 0 (RU-SNI)
2026-07-02 02:30:32,423 | INFO     |   → vless.txt: 60 → 1 (RU-SNI)
2026-07-02 02:30:32,423 | INFO     |   → vmess.txt: 1 → 0 (RU-SNI)
2026-07-02 02:30:32,423 | INFO     |   → ==================================================
2026-07-02 02:30:32,423 | INFO     |   → Всего входных:  67
2026-07-02 02:30:32,423 | INFO     |   → Прошли RU-SNI:  1
2026-07-02 02:30:32,423 | INFO     |   → Отброшено:      66
2026-07-02 02:30:32,424 | INFO     |   → ==================================================
2026-07-02 02:30:32,424 | INFO     |   → Готово → /home/runner/work/vpn-vless-configs-russia/vpn-vless-configs-russia/githubmirror/ru-sni-local
2026-07-02 02:30:32,424 | INFO     | ✅ filter_ru_sni_local.py завершён успешно
2026-07-02 02:30:32,424 | INFO     | 
2026-07-02 02:30:32,424 | INFO     | 
2026-07-02 02:30:32,424 | INFO     | ──────────────────────────────────────────────────────────────────────
2026-07-02 02:30:32,424 | INFO     | 📌 ЭТАП: Сбор статистики
2026-07-02 02:30:32,424 | INFO     | ──────────────────────────────────────────────────────────────────────
2026-07-02 02:30:32,424 | INFO     | 📊 Сбор статистики...
2026-07-02 02:30:32,424 | INFO     |   📁 githubmirror/clean:
2026-07-02 02:30:32,424 | INFO     |     • hysteria2   :     1 конфигов
2026-07-02 02:30:32,424 | INFO     |     • ss          :     3 конфигов
2026-07-02 02:30:32,424 | INFO     |     • trojan      :     2 конфигов
2026-07-02 02:30:32,425 | INFO     |     • vless       :    60 конфигов
2026-07-02 02:30:32,425 | INFO     |     • vmess       :     1 конфигов
2026-07-02 02:30:32,425 | INFO     |   📁 githubmirror/ru-sni:
2026-07-02 02:30:32,425 | INFO     |     • hysteria2   :     0 конфигов (  0.0% от clean)
2026-07-02 02:30:32,425 | INFO     |     • ss          :     0 конфигов (  0.0% от clean)
2026-07-02 02:30:32,425 | INFO     |     • trojan      :     0 конфигов (  0.0% от clean)
2026-07-02 02:30:32,425 | INFO     |     • vless       :     3 конфигов (  5.0% от clean)
2026-07-02 02:30:32,425 | INFO     |     • vmess       :     0 конфигов (  0.0% от clean)
2026-07-02 02:30:32,425 | INFO     |   ✨ Новых CF-VLESS в этом запуске: 50
2026-07-02 02:30:32,426 | INFO     | 
2026-07-02 02:30:32,426 | INFO     |   ──────────────────────────────────────────────────
2026-07-02 02:30:32,426 | INFO     |   📈 ИТОГО:
2026-07-02 02:30:32,426 | INFO     |     Clean (после geo-фильтра):       67
2026-07-02 02:30:32,426 | INFO     |     RU-SNI (после SNI-фильтра):       3
2026-07-02 02:30:32,426 | INFO     |     Прошло фильтр:                  4.5%
2026-07-02 02:30:32,426 | INFO     |   ──────────────────────────────────────────────────
2026-07-02 02:30:32,426 | INFO     | ✅ Статистика сохранена: /home/runner/work/vpn-vless-configs-russia/vpn-vless-configs-russia/stats.json
2026-07-02 02:30:32,426 | INFO     | 
2026-07-02 02:30:32,426 | INFO     | ======================================================================
2026-07-02 02:30:32,426 | INFO     | 📊 ИТОГОВЫЙ ОТЧЁТ
2026-07-02 02:30:32,426 | INFO     | ======================================================================
2026-07-02 02:30:32,426 | INFO     |   ✅ OK         | Загрузка и geo-фильтрация
2026-07-02 02:30:32,426 | INFO     |   ✅ OK         | Генерация 50 уникальных CF-VLESS
2026-07-02 02:30:32,426 | INFO     |   ✅ OK         | Слияние CF с основным списком
2026-07-02 02:30:32,426 | INFO     |   ✅ OK         | Фильтрация по реальному SNI
2026-07-02 02:30:32,426 | INFO     |   ✅ OK         | Экспериментальный RU-SNI фильтр
2026-07-02 02:30:32,426 | INFO     |   ✅ OK         | Сбор статистики
2026-07-02 02:30:32,426 | INFO     | ──────────────────────────────────────────────────────────────────────
2026-07-02 02:30:32,426 | INFO     | ✅ ВСЕ ЭТАПЫ УСПЕШНЫ (6/6)
2026-07-02 02:30:32,426 | INFO     | ⏰ Время завершения: 2026-07-02 02:30:32
2026-07-02 02:30:32,426 | INFO     | ======================================================================
