2026-05-21 09:00:24,479 | INFO     | ======================================================================
2026-05-21 09:00:24,479 | INFO     | 🔍 VPN KEY CHECKER - Начало проверки
2026-05-21 09:00:24,480 | INFO     | ⏰ Время старта: 2026-05-21 09:00:24
2026-05-21 09:00:24,480 | INFO     | 📂 Рабочая директория: /home/runner/work/vpn-vless-configs-russia/vpn-vless-configs-russia
2026-05-21 09:00:24,480 | INFO     | ======================================================================
2026-05-21 09:00:24,480 | INFO     | 
2026-05-21 09:00:24,480 | INFO     | 🔍 Проверка наличия скриптов...
2026-05-21 09:00:24,480 | INFO     |   ✅ mirror.py
2026-05-21 09:00:24,480 | INFO     |   ✅ generate_cf_vless.py
2026-05-21 09:00:24,480 | INFO     |   ✅ filter_ru_sni.py
2026-05-21 09:00:24,480 | INFO     |   ✅ filter_ru_sni_local.py
2026-05-21 09:00:24,480 | INFO     | 
2026-05-21 09:00:24,480 | INFO     | 
2026-05-21 09:00:24,480 | INFO     | ──────────────────────────────────────────────────────────────────────
2026-05-21 09:00:24,480 | INFO     | 📌 ЭТАП: Загрузка и geo-фильтрация
2026-05-21 09:00:24,480 | INFO     | ──────────────────────────────────────────────────────────────────────
2026-05-21 09:00:24,480 | INFO     | 🚀 Запуск mirror.py (Загрузка и фильтрация по РФ/СНГ/Европа)...
2026-05-21 09:00:28,236 | INFO     |   → 🚀 Старт: всего источников (старые + новые): 10
2026-05-21 09:00:28,236 | INFO     |   → 1/10: ✅ 0 взято | 🗑️ 0 мусор
2026-05-21 09:00:28,236 | INFO     |   → 2/10: ✅ 0 взято | 🗑️ 0 мусор
2026-05-21 09:00:28,236 | INFO     |   → 3/10: ✅ 3 взято | 🗑️ 174 мусор
2026-05-21 09:00:28,236 | INFO     |   → 4/10: ✅ 0 взято | 🗑️ 0 мусор
2026-05-21 09:00:28,236 | INFO     |   → 5/10: ✅ 6 взято | 🗑️ 24 мусор
2026-05-21 09:00:28,236 | INFO     |   → 6/10: ✅ 0 взято | 🗑️ 24 мусор
2026-05-21 09:00:28,236 | INFO     |   → 7/10: ✅ 0 взято | 🗑️ 0 мусор
2026-05-21 09:00:28,236 | INFO     |   → 8/10: ✅ 3 взято | 🗑️ 263 мусор
2026-05-21 09:00:28,236 | INFO     |   → 9/10: ✅ 12 взято | 🗑️ 18 мусор
2026-05-21 09:00:28,237 | INFO     |   → 10/10: ✅ 0 взято | 🗑️ 0 мусор
2026-05-21 09:00:28,237 | INFO     |   → ✅ ГОТОВО!
2026-05-21 09:00:28,237 | INFO     |   →    📥 Всего ключей после фильтра: 24
2026-05-21 09:00:28,237 | INFO     |   →    🔗 Уникальных IP:PORT:SCHEME: 23
2026-05-21 09:00:28,237 | INFO     |   →    🗑️ Выброшено мусора: 503
2026-05-21 09:00:28,237 | INFO     |   → 📊 По протоколам:
2026-05-21 09:00:28,237 | INFO     |   →    vless: 13
2026-05-21 09:00:28,237 | INFO     |   →    vmess: 5
2026-05-21 09:00:28,237 | INFO     |   →    ss: 3
2026-05-21 09:00:28,237 | INFO     |   →    hysteria2: 2
2026-05-21 09:00:28,237 | INFO     | ✅ mirror.py завершён успешно
2026-05-21 09:00:28,237 | INFO     | 
2026-05-21 09:00:28,237 | INFO     | 
2026-05-21 09:00:28,237 | INFO     | ──────────────────────────────────────────────────────────────────────
2026-05-21 09:00:28,237 | INFO     | 📌 ЭТАП: Генерация 50 уникальных CF-VLESS
2026-05-21 09:00:28,237 | INFO     | ──────────────────────────────────────────────────────────────────────
2026-05-21 09:00:28,237 | INFO     | 🚀 Запуск generate_cf_vless.py (50 новых CF-VLESS)...
2026-05-21 09:00:29,168 | INFO     |   → ======================================================================
2026-05-21 09:00:29,168 | INFO     |   → 🗺️  Генератор свежих VLESS-конфигов на IP Cloudflare
2026-05-21 09:00:29,168 | INFO     |   → ======================================================================
2026-05-21 09:00:29,168 | INFO     |   →   → Загружаем актуальные IP-диапазоны Cloudflare: https://www.cloudflare.com/ips-v4
2026-05-21 09:00:29,169 | INFO     |   →   → Найдено 15 IPv4 CIDR-блоков. Преобразуем их в IP-адреса...
2026-05-21 09:00:29,169 | INFO     |   → ✅ Успешно загружено и подготовлено 7500 IP-адресов для ротации.
2026-05-21 09:00:29,169 | INFO     |   → ✨ Сгенерировано и сохранено 50 VLESS-конфигов.
2026-05-21 09:00:29,169 | INFO     |   → 📂 Файл: /home/runner/work/vpn-vless-configs-russia/vpn-vless-configs-russia/githubmirror/new/cf_fresh.txt
2026-05-21 09:00:29,169 | INFO     |   → ======================================================================
2026-05-21 09:00:29,169 | INFO     | ✅ generate_cf_vless.py завершён успешно
2026-05-21 09:00:29,169 | INFO     | 
2026-05-21 09:00:29,169 | INFO     | 
2026-05-21 09:00:29,169 | INFO     | ──────────────────────────────────────────────────────────────────────
2026-05-21 09:00:29,169 | INFO     | 📌 ЭТАП: Слияние CF с основным списком
2026-05-21 09:00:29,169 | INFO     | ──────────────────────────────────────────────────────────────────────
2026-05-21 09:00:29,170 | INFO     | 🔄 Добавлено 50 новых CF-VLESS в /home/runner/work/vpn-vless-configs-russia/vpn-vless-configs-russia/githubmirror/clean/vless.txt
2026-05-21 09:00:29,170 | INFO     | 📊 Всего в clean/vless.txt теперь: 63
2026-05-21 09:00:29,170 | INFO     | 
2026-05-21 09:00:29,170 | INFO     | 
2026-05-21 09:00:29,170 | INFO     | ──────────────────────────────────────────────────────────────────────
2026-05-21 09:00:29,170 | INFO     | 📌 ЭТАП: Фильтрация по реальному SNI
2026-05-21 09:00:29,170 | INFO     | ──────────────────────────────────────────────────────────────────────
2026-05-21 09:00:29,170 | INFO     | 🚀 Запуск filter_ru_sni.py (Фильтр по реальному SNI (CDN+RU))...
2026-05-21 09:00:29,198 | INFO     |   → hysteria2.txt: 2 → 0 (SNI-filtered)
2026-05-21 09:00:29,198 | INFO     |   →   ss.txt: 3 → 0 (SNI-filtered)
2026-05-21 09:00:29,199 | INFO     |   →   vless.txt: 63 → 4 (SNI-filtered)
2026-05-21 09:00:29,199 | INFO     |   →   vmess.txt: 5 → 0 (SNI-filtered)
2026-05-21 09:00:29,199 | INFO     |   → ==================================================
2026-05-21 09:00:29,199 | INFO     |   →   Всего входных:  73
2026-05-21 09:00:29,199 | INFO     |   →   Прошли фильтр:  4
2026-05-21 09:00:29,199 | INFO     |   →   Отброшено:      69
2026-05-21 09:00:29,199 | INFO     |   → ==================================================
2026-05-21 09:00:29,199 | INFO     |   → Готово → /home/runner/work/vpn-vless-configs-russia/vpn-vless-configs-russia/githubmirror/ru-sni
2026-05-21 09:00:29,199 | INFO     | ✅ filter_ru_sni.py завершён успешно
2026-05-21 09:00:29,199 | INFO     | 
2026-05-21 09:00:29,199 | INFO     | 
2026-05-21 09:00:29,199 | INFO     | ──────────────────────────────────────────────────────────────────────
2026-05-21 09:00:29,199 | INFO     | 📌 ЭТАП: Экспериментальный RU-SNI фильтр
2026-05-21 09:00:29,199 | INFO     | ──────────────────────────────────────────────────────────────────────
2026-05-21 09:00:29,199 | INFO     | 🚀 Запуск filter_ru_sni_local.py (Экспериментальный фильтр по RU-SNI (локальные домены))...
2026-05-21 09:00:29,225 | INFO     |   → hysteria2.txt: 2 → 0 (RU-SNI)
2026-05-21 09:00:29,225 | INFO     |   → ss.txt: 3 → 0 (RU-SNI)
2026-05-21 09:00:29,225 | INFO     |   → vless.txt: 63 → 2 (RU-SNI)
2026-05-21 09:00:29,225 | INFO     |   → vmess.txt: 5 → 0 (RU-SNI)
2026-05-21 09:00:29,225 | INFO     |   → ==================================================
2026-05-21 09:00:29,225 | INFO     |   → Всего входных:  73
2026-05-21 09:00:29,225 | INFO     |   → Прошли RU-SNI:  2
2026-05-21 09:00:29,225 | INFO     |   → Отброшено:      71
2026-05-21 09:00:29,225 | INFO     |   → ==================================================
2026-05-21 09:00:29,225 | INFO     |   → Готово → /home/runner/work/vpn-vless-configs-russia/vpn-vless-configs-russia/githubmirror/ru-sni-local
2026-05-21 09:00:29,225 | INFO     | ✅ filter_ru_sni_local.py завершён успешно
2026-05-21 09:00:29,225 | INFO     | 
2026-05-21 09:00:29,225 | INFO     | 
2026-05-21 09:00:29,225 | INFO     | ──────────────────────────────────────────────────────────────────────
2026-05-21 09:00:29,225 | INFO     | 📌 ЭТАП: Сбор статистики
2026-05-21 09:00:29,226 | INFO     | ──────────────────────────────────────────────────────────────────────
2026-05-21 09:00:29,226 | INFO     | 📊 Сбор статистики...
2026-05-21 09:00:29,226 | INFO     |   📁 githubmirror/clean:
2026-05-21 09:00:29,226 | INFO     |     • hysteria2   :     2 конфигов
2026-05-21 09:00:29,226 | INFO     |     • ss          :     3 конфигов
2026-05-21 09:00:29,226 | INFO     |     • vless       :    63 конфигов
2026-05-21 09:00:29,226 | INFO     |     • vmess       :     5 конфигов
2026-05-21 09:00:29,226 | INFO     |   📁 githubmirror/ru-sni:
2026-05-21 09:00:29,227 | INFO     |     • hysteria2   :     0 конфигов (  0.0% от clean)
2026-05-21 09:00:29,227 | INFO     |     • ss          :     0 конфигов (  0.0% от clean)
2026-05-21 09:00:29,227 | INFO     |     • vless       :     4 конфигов (  6.3% от clean)
2026-05-21 09:00:29,227 | INFO     |     • vmess       :     0 конфигов (  0.0% от clean)
2026-05-21 09:00:29,227 | INFO     |   ✨ Новых CF-VLESS в этом запуске: 50
2026-05-21 09:00:29,227 | INFO     | 
2026-05-21 09:00:29,227 | INFO     |   ──────────────────────────────────────────────────
2026-05-21 09:00:29,227 | INFO     |   📈 ИТОГО:
2026-05-21 09:00:29,227 | INFO     |     Clean (после geo-фильтра):       73
2026-05-21 09:00:29,227 | INFO     |     RU-SNI (после SNI-фильтра):       4
2026-05-21 09:00:29,227 | INFO     |     Прошло фильтр:                  5.5%
2026-05-21 09:00:29,227 | INFO     |   ──────────────────────────────────────────────────
2026-05-21 09:00:29,228 | INFO     | ✅ Статистика сохранена: /home/runner/work/vpn-vless-configs-russia/vpn-vless-configs-russia/stats.json
2026-05-21 09:00:29,228 | INFO     | 
2026-05-21 09:00:29,228 | INFO     | ======================================================================
2026-05-21 09:00:29,228 | INFO     | 📊 ИТОГОВЫЙ ОТЧЁТ
2026-05-21 09:00:29,228 | INFO     | ======================================================================
2026-05-21 09:00:29,228 | INFO     |   ✅ OK         | Загрузка и geo-фильтрация
2026-05-21 09:00:29,228 | INFO     |   ✅ OK         | Генерация 50 уникальных CF-VLESS
2026-05-21 09:00:29,228 | INFO     |   ✅ OK         | Слияние CF с основным списком
2026-05-21 09:00:29,228 | INFO     |   ✅ OK         | Фильтрация по реальному SNI
2026-05-21 09:00:29,228 | INFO     |   ✅ OK         | Экспериментальный RU-SNI фильтр
2026-05-21 09:00:29,228 | INFO     |   ✅ OK         | Сбор статистики
2026-05-21 09:00:29,228 | INFO     | ──────────────────────────────────────────────────────────────────────
2026-05-21 09:00:29,228 | INFO     | ✅ ВСЕ ЭТАПЫ УСПЕШНЫ (6/6)
2026-05-21 09:00:29,228 | INFO     | ⏰ Время завершения: 2026-05-21 09:00:29
2026-05-21 09:00:29,228 | INFO     | ======================================================================
