2026-05-24 02:30:48,007 | INFO     | ======================================================================
2026-05-24 02:30:48,007 | INFO     | 🔍 VPN KEY CHECKER - Начало проверки
2026-05-24 02:30:48,007 | INFO     | ⏰ Время старта: 2026-05-24 02:30:48
2026-05-24 02:30:48,007 | INFO     | 📂 Рабочая директория: /home/runner/work/vpn-vless-configs-russia/vpn-vless-configs-russia
2026-05-24 02:30:48,007 | INFO     | ======================================================================
2026-05-24 02:30:48,007 | INFO     | 
2026-05-24 02:30:48,008 | INFO     | 🔍 Проверка наличия скриптов...
2026-05-24 02:30:48,008 | INFO     |   ✅ mirror.py
2026-05-24 02:30:48,008 | INFO     |   ✅ generate_cf_vless.py
2026-05-24 02:30:48,008 | INFO     |   ✅ filter_ru_sni.py
2026-05-24 02:30:48,008 | INFO     |   ✅ filter_ru_sni_local.py
2026-05-24 02:30:48,008 | INFO     | 
2026-05-24 02:30:48,008 | INFO     | 
2026-05-24 02:30:48,008 | INFO     | ──────────────────────────────────────────────────────────────────────
2026-05-24 02:30:48,008 | INFO     | 📌 ЭТАП: Загрузка и geo-фильтрация
2026-05-24 02:30:48,008 | INFO     | ──────────────────────────────────────────────────────────────────────
2026-05-24 02:30:48,008 | INFO     | 🚀 Запуск mirror.py (Загрузка и фильтрация по РФ/СНГ/Европа)...
2026-05-24 02:30:52,255 | INFO     |   → 🚀 Старт: всего источников (старые + новые): 12
2026-05-24 02:30:52,255 | INFO     |   → 1/12: ✅ 0 взято | 🗑️ 0 мусор
2026-05-24 02:30:52,255 | INFO     |   → 2/12: ✅ 0 взято | 🗑️ 0 мусор
2026-05-24 02:30:52,255 | INFO     |   → 3/12: ✅ 0 взято | 🗑️ 0 мусор
2026-05-24 02:30:52,255 | INFO     |   → 4/12: ✅ 11 взято | 🗑️ 268 мусор
2026-05-24 02:30:52,255 | INFO     |   → 5/12: ✅ 3 взято | 🗑️ 170 мусор
2026-05-24 02:30:52,255 | INFO     |   → 6/12: ✅ 0 взято | 🗑️ 0 мусор
2026-05-24 02:30:52,255 | INFO     |   → 7/12: ✅ 6 взято | 🗑️ 24 мусор
2026-05-24 02:30:52,255 | INFO     |   → 8/12: ✅ 0 взято | 🗑️ 24 мусор
2026-05-24 02:30:52,256 | INFO     |   → 9/12: ✅ 0 взято | 🗑️ 0 мусор
2026-05-24 02:30:52,256 | INFO     |   → 10/12: ✅ 3 взято | 🗑️ 322 мусор
2026-05-24 02:30:52,256 | INFO     |   → 11/12: ✅ 4 взято | 🗑️ 21 мусор
2026-05-24 02:30:52,256 | INFO     |   → 12/12: ✅ 0 взято | 🗑️ 0 мусор
2026-05-24 02:30:52,256 | INFO     |   → ✅ ГОТОВО!
2026-05-24 02:30:52,256 | INFO     |   →    📥 Всего ключей после фильтра: 27
2026-05-24 02:30:52,256 | INFO     |   →    🔗 Уникальных IP:PORT:SCHEME: 24
2026-05-24 02:30:52,256 | INFO     |   →    🗑️ Выброшено мусора: 829
2026-05-24 02:30:52,256 | INFO     |   → 📊 По протоколам:
2026-05-24 02:30:52,256 | INFO     |   →    vless: 11
2026-05-24 02:30:52,256 | INFO     |   →    vmess: 7
2026-05-24 02:30:52,256 | INFO     |   →    trojan: 2
2026-05-24 02:30:52,256 | INFO     |   →    ss: 3
2026-05-24 02:30:52,256 | INFO     |   →    hysteria2: 1
2026-05-24 02:30:52,256 | INFO     | ✅ mirror.py завершён успешно
2026-05-24 02:30:52,256 | INFO     | 
2026-05-24 02:30:52,256 | INFO     | 
2026-05-24 02:30:52,256 | INFO     | ──────────────────────────────────────────────────────────────────────
2026-05-24 02:30:52,256 | INFO     | 📌 ЭТАП: Генерация 50 уникальных CF-VLESS
2026-05-24 02:30:52,256 | INFO     | ──────────────────────────────────────────────────────────────────────
2026-05-24 02:30:52,257 | INFO     | 🚀 Запуск generate_cf_vless.py (50 новых CF-VLESS)...
2026-05-24 02:30:53,320 | INFO     |   → ======================================================================
2026-05-24 02:30:53,320 | INFO     |   → 🗺️  Генератор свежих VLESS-конфигов на IP Cloudflare
2026-05-24 02:30:53,320 | INFO     |   → ======================================================================
2026-05-24 02:30:53,320 | INFO     |   →   → Загружаем актуальные IP-диапазоны Cloudflare: https://www.cloudflare.com/ips-v4
2026-05-24 02:30:53,320 | INFO     |   →   → Найдено 15 IPv4 CIDR-блоков. Преобразуем их в IP-адреса...
2026-05-24 02:30:53,320 | INFO     |   → ✅ Успешно загружено и подготовлено 7500 IP-адресов для ротации.
2026-05-24 02:30:53,320 | INFO     |   → ✨ Сгенерировано и сохранено 50 VLESS-конфигов.
2026-05-24 02:30:53,320 | INFO     |   → 📂 Файл: /home/runner/work/vpn-vless-configs-russia/vpn-vless-configs-russia/githubmirror/new/cf_fresh.txt
2026-05-24 02:30:53,320 | INFO     |   → ======================================================================
2026-05-24 02:30:53,320 | INFO     | ✅ generate_cf_vless.py завершён успешно
2026-05-24 02:30:53,320 | INFO     | 
2026-05-24 02:30:53,320 | INFO     | 
2026-05-24 02:30:53,320 | INFO     | ──────────────────────────────────────────────────────────────────────
2026-05-24 02:30:53,321 | INFO     | 📌 ЭТАП: Слияние CF с основным списком
2026-05-24 02:30:53,321 | INFO     | ──────────────────────────────────────────────────────────────────────
2026-05-24 02:30:53,322 | INFO     | 🔄 Добавлено 50 новых CF-VLESS в /home/runner/work/vpn-vless-configs-russia/vpn-vless-configs-russia/githubmirror/clean/vless.txt
2026-05-24 02:30:53,322 | INFO     | 📊 Всего в clean/vless.txt теперь: 61
2026-05-24 02:30:53,322 | INFO     | 
2026-05-24 02:30:53,322 | INFO     | 
2026-05-24 02:30:53,322 | INFO     | ──────────────────────────────────────────────────────────────────────
2026-05-24 02:30:53,322 | INFO     | 📌 ЭТАП: Фильтрация по реальному SNI
2026-05-24 02:30:53,322 | INFO     | ──────────────────────────────────────────────────────────────────────
2026-05-24 02:30:53,322 | INFO     | 🚀 Запуск filter_ru_sni.py (Фильтр по реальному SNI (CDN+RU))...
2026-05-24 02:30:53,351 | INFO     |   → hysteria2.txt: 1 → 1 (SNI-filtered)
2026-05-24 02:30:53,351 | INFO     |   →   ss.txt: 3 → 0 (SNI-filtered)
2026-05-24 02:30:53,351 | INFO     |   →   trojan.txt: 2 → 0 (SNI-filtered)
2026-05-24 02:30:53,351 | INFO     |   →   vless.txt: 61 → 4 (SNI-filtered)
2026-05-24 02:30:53,351 | INFO     |   →   vmess.txt: 7 → 0 (SNI-filtered)
2026-05-24 02:30:53,351 | INFO     |   → ==================================================
2026-05-24 02:30:53,351 | INFO     |   →   Всего входных:  74
2026-05-24 02:30:53,352 | INFO     |   →   Прошли фильтр:  5
2026-05-24 02:30:53,352 | INFO     |   →   Отброшено:      69
2026-05-24 02:30:53,352 | INFO     |   → ==================================================
2026-05-24 02:30:53,352 | INFO     |   → Готово → /home/runner/work/vpn-vless-configs-russia/vpn-vless-configs-russia/githubmirror/ru-sni
2026-05-24 02:30:53,352 | INFO     | ✅ filter_ru_sni.py завершён успешно
2026-05-24 02:30:53,352 | INFO     | 
2026-05-24 02:30:53,352 | INFO     | 
2026-05-24 02:30:53,352 | INFO     | ──────────────────────────────────────────────────────────────────────
2026-05-24 02:30:53,352 | INFO     | 📌 ЭТАП: Экспериментальный RU-SNI фильтр
2026-05-24 02:30:53,352 | INFO     | ──────────────────────────────────────────────────────────────────────
2026-05-24 02:30:53,352 | INFO     | 🚀 Запуск filter_ru_sni_local.py (Экспериментальный фильтр по RU-SNI (локальные домены))...
2026-05-24 02:30:53,379 | INFO     |   → hysteria2.txt: 1 → 0 (RU-SNI)
2026-05-24 02:30:53,379 | INFO     |   → ss.txt: 3 → 0 (RU-SNI)
2026-05-24 02:30:53,379 | INFO     |   → trojan.txt: 2 → 0 (RU-SNI)
2026-05-24 02:30:53,380 | INFO     |   → vless.txt: 61 → 1 (RU-SNI)
2026-05-24 02:30:53,380 | INFO     |   → vmess.txt: 7 → 0 (RU-SNI)
2026-05-24 02:30:53,380 | INFO     |   → ==================================================
2026-05-24 02:30:53,380 | INFO     |   → Всего входных:  74
2026-05-24 02:30:53,380 | INFO     |   → Прошли RU-SNI:  1
2026-05-24 02:30:53,380 | INFO     |   → Отброшено:      73
2026-05-24 02:30:53,380 | INFO     |   → ==================================================
2026-05-24 02:30:53,380 | INFO     |   → Готово → /home/runner/work/vpn-vless-configs-russia/vpn-vless-configs-russia/githubmirror/ru-sni-local
2026-05-24 02:30:53,380 | INFO     | ✅ filter_ru_sni_local.py завершён успешно
2026-05-24 02:30:53,380 | INFO     | 
2026-05-24 02:30:53,380 | INFO     | 
2026-05-24 02:30:53,380 | INFO     | ──────────────────────────────────────────────────────────────────────
2026-05-24 02:30:53,380 | INFO     | 📌 ЭТАП: Сбор статистики
2026-05-24 02:30:53,380 | INFO     | ──────────────────────────────────────────────────────────────────────
2026-05-24 02:30:53,380 | INFO     | 📊 Сбор статистики...
2026-05-24 02:30:53,380 | INFO     |   📁 githubmirror/clean:
2026-05-24 02:30:53,381 | INFO     |     • hysteria2   :     1 конфигов
2026-05-24 02:30:53,381 | INFO     |     • ss          :     3 конфигов
2026-05-24 02:30:53,381 | INFO     |     • trojan      :     2 конфигов
2026-05-24 02:30:53,381 | INFO     |     • vless       :    61 конфигов
2026-05-24 02:30:53,381 | INFO     |     • vmess       :     7 конфигов
2026-05-24 02:30:53,381 | INFO     |   📁 githubmirror/ru-sni:
2026-05-24 02:30:53,382 | INFO     |     • hysteria2   :     1 конфигов (100.0% от clean)
2026-05-24 02:30:53,382 | INFO     |     • ss          :     0 конфигов (  0.0% от clean)
2026-05-24 02:30:53,382 | INFO     |     • trojan      :     0 конфигов (  0.0% от clean)
2026-05-24 02:30:53,382 | INFO     |     • vless       :     4 конфигов (  6.6% от clean)
2026-05-24 02:30:53,382 | INFO     |     • vmess       :     0 конфигов (  0.0% от clean)
2026-05-24 02:30:53,382 | INFO     |   ✨ Новых CF-VLESS в этом запуске: 50
2026-05-24 02:30:53,382 | INFO     | 
2026-05-24 02:30:53,382 | INFO     |   ──────────────────────────────────────────────────
2026-05-24 02:30:53,382 | INFO     |   📈 ИТОГО:
2026-05-24 02:30:53,382 | INFO     |     Clean (после geo-фильтра):       74
2026-05-24 02:30:53,383 | INFO     |     RU-SNI (после SNI-фильтра):       5
2026-05-24 02:30:53,383 | INFO     |     Прошло фильтр:                  6.8%
2026-05-24 02:30:53,383 | INFO     |   ──────────────────────────────────────────────────
2026-05-24 02:30:53,383 | INFO     | ✅ Статистика сохранена: /home/runner/work/vpn-vless-configs-russia/vpn-vless-configs-russia/stats.json
2026-05-24 02:30:53,383 | INFO     | 
2026-05-24 02:30:53,383 | INFO     | ======================================================================
2026-05-24 02:30:53,383 | INFO     | 📊 ИТОГОВЫЙ ОТЧЁТ
2026-05-24 02:30:53,383 | INFO     | ======================================================================
2026-05-24 02:30:53,383 | INFO     |   ✅ OK         | Загрузка и geo-фильтрация
2026-05-24 02:30:53,383 | INFO     |   ✅ OK         | Генерация 50 уникальных CF-VLESS
2026-05-24 02:30:53,383 | INFO     |   ✅ OK         | Слияние CF с основным списком
2026-05-24 02:30:53,383 | INFO     |   ✅ OK         | Фильтрация по реальному SNI
2026-05-24 02:30:53,383 | INFO     |   ✅ OK         | Экспериментальный RU-SNI фильтр
2026-05-24 02:30:53,383 | INFO     |   ✅ OK         | Сбор статистики
2026-05-24 02:30:53,384 | INFO     | ──────────────────────────────────────────────────────────────────────
2026-05-24 02:30:53,384 | INFO     | ✅ ВСЕ ЭТАПЫ УСПЕШНЫ (6/6)
2026-05-24 02:30:53,384 | INFO     | ⏰ Время завершения: 2026-05-24 02:30:53
2026-05-24 02:30:53,384 | INFO     | ======================================================================
