2026-05-18 14:57:49,153 | INFO     | ======================================================================
2026-05-18 14:57:49,153 | INFO     | 🔍 VPN KEY CHECKER - Начало проверки
2026-05-18 14:57:49,153 | INFO     | ⏰ Время старта: 2026-05-18 14:57:49
2026-05-18 14:57:49,153 | INFO     | 📂 Рабочая директория: /home/runner/work/vpn-vless-configs-russia/vpn-vless-configs-russia
2026-05-18 14:57:49,153 | INFO     | ======================================================================
2026-05-18 14:57:49,153 | INFO     | 
2026-05-18 14:57:49,153 | INFO     | 🔍 Проверка наличия скриптов...
2026-05-18 14:57:49,153 | INFO     |   ✅ mirror.py
2026-05-18 14:57:49,153 | INFO     |   ✅ generate_cf_vless.py
2026-05-18 14:57:49,153 | INFO     |   ✅ filter_ru_sni.py
2026-05-18 14:57:49,153 | INFO     |   ✅ filter_ru_sni_local.py
2026-05-18 14:57:49,153 | INFO     | 
2026-05-18 14:57:49,153 | INFO     | 
2026-05-18 14:57:49,153 | INFO     | ──────────────────────────────────────────────────────────────────────
2026-05-18 14:57:49,153 | INFO     | 📌 ЭТАП: Загрузка и geo-фильтрация
2026-05-18 14:57:49,153 | INFO     | ──────────────────────────────────────────────────────────────────────
2026-05-18 14:57:49,154 | INFO     | 🚀 Запуск mirror.py (Загрузка и фильтрация по РФ/СНГ/Европа)...
2026-05-18 14:57:53,692 | INFO     |   → 🚀 Старт: всего источников (старые + новые): 10
2026-05-18 14:57:53,692 | INFO     |   → 1/10: ✅ 0 взято | 🗑️ 0 мусор
2026-05-18 14:57:53,692 | INFO     |   → 2/10: ✅ 0 взято | 🗑️ 0 мусор
2026-05-18 14:57:53,692 | INFO     |   → 3/10: ✅ 20 взято | 🗑️ 218 мусор
2026-05-18 14:57:53,692 | INFO     |   → 4/10: ✅ 0 взято | 🗑️ 0 мусор
2026-05-18 14:57:53,692 | INFO     |   → 5/10: ✅ 2 взято | 🗑️ 193 мусор
2026-05-18 14:57:53,692 | INFO     |   → 6/10: ✅ 0 взято | 🗑️ 0 мусор
2026-05-18 14:57:53,692 | INFO     |   → 7/10: ✅ 6 взято | 🗑️ 17 мусор
2026-05-18 14:57:53,692 | INFO     |   → 8/10: ✅ 0 взято | 🗑️ 17 мусор
2026-05-18 14:57:53,692 | INFO     |   → 9/10: ✅ 13 взято | 🗑️ 15 мусор
2026-05-18 14:57:53,692 | INFO     |   → 10/10: ✅ 0 взято | 🗑️ 0 мусор
2026-05-18 14:57:53,692 | INFO     |   → ✅ ГОТОВО!
2026-05-18 14:57:53,692 | INFO     |   →    📥 Всего ключей после фильтра: 41
2026-05-18 14:57:53,692 | INFO     |   →    🔗 Уникальных IP:PORT:SCHEME: 37
2026-05-18 14:57:53,692 | INFO     |   →    🗑️ Выброшено мусора: 460
2026-05-18 14:57:53,692 | INFO     |   → 📊 По протоколам:
2026-05-18 14:57:53,692 | INFO     |   →    vless: 24
2026-05-18 14:57:53,692 | INFO     |   →    vmess: 8
2026-05-18 14:57:53,692 | INFO     |   →    trojan: 2
2026-05-18 14:57:53,692 | INFO     |   →    ss: 1
2026-05-18 14:57:53,692 | INFO     |   →    hysteria2: 2
2026-05-18 14:57:53,692 | INFO     | ✅ mirror.py завершён успешно
2026-05-18 14:57:53,692 | INFO     | 
2026-05-18 14:57:53,692 | INFO     | 
2026-05-18 14:57:53,693 | INFO     | ──────────────────────────────────────────────────────────────────────
2026-05-18 14:57:53,693 | INFO     | 📌 ЭТАП: Генерация 50 уникальных CF-VLESS
2026-05-18 14:57:53,693 | INFO     | ──────────────────────────────────────────────────────────────────────
2026-05-18 14:57:53,693 | INFO     | 🚀 Запуск generate_cf_vless.py (50 новых CF-VLESS)...
2026-05-18 14:57:54,695 | INFO     |   → ======================================================================
2026-05-18 14:57:54,695 | INFO     |   → 🗺️  Генератор свежих VLESS-конфигов на IP Cloudflare
2026-05-18 14:57:54,695 | INFO     |   → ======================================================================
2026-05-18 14:57:54,695 | INFO     |   →   → Загружаем актуальные IP-диапазоны Cloudflare: https://www.cloudflare.com/ips-v4
2026-05-18 14:57:54,695 | INFO     |   →   → Найдено 15 IPv4 CIDR-блоков. Преобразуем их в IP-адреса...
2026-05-18 14:57:54,695 | INFO     |   → ✅ Успешно загружено и подготовлено 7500 IP-адресов для ротации.
2026-05-18 14:57:54,695 | INFO     |   → ✨ Сгенерировано и сохранено 50 VLESS-конфигов.
2026-05-18 14:57:54,695 | INFO     |   → 📂 Файл: /home/runner/work/vpn-vless-configs-russia/vpn-vless-configs-russia/githubmirror/new/cf_fresh.txt
2026-05-18 14:57:54,695 | INFO     |   → ======================================================================
2026-05-18 14:57:54,695 | INFO     | ✅ generate_cf_vless.py завершён успешно
2026-05-18 14:57:54,695 | INFO     | 
2026-05-18 14:57:54,695 | INFO     | 
2026-05-18 14:57:54,696 | INFO     | ──────────────────────────────────────────────────────────────────────
2026-05-18 14:57:54,696 | INFO     | 📌 ЭТАП: Слияние CF с основным списком
2026-05-18 14:57:54,696 | INFO     | ──────────────────────────────────────────────────────────────────────
2026-05-18 14:57:54,697 | INFO     | 🔄 Добавлено 49 новых CF-VLESS в /home/runner/work/vpn-vless-configs-russia/vpn-vless-configs-russia/githubmirror/clean/vless.txt
2026-05-18 14:57:54,697 | INFO     | 📊 Всего в clean/vless.txt теперь: 73
2026-05-18 14:57:54,697 | INFO     | 
2026-05-18 14:57:54,697 | INFO     | 
2026-05-18 14:57:54,697 | INFO     | ──────────────────────────────────────────────────────────────────────
2026-05-18 14:57:54,697 | INFO     | 📌 ЭТАП: Фильтрация по реальному SNI
2026-05-18 14:57:54,697 | INFO     | ──────────────────────────────────────────────────────────────────────
2026-05-18 14:57:54,698 | INFO     | 🚀 Запуск filter_ru_sni.py (Фильтр по реальному SNI (CDN+RU))...
2026-05-18 14:57:54,728 | INFO     |   → hysteria2.txt: 2 → 0 (SNI-filtered)
2026-05-18 14:57:54,728 | INFO     |   →   ss.txt: 1 → 0 (SNI-filtered)
2026-05-18 14:57:54,728 | INFO     |   →   trojan.txt: 2 → 0 (SNI-filtered)
2026-05-18 14:57:54,728 | INFO     |   →   vless.txt: 73 → 2 (SNI-filtered)
2026-05-18 14:57:54,728 | INFO     |   →   vmess.txt: 8 → 0 (SNI-filtered)
2026-05-18 14:57:54,728 | INFO     |   → ==================================================
2026-05-18 14:57:54,728 | INFO     |   →   Всего входных:  86
2026-05-18 14:57:54,728 | INFO     |   →   Прошли фильтр:  2
2026-05-18 14:57:54,728 | INFO     |   →   Отброшено:      84
2026-05-18 14:57:54,728 | INFO     |   → ==================================================
2026-05-18 14:57:54,728 | INFO     |   → Готово → /home/runner/work/vpn-vless-configs-russia/vpn-vless-configs-russia/githubmirror/ru-sni
2026-05-18 14:57:54,728 | INFO     | ✅ filter_ru_sni.py завершён успешно
2026-05-18 14:57:54,728 | INFO     | 
2026-05-18 14:57:54,728 | INFO     | 
2026-05-18 14:57:54,728 | INFO     | ──────────────────────────────────────────────────────────────────────
2026-05-18 14:57:54,728 | INFO     | 📌 ЭТАП: Экспериментальный RU-SNI фильтр
2026-05-18 14:57:54,728 | INFO     | ──────────────────────────────────────────────────────────────────────
2026-05-18 14:57:54,728 | INFO     | 🚀 Запуск filter_ru_sni_local.py (Экспериментальный фильтр по RU-SNI (локальные домены))...
2026-05-18 14:57:54,757 | INFO     |   → hysteria2.txt: 2 → 0 (RU-SNI)
2026-05-18 14:57:54,757 | INFO     |   → ss.txt: 1 → 0 (RU-SNI)
2026-05-18 14:57:54,757 | INFO     |   → trojan.txt: 2 → 0 (RU-SNI)
2026-05-18 14:57:54,757 | INFO     |   → vless.txt: 73 → 1 (RU-SNI)
2026-05-18 14:57:54,757 | INFO     |   → vmess.txt: 8 → 0 (RU-SNI)
2026-05-18 14:57:54,757 | INFO     |   → ==================================================
2026-05-18 14:57:54,757 | INFO     |   → Всего входных:  86
2026-05-18 14:57:54,757 | INFO     |   → Прошли RU-SNI:  1
2026-05-18 14:57:54,757 | INFO     |   → Отброшено:      85
2026-05-18 14:57:54,757 | INFO     |   → ==================================================
2026-05-18 14:57:54,757 | INFO     |   → Готово → /home/runner/work/vpn-vless-configs-russia/vpn-vless-configs-russia/githubmirror/ru-sni-local
2026-05-18 14:57:54,757 | INFO     | ✅ filter_ru_sni_local.py завершён успешно
2026-05-18 14:57:54,757 | INFO     | 
2026-05-18 14:57:54,757 | INFO     | 
2026-05-18 14:57:54,758 | INFO     | ──────────────────────────────────────────────────────────────────────
2026-05-18 14:57:54,758 | INFO     | 📌 ЭТАП: Сбор статистики
2026-05-18 14:57:54,758 | INFO     | ──────────────────────────────────────────────────────────────────────
2026-05-18 14:57:54,758 | INFO     | 📊 Сбор статистики...
2026-05-18 14:57:54,758 | INFO     |   📁 githubmirror/clean:
2026-05-18 14:57:54,758 | INFO     |     • hysteria2   :     2 конфигов
2026-05-18 14:57:54,758 | INFO     |     • ss          :     1 конфигов
2026-05-18 14:57:54,758 | INFO     |     • trojan      :     2 конфигов
2026-05-18 14:57:54,758 | INFO     |     • vless       :    73 конфигов
2026-05-18 14:57:54,759 | INFO     |     • vmess       :     8 конфигов
2026-05-18 14:57:54,759 | INFO     |   📁 githubmirror/ru-sni:
2026-05-18 14:57:54,759 | INFO     |     • hysteria2   :     0 конфигов (  0.0% от clean)
2026-05-18 14:57:54,759 | INFO     |     • ss          :     0 конфигов (  0.0% от clean)
2026-05-18 14:57:54,759 | INFO     |     • trojan      :     0 конфигов (  0.0% от clean)
2026-05-18 14:57:54,759 | INFO     |     • vless       :     2 конфигов (  2.7% от clean)
2026-05-18 14:57:54,759 | INFO     |     • vmess       :     0 конфигов (  0.0% от clean)
2026-05-18 14:57:54,759 | INFO     |   ✨ Новых CF-VLESS в этом запуске: 50
2026-05-18 14:57:54,759 | INFO     | 
2026-05-18 14:57:54,759 | INFO     |   ──────────────────────────────────────────────────
2026-05-18 14:57:54,759 | INFO     |   📈 ИТОГО:
2026-05-18 14:57:54,760 | INFO     |     Clean (после geo-фильтра):       86
2026-05-18 14:57:54,760 | INFO     |     RU-SNI (после SNI-фильтра):       2
2026-05-18 14:57:54,760 | INFO     |     Прошло фильтр:                  2.3%
2026-05-18 14:57:54,760 | INFO     |   ──────────────────────────────────────────────────
2026-05-18 14:57:54,760 | INFO     | ✅ Статистика сохранена: /home/runner/work/vpn-vless-configs-russia/vpn-vless-configs-russia/stats.json
2026-05-18 14:57:54,760 | INFO     | 
2026-05-18 14:57:54,760 | INFO     | ======================================================================
2026-05-18 14:57:54,760 | INFO     | 📊 ИТОГОВЫЙ ОТЧЁТ
2026-05-18 14:57:54,760 | INFO     | ======================================================================
2026-05-18 14:57:54,760 | INFO     |   ✅ OK         | Загрузка и geo-фильтрация
2026-05-18 14:57:54,760 | INFO     |   ✅ OK         | Генерация 50 уникальных CF-VLESS
2026-05-18 14:57:54,760 | INFO     |   ✅ OK         | Слияние CF с основным списком
2026-05-18 14:57:54,760 | INFO     |   ✅ OK         | Фильтрация по реальному SNI
2026-05-18 14:57:54,760 | INFO     |   ✅ OK         | Экспериментальный RU-SNI фильтр
2026-05-18 14:57:54,760 | INFO     |   ✅ OK         | Сбор статистики
2026-05-18 14:57:54,760 | INFO     | ──────────────────────────────────────────────────────────────────────
2026-05-18 14:57:54,760 | INFO     | ✅ ВСЕ ЭТАПЫ УСПЕШНЫ (6/6)
2026-05-18 14:57:54,760 | INFO     | ⏰ Время завершения: 2026-05-18 14:57:54
2026-05-18 14:57:54,760 | INFO     | ======================================================================
