2026-05-31 13:19:08,882 | INFO     | ======================================================================
2026-05-31 13:19:08,882 | INFO     | 🔍 VPN KEY CHECKER - Начало проверки
2026-05-31 13:19:08,882 | INFO     | ⏰ Время старта: 2026-05-31 13:19:08
2026-05-31 13:19:08,882 | INFO     | 📂 Рабочая директория: /home/runner/work/vpn-vless-configs-russia/vpn-vless-configs-russia
2026-05-31 13:19:08,882 | INFO     | ======================================================================
2026-05-31 13:19:08,882 | INFO     | 
2026-05-31 13:19:08,882 | INFO     | 🔍 Проверка наличия скриптов...
2026-05-31 13:19:08,882 | INFO     |   ✅ mirror.py
2026-05-31 13:19:08,882 | INFO     |   ✅ generate_cf_vless.py
2026-05-31 13:19:08,882 | INFO     |   ✅ filter_ru_sni.py
2026-05-31 13:19:08,882 | INFO     |   ✅ filter_ru_sni_local.py
2026-05-31 13:19:08,882 | INFO     | 
2026-05-31 13:19:08,882 | INFO     | 
2026-05-31 13:19:08,882 | INFO     | ──────────────────────────────────────────────────────────────────────
2026-05-31 13:19:08,883 | INFO     | 📌 ЭТАП: Загрузка и geo-фильтрация
2026-05-31 13:19:08,883 | INFO     | ──────────────────────────────────────────────────────────────────────
2026-05-31 13:19:08,883 | INFO     | 🚀 Запуск mirror.py (Загрузка и фильтрация по РФ/СНГ/Европа)...
2026-05-31 13:19:12,689 | INFO     |   → 🚀 Старт: всего источников (старые + новые): 10
2026-05-31 13:19:12,689 | INFO     |   → 1/10: ✅ 0 взято | 🗑️ 0 мусор
2026-05-31 13:19:12,689 | INFO     |   → 2/10: ✅ 0 взято | 🗑️ 0 мусор
2026-05-31 13:19:12,689 | INFO     |   → 3/10: ✅ 0 взято | 🗑️ 0 мусор
2026-05-31 13:19:12,689 | INFO     |   → 4/10: ✅ 11 взято | 🗑️ 105 мусор
2026-05-31 13:19:12,689 | INFO     |   → 5/10: ✅ 0 взято | 🗑️ 103 мусор
2026-05-31 13:19:12,689 | INFO     |   → 6/10: ✅ 0 взято | 🗑️ 0 мусор
2026-05-31 13:19:12,689 | INFO     |   → 7/10: ✅ 6 взято | 🗑️ 24 мусор
2026-05-31 13:19:12,689 | INFO     |   → 8/10: ✅ 0 взято | 🗑️ 24 мусор
2026-05-31 13:19:12,689 | INFO     |   → 9/10: ✅ 12 взято | 🗑️ 12 мусор
2026-05-31 13:19:12,689 | INFO     |   → 10/10: ✅ 0 взято | 🗑️ 0 мусор
2026-05-31 13:19:12,690 | INFO     |   → ✅ ГОТОВО!
2026-05-31 13:19:12,690 | INFO     |   →    📥 Всего ключей после фильтра: 29
2026-05-31 13:19:12,690 | INFO     |   →    🔗 Уникальных IP:PORT:SCHEME: 24
2026-05-31 13:19:12,690 | INFO     |   →    🗑️ Выброшено мусора: 268
2026-05-31 13:19:12,690 | INFO     |   → 📊 По протоколам:
2026-05-31 13:19:12,690 | INFO     |   →    vless: 18
2026-05-31 13:19:12,690 | INFO     |   →    vmess: 1
2026-05-31 13:19:12,690 | INFO     |   →    trojan: 1
2026-05-31 13:19:12,690 | INFO     |   →    ss: 4
2026-05-31 13:19:12,690 | INFO     | ✅ mirror.py завершён успешно
2026-05-31 13:19:12,690 | INFO     | 
2026-05-31 13:19:12,690 | INFO     | 
2026-05-31 13:19:12,690 | INFO     | ──────────────────────────────────────────────────────────────────────
2026-05-31 13:19:12,690 | INFO     | 📌 ЭТАП: Генерация 50 уникальных CF-VLESS
2026-05-31 13:19:12,690 | INFO     | ──────────────────────────────────────────────────────────────────────
2026-05-31 13:19:12,690 | INFO     | 🚀 Запуск generate_cf_vless.py (50 новых CF-VLESS)...
2026-05-31 13:19:13,663 | INFO     |   → ======================================================================
2026-05-31 13:19:13,663 | INFO     |   → 🗺️  Генератор свежих VLESS-конфигов на IP Cloudflare
2026-05-31 13:19:13,663 | INFO     |   → ======================================================================
2026-05-31 13:19:13,663 | INFO     |   →   → Загружаем актуальные IP-диапазоны Cloudflare: https://www.cloudflare.com/ips-v4
2026-05-31 13:19:13,663 | INFO     |   →   → Найдено 15 IPv4 CIDR-блоков. Преобразуем их в IP-адреса...
2026-05-31 13:19:13,664 | INFO     |   → ✅ Успешно загружено и подготовлено 7500 IP-адресов для ротации.
2026-05-31 13:19:13,664 | INFO     |   → ✨ Сгенерировано и сохранено 50 VLESS-конфигов.
2026-05-31 13:19:13,664 | INFO     |   → 📂 Файл: /home/runner/work/vpn-vless-configs-russia/vpn-vless-configs-russia/githubmirror/new/cf_fresh.txt
2026-05-31 13:19:13,664 | INFO     |   → ======================================================================
2026-05-31 13:19:13,664 | INFO     | ✅ generate_cf_vless.py завершён успешно
2026-05-31 13:19:13,664 | INFO     | 
2026-05-31 13:19:13,664 | INFO     | 
2026-05-31 13:19:13,664 | INFO     | ──────────────────────────────────────────────────────────────────────
2026-05-31 13:19:13,664 | INFO     | 📌 ЭТАП: Слияние CF с основным списком
2026-05-31 13:19:13,664 | INFO     | ──────────────────────────────────────────────────────────────────────
2026-05-31 13:19:13,665 | INFO     | 🔄 Добавлено 50 новых CF-VLESS в /home/runner/work/vpn-vless-configs-russia/vpn-vless-configs-russia/githubmirror/clean/vless.txt
2026-05-31 13:19:13,665 | INFO     | 📊 Всего в clean/vless.txt теперь: 68
2026-05-31 13:19:13,665 | INFO     | 
2026-05-31 13:19:13,665 | INFO     | 
2026-05-31 13:19:13,665 | INFO     | ──────────────────────────────────────────────────────────────────────
2026-05-31 13:19:13,665 | INFO     | 📌 ЭТАП: Фильтрация по реальному SNI
2026-05-31 13:19:13,665 | INFO     | ──────────────────────────────────────────────────────────────────────
2026-05-31 13:19:13,665 | INFO     | 🚀 Запуск filter_ru_sni.py (Фильтр по реальному SNI (CDN+RU))...
2026-05-31 13:19:13,695 | INFO     |   → ss.txt: 4 → 0 (SNI-filtered)
2026-05-31 13:19:13,695 | INFO     |   →   trojan.txt: 1 → 0 (SNI-filtered)
2026-05-31 13:19:13,695 | INFO     |   →   vless.txt: 68 → 10 (SNI-filtered)
2026-05-31 13:19:13,695 | INFO     |   →   vmess.txt: 1 → 0 (SNI-filtered)
2026-05-31 13:19:13,695 | INFO     |   → ==================================================
2026-05-31 13:19:13,696 | INFO     |   →   Всего входных:  74
2026-05-31 13:19:13,696 | INFO     |   →   Прошли фильтр:  10
2026-05-31 13:19:13,696 | INFO     |   →   Отброшено:      64
2026-05-31 13:19:13,696 | INFO     |   → ==================================================
2026-05-31 13:19:13,696 | INFO     |   → Готово → /home/runner/work/vpn-vless-configs-russia/vpn-vless-configs-russia/githubmirror/ru-sni
2026-05-31 13:19:13,696 | INFO     | ✅ filter_ru_sni.py завершён успешно
2026-05-31 13:19:13,696 | INFO     | 
2026-05-31 13:19:13,696 | INFO     | 
2026-05-31 13:19:13,696 | INFO     | ──────────────────────────────────────────────────────────────────────
2026-05-31 13:19:13,696 | INFO     | 📌 ЭТАП: Экспериментальный RU-SNI фильтр
2026-05-31 13:19:13,696 | INFO     | ──────────────────────────────────────────────────────────────────────
2026-05-31 13:19:13,696 | INFO     | 🚀 Запуск filter_ru_sni_local.py (Экспериментальный фильтр по RU-SNI (локальные домены))...
2026-05-31 13:19:13,724 | INFO     |   → ss.txt: 4 → 0 (RU-SNI)
2026-05-31 13:19:13,724 | INFO     |   → trojan.txt: 1 → 0 (RU-SNI)
2026-05-31 13:19:13,724 | INFO     |   → vless.txt: 68 → 1 (RU-SNI)
2026-05-31 13:19:13,724 | INFO     |   → vmess.txt: 1 → 0 (RU-SNI)
2026-05-31 13:19:13,724 | INFO     |   → ==================================================
2026-05-31 13:19:13,725 | INFO     |   → Всего входных:  74
2026-05-31 13:19:13,725 | INFO     |   → Прошли RU-SNI:  1
2026-05-31 13:19:13,725 | INFO     |   → Отброшено:      73
2026-05-31 13:19:13,725 | INFO     |   → ==================================================
2026-05-31 13:19:13,725 | INFO     |   → Готово → /home/runner/work/vpn-vless-configs-russia/vpn-vless-configs-russia/githubmirror/ru-sni-local
2026-05-31 13:19:13,725 | INFO     | ✅ filter_ru_sni_local.py завершён успешно
2026-05-31 13:19:13,725 | INFO     | 
2026-05-31 13:19:13,725 | INFO     | 
2026-05-31 13:19:13,725 | INFO     | ──────────────────────────────────────────────────────────────────────
2026-05-31 13:19:13,725 | INFO     | 📌 ЭТАП: Сбор статистики
2026-05-31 13:19:13,725 | INFO     | ──────────────────────────────────────────────────────────────────────
2026-05-31 13:19:13,725 | INFO     | 📊 Сбор статистики...
2026-05-31 13:19:13,725 | INFO     |   📁 githubmirror/clean:
2026-05-31 13:19:13,725 | INFO     |     • ss          :     4 конфигов
2026-05-31 13:19:13,725 | INFO     |     • trojan      :     1 конфигов
2026-05-31 13:19:13,726 | INFO     |     • vless       :    68 конфигов
2026-05-31 13:19:13,726 | INFO     |     • vmess       :     1 конфигов
2026-05-31 13:19:13,726 | INFO     |   📁 githubmirror/ru-sni:
2026-05-31 13:19:13,726 | INFO     |     • ss          :     0 конфигов (  0.0% от clean)
2026-05-31 13:19:13,726 | INFO     |     • trojan      :     0 конфигов (  0.0% от clean)
2026-05-31 13:19:13,726 | INFO     |     • vless       :    10 конфигов ( 14.7% от clean)
2026-05-31 13:19:13,726 | INFO     |     • vmess       :     0 конфигов (  0.0% от clean)
2026-05-31 13:19:13,726 | INFO     |   ✨ Новых CF-VLESS в этом запуске: 50
2026-05-31 13:19:13,726 | INFO     | 
2026-05-31 13:19:13,726 | INFO     |   ──────────────────────────────────────────────────
2026-05-31 13:19:13,727 | INFO     |   📈 ИТОГО:
2026-05-31 13:19:13,727 | INFO     |     Clean (после geo-фильтра):       74
2026-05-31 13:19:13,727 | INFO     |     RU-SNI (после SNI-фильтра):      10
2026-05-31 13:19:13,727 | INFO     |     Прошло фильтр:                 13.5%
2026-05-31 13:19:13,727 | INFO     |   ──────────────────────────────────────────────────
2026-05-31 13:19:13,727 | INFO     | ✅ Статистика сохранена: /home/runner/work/vpn-vless-configs-russia/vpn-vless-configs-russia/stats.json
2026-05-31 13:19:13,727 | INFO     | 
2026-05-31 13:19:13,727 | INFO     | ======================================================================
2026-05-31 13:19:13,727 | INFO     | 📊 ИТОГОВЫЙ ОТЧЁТ
2026-05-31 13:19:13,727 | INFO     | ======================================================================
2026-05-31 13:19:13,727 | INFO     |   ✅ OK         | Загрузка и geo-фильтрация
2026-05-31 13:19:13,727 | INFO     |   ✅ OK         | Генерация 50 уникальных CF-VLESS
2026-05-31 13:19:13,727 | INFO     |   ✅ OK         | Слияние CF с основным списком
2026-05-31 13:19:13,727 | INFO     |   ✅ OK         | Фильтрация по реальному SNI
2026-05-31 13:19:13,727 | INFO     |   ✅ OK         | Экспериментальный RU-SNI фильтр
2026-05-31 13:19:13,727 | INFO     |   ✅ OK         | Сбор статистики
2026-05-31 13:19:13,727 | INFO     | ──────────────────────────────────────────────────────────────────────
2026-05-31 13:19:13,727 | INFO     | ✅ ВСЕ ЭТАПЫ УСПЕШНЫ (6/6)
2026-05-31 13:19:13,727 | INFO     | ⏰ Время завершения: 2026-05-31 13:19:13
2026-05-31 13:19:13,727 | INFO     | ======================================================================
