2026-06-09 09:27:08,720 | INFO     | ======================================================================
2026-06-09 09:27:08,720 | INFO     | 🔍 VPN KEY CHECKER - Начало проверки
2026-06-09 09:27:08,721 | INFO     | ⏰ Время старта: 2026-06-09 09:27:08
2026-06-09 09:27:08,721 | INFO     | 📂 Рабочая директория: /home/runner/work/vpn-vless-configs-russia/vpn-vless-configs-russia
2026-06-09 09:27:08,721 | INFO     | ======================================================================
2026-06-09 09:27:08,721 | INFO     | 
2026-06-09 09:27:08,721 | INFO     | 🔍 Проверка наличия скриптов...
2026-06-09 09:27:08,721 | INFO     |   ✅ mirror.py
2026-06-09 09:27:08,721 | INFO     |   ✅ generate_cf_vless.py
2026-06-09 09:27:08,721 | INFO     |   ✅ filter_ru_sni.py
2026-06-09 09:27:08,721 | INFO     |   ✅ filter_ru_sni_local.py
2026-06-09 09:27:08,721 | INFO     | 
2026-06-09 09:27:08,721 | INFO     | 
2026-06-09 09:27:08,721 | INFO     | ──────────────────────────────────────────────────────────────────────
2026-06-09 09:27:08,721 | INFO     | 📌 ЭТАП: Загрузка и geo-фильтрация
2026-06-09 09:27:08,722 | INFO     | ──────────────────────────────────────────────────────────────────────
2026-06-09 09:27:08,722 | INFO     | 🚀 Запуск mirror.py (Загрузка и фильтрация по РФ/СНГ/Европа)...
2026-06-09 09:27:12,594 | INFO     |   → 🚀 Старт: всего источников (старые + новые): 8
2026-06-09 09:27:12,594 | INFO     |   → 1/8: ✅ 0 взято | 🗑️ 0 мусор
2026-06-09 09:27:12,594 | INFO     |   → 2/8: ✅ 0 взято | 🗑️ 0 мусор
2026-06-09 09:27:12,594 | INFO     |   → 3/8: ✅ 0 взято | 🗑️ 0 мусор
2026-06-09 09:27:12,594 | INFO     |   → 4/8: ✅ 12 взято | 🗑️ 124 мусор
2026-06-09 09:27:12,594 | INFO     |   → 5/8: ✅ 2 взято | 🗑️ 279 мусор
2026-06-09 09:27:12,594 | INFO     |   → 6/8: ✅ 0 взято | 🗑️ 0 мусор
2026-06-09 09:27:12,594 | INFO     |   → 7/8: ✅ 13 взято | 🗑️ 7 мусор
2026-06-09 09:27:12,594 | INFO     |   → 8/8: ✅ 0 взято | 🗑️ 7 мусор
2026-06-09 09:27:12,594 | INFO     |   → ✅ ГОТОВО!
2026-06-09 09:27:12,594 | INFO     |   →    📥 Всего ключей после фильтра: 27
2026-06-09 09:27:12,594 | INFO     |   →    🔗 Уникальных IP:PORT:SCHEME: 21
2026-06-09 09:27:12,595 | INFO     |   →    🗑️ Выброшено мусора: 417
2026-06-09 09:27:12,595 | INFO     |   → 📊 По протоколам:
2026-06-09 09:27:12,595 | INFO     |   →    vless: 13
2026-06-09 09:27:12,595 | INFO     |   →    vmess: 1
2026-06-09 09:27:12,595 | INFO     |   →    trojan: 2
2026-06-09 09:27:12,595 | INFO     |   →    ss: 3
2026-06-09 09:27:12,595 | INFO     |   →    hysteria2: 2
2026-06-09 09:27:12,595 | INFO     | ✅ mirror.py завершён успешно
2026-06-09 09:27:12,595 | INFO     | 
2026-06-09 09:27:12,595 | INFO     | 
2026-06-09 09:27:12,595 | INFO     | ──────────────────────────────────────────────────────────────────────
2026-06-09 09:27:12,595 | INFO     | 📌 ЭТАП: Генерация 50 уникальных CF-VLESS
2026-06-09 09:27:12,595 | INFO     | ──────────────────────────────────────────────────────────────────────
2026-06-09 09:27:12,595 | INFO     | 🚀 Запуск generate_cf_vless.py (50 новых CF-VLESS)...
2026-06-09 09:27:13,614 | INFO     |   → ======================================================================
2026-06-09 09:27:13,614 | INFO     |   → 🗺️  Генератор свежих VLESS-конфигов на IP Cloudflare
2026-06-09 09:27:13,614 | INFO     |   → ======================================================================
2026-06-09 09:27:13,614 | INFO     |   →   → Загружаем актуальные IP-диапазоны Cloudflare: https://www.cloudflare.com/ips-v4
2026-06-09 09:27:13,614 | INFO     |   →   → Найдено 15 IPv4 CIDR-блоков. Преобразуем их в IP-адреса...
2026-06-09 09:27:13,614 | INFO     |   → ✅ Успешно загружено и подготовлено 7500 IP-адресов для ротации.
2026-06-09 09:27:13,615 | INFO     |   → ✨ Сгенерировано и сохранено 50 VLESS-конфигов.
2026-06-09 09:27:13,615 | INFO     |   → 📂 Файл: /home/runner/work/vpn-vless-configs-russia/vpn-vless-configs-russia/githubmirror/new/cf_fresh.txt
2026-06-09 09:27:13,615 | INFO     |   → ======================================================================
2026-06-09 09:27:13,615 | INFO     | ✅ generate_cf_vless.py завершён успешно
2026-06-09 09:27:13,615 | INFO     | 
2026-06-09 09:27:13,615 | INFO     | 
2026-06-09 09:27:13,615 | INFO     | ──────────────────────────────────────────────────────────────────────
2026-06-09 09:27:13,615 | INFO     | 📌 ЭТАП: Слияние CF с основным списком
2026-06-09 09:27:13,615 | INFO     | ──────────────────────────────────────────────────────────────────────
2026-06-09 09:27:13,617 | INFO     | 🔄 Добавлено 50 новых CF-VLESS в /home/runner/work/vpn-vless-configs-russia/vpn-vless-configs-russia/githubmirror/clean/vless.txt
2026-06-09 09:27:13,617 | INFO     | 📊 Всего в clean/vless.txt теперь: 63
2026-06-09 09:27:13,617 | INFO     | 
2026-06-09 09:27:13,617 | INFO     | 
2026-06-09 09:27:13,617 | INFO     | ──────────────────────────────────────────────────────────────────────
2026-06-09 09:27:13,617 | INFO     | 📌 ЭТАП: Фильтрация по реальному SNI
2026-06-09 09:27:13,617 | INFO     | ──────────────────────────────────────────────────────────────────────
2026-06-09 09:27:13,617 | INFO     | 🚀 Запуск filter_ru_sni.py (Фильтр по реальному SNI (CDN+RU))...
2026-06-09 09:27:13,646 | INFO     |   → hysteria2.txt: 2 → 1 (SNI-filtered)
2026-06-09 09:27:13,646 | INFO     |   →   ss.txt: 3 → 0 (SNI-filtered)
2026-06-09 09:27:13,646 | INFO     |   →   trojan.txt: 2 → 0 (SNI-filtered)
2026-06-09 09:27:13,646 | INFO     |   →   vless.txt: 63 → 4 (SNI-filtered)
2026-06-09 09:27:13,646 | INFO     |   →   vmess.txt: 1 → 0 (SNI-filtered)
2026-06-09 09:27:13,646 | INFO     |   → ==================================================
2026-06-09 09:27:13,646 | INFO     |   →   Всего входных:  71
2026-06-09 09:27:13,646 | INFO     |   →   Прошли фильтр:  5
2026-06-09 09:27:13,646 | INFO     |   →   Отброшено:      66
2026-06-09 09:27:13,646 | INFO     |   → ==================================================
2026-06-09 09:27:13,646 | INFO     |   → Готово → /home/runner/work/vpn-vless-configs-russia/vpn-vless-configs-russia/githubmirror/ru-sni
2026-06-09 09:27:13,646 | INFO     | ✅ filter_ru_sni.py завершён успешно
2026-06-09 09:27:13,646 | INFO     | 
2026-06-09 09:27:13,646 | INFO     | 
2026-06-09 09:27:13,646 | INFO     | ──────────────────────────────────────────────────────────────────────
2026-06-09 09:27:13,646 | INFO     | 📌 ЭТАП: Экспериментальный RU-SNI фильтр
2026-06-09 09:27:13,646 | INFO     | ──────────────────────────────────────────────────────────────────────
2026-06-09 09:27:13,646 | INFO     | 🚀 Запуск filter_ru_sni_local.py (Экспериментальный фильтр по RU-SNI (локальные домены))...
2026-06-09 09:27:13,673 | INFO     |   → hysteria2.txt: 2 → 0 (RU-SNI)
2026-06-09 09:27:13,674 | INFO     |   → ss.txt: 3 → 0 (RU-SNI)
2026-06-09 09:27:13,674 | INFO     |   → trojan.txt: 2 → 0 (RU-SNI)
2026-06-09 09:27:13,674 | INFO     |   → vless.txt: 63 → 1 (RU-SNI)
2026-06-09 09:27:13,674 | INFO     |   → vmess.txt: 1 → 0 (RU-SNI)
2026-06-09 09:27:13,674 | INFO     |   → ==================================================
2026-06-09 09:27:13,674 | INFO     |   → Всего входных:  71
2026-06-09 09:27:13,674 | INFO     |   → Прошли RU-SNI:  1
2026-06-09 09:27:13,674 | INFO     |   → Отброшено:      70
2026-06-09 09:27:13,674 | INFO     |   → ==================================================
2026-06-09 09:27:13,674 | INFO     |   → Готово → /home/runner/work/vpn-vless-configs-russia/vpn-vless-configs-russia/githubmirror/ru-sni-local
2026-06-09 09:27:13,674 | INFO     | ✅ filter_ru_sni_local.py завершён успешно
2026-06-09 09:27:13,674 | INFO     | 
2026-06-09 09:27:13,674 | INFO     | 
2026-06-09 09:27:13,674 | INFO     | ──────────────────────────────────────────────────────────────────────
2026-06-09 09:27:13,674 | INFO     | 📌 ЭТАП: Сбор статистики
2026-06-09 09:27:13,674 | INFO     | ──────────────────────────────────────────────────────────────────────
2026-06-09 09:27:13,674 | INFO     | 📊 Сбор статистики...
2026-06-09 09:27:13,674 | INFO     |   📁 githubmirror/clean:
2026-06-09 09:27:13,675 | INFO     |     • hysteria2   :     2 конфигов
2026-06-09 09:27:13,675 | INFO     |     • ss          :     3 конфигов
2026-06-09 09:27:13,675 | INFO     |     • trojan      :     2 конфигов
2026-06-09 09:27:13,675 | INFO     |     • vless       :    63 конфигов
2026-06-09 09:27:13,675 | INFO     |     • vmess       :     1 конфигов
2026-06-09 09:27:13,675 | INFO     |   📁 githubmirror/ru-sni:
2026-06-09 09:27:13,675 | INFO     |     • hysteria2   :     1 конфигов ( 50.0% от clean)
2026-06-09 09:27:13,675 | INFO     |     • ss          :     0 конфигов (  0.0% от clean)
2026-06-09 09:27:13,675 | INFO     |     • trojan      :     0 конфигов (  0.0% от clean)
2026-06-09 09:27:13,675 | INFO     |     • vless       :     4 конфигов (  6.3% от clean)
2026-06-09 09:27:13,676 | INFO     |     • vmess       :     0 конфигов (  0.0% от clean)
2026-06-09 09:27:13,676 | INFO     |   ✨ Новых CF-VLESS в этом запуске: 50
2026-06-09 09:27:13,676 | INFO     | 
2026-06-09 09:27:13,676 | INFO     |   ──────────────────────────────────────────────────
2026-06-09 09:27:13,676 | INFO     |   📈 ИТОГО:
2026-06-09 09:27:13,676 | INFO     |     Clean (после geo-фильтра):       71
2026-06-09 09:27:13,676 | INFO     |     RU-SNI (после SNI-фильтра):       5
2026-06-09 09:27:13,676 | INFO     |     Прошло фильтр:                  7.0%
2026-06-09 09:27:13,676 | INFO     |   ──────────────────────────────────────────────────
2026-06-09 09:27:13,676 | INFO     | ✅ Статистика сохранена: /home/runner/work/vpn-vless-configs-russia/vpn-vless-configs-russia/stats.json
2026-06-09 09:27:13,676 | INFO     | 
2026-06-09 09:27:13,676 | INFO     | ======================================================================
2026-06-09 09:27:13,676 | INFO     | 📊 ИТОГОВЫЙ ОТЧЁТ
2026-06-09 09:27:13,676 | INFO     | ======================================================================
2026-06-09 09:27:13,676 | INFO     |   ✅ OK         | Загрузка и geo-фильтрация
2026-06-09 09:27:13,676 | INFO     |   ✅ OK         | Генерация 50 уникальных CF-VLESS
2026-06-09 09:27:13,676 | INFO     |   ✅ OK         | Слияние CF с основным списком
2026-06-09 09:27:13,677 | INFO     |   ✅ OK         | Фильтрация по реальному SNI
2026-06-09 09:27:13,677 | INFO     |   ✅ OK         | Экспериментальный RU-SNI фильтр
2026-06-09 09:27:13,677 | INFO     |   ✅ OK         | Сбор статистики
2026-06-09 09:27:13,677 | INFO     | ──────────────────────────────────────────────────────────────────────
2026-06-09 09:27:13,677 | INFO     | ✅ ВСЕ ЭТАПЫ УСПЕШНЫ (6/6)
2026-06-09 09:27:13,677 | INFO     | ⏰ Время завершения: 2026-06-09 09:27:13
2026-06-09 09:27:13,677 | INFO     | ======================================================================
