2026-05-30 13:07:43,016 | INFO     | ======================================================================
2026-05-30 13:07:43,016 | INFO     | 🔍 VPN KEY CHECKER - Начало проверки
2026-05-30 13:07:43,016 | INFO     | ⏰ Время старта: 2026-05-30 13:07:43
2026-05-30 13:07:43,016 | INFO     | 📂 Рабочая директория: /home/runner/work/vpn-vless-configs-russia/vpn-vless-configs-russia
2026-05-30 13:07:43,016 | INFO     | ======================================================================
2026-05-30 13:07:43,016 | INFO     | 
2026-05-30 13:07:43,016 | INFO     | 🔍 Проверка наличия скриптов...
2026-05-30 13:07:43,017 | INFO     |   ✅ mirror.py
2026-05-30 13:07:43,017 | INFO     |   ✅ generate_cf_vless.py
2026-05-30 13:07:43,017 | INFO     |   ✅ filter_ru_sni.py
2026-05-30 13:07:43,017 | INFO     |   ✅ filter_ru_sni_local.py
2026-05-30 13:07:43,017 | INFO     | 
2026-05-30 13:07:43,017 | INFO     | 
2026-05-30 13:07:43,017 | INFO     | ──────────────────────────────────────────────────────────────────────
2026-05-30 13:07:43,017 | INFO     | 📌 ЭТАП: Загрузка и geo-фильтрация
2026-05-30 13:07:43,017 | INFO     | ──────────────────────────────────────────────────────────────────────
2026-05-30 13:07:43,017 | INFO     | 🚀 Запуск mirror.py (Загрузка и фильтрация по РФ/СНГ/Европа)...
2026-05-30 13:07:46,692 | INFO     |   → 🚀 Старт: всего источников (старые + новые): 10
2026-05-30 13:07:46,692 | INFO     |   → 1/10: ✅ 0 взято | 🗑️ 0 мусор
2026-05-30 13:07:46,693 | INFO     |   → 2/10: ✅ 0 взято | 🗑️ 0 мусор
2026-05-30 13:07:46,693 | INFO     |   → 3/10: ✅ 0 взято | 🗑️ 0 мусор
2026-05-30 13:07:46,693 | INFO     |   → 4/10: ✅ 8 взято | 🗑️ 142 мусор
2026-05-30 13:07:46,693 | INFO     |   → 5/10: ✅ 1 взято | 🗑️ 113 мусор
2026-05-30 13:07:46,693 | INFO     |   → 6/10: ✅ 0 взято | 🗑️ 0 мусор
2026-05-30 13:07:46,693 | INFO     |   → 7/10: ✅ 6 взято | 🗑️ 24 мусор
2026-05-30 13:07:46,693 | INFO     |   → 8/10: ✅ 0 взято | 🗑️ 24 мусор
2026-05-30 13:07:46,693 | INFO     |   → 9/10: ✅ 3 взято | 🗑️ 22 мусор
2026-05-30 13:07:46,693 | INFO     |   → 10/10: ✅ 0 взято | 🗑️ 0 мусор
2026-05-30 13:07:46,693 | INFO     |   → ✅ ГОТОВО!
2026-05-30 13:07:46,693 | INFO     |   →    📥 Всего ключей после фильтра: 18
2026-05-30 13:07:46,693 | INFO     |   →    🔗 Уникальных IP:PORT:SCHEME: 16
2026-05-30 13:07:46,693 | INFO     |   →    🗑️ Выброшено мусора: 325
2026-05-30 13:07:46,693 | INFO     |   → 📊 По протоколам:
2026-05-30 13:07:46,694 | INFO     |   →    vless: 13
2026-05-30 13:07:46,694 | INFO     |   →    vmess: 1
2026-05-30 13:07:46,694 | INFO     |   →    ss: 2
2026-05-30 13:07:46,694 | INFO     | ✅ mirror.py завершён успешно
2026-05-30 13:07:46,694 | INFO     | 
2026-05-30 13:07:46,694 | INFO     | 
2026-05-30 13:07:46,694 | INFO     | ──────────────────────────────────────────────────────────────────────
2026-05-30 13:07:46,694 | INFO     | 📌 ЭТАП: Генерация 50 уникальных CF-VLESS
2026-05-30 13:07:46,694 | INFO     | ──────────────────────────────────────────────────────────────────────
2026-05-30 13:07:46,694 | INFO     | 🚀 Запуск generate_cf_vless.py (50 новых CF-VLESS)...
2026-05-30 13:07:47,728 | INFO     |   → ======================================================================
2026-05-30 13:07:47,728 | INFO     |   → 🗺️  Генератор свежих VLESS-конфигов на IP Cloudflare
2026-05-30 13:07:47,728 | INFO     |   → ======================================================================
2026-05-30 13:07:47,728 | INFO     |   →   → Загружаем актуальные IP-диапазоны Cloudflare: https://www.cloudflare.com/ips-v4
2026-05-30 13:07:47,728 | INFO     |   →   → Найдено 15 IPv4 CIDR-блоков. Преобразуем их в IP-адреса...
2026-05-30 13:07:47,728 | INFO     |   → ✅ Успешно загружено и подготовлено 7500 IP-адресов для ротации.
2026-05-30 13:07:47,728 | INFO     |   → ✨ Сгенерировано и сохранено 50 VLESS-конфигов.
2026-05-30 13:07:47,728 | INFO     |   → 📂 Файл: /home/runner/work/vpn-vless-configs-russia/vpn-vless-configs-russia/githubmirror/new/cf_fresh.txt
2026-05-30 13:07:47,728 | INFO     |   → ======================================================================
2026-05-30 13:07:47,728 | INFO     | ✅ generate_cf_vless.py завершён успешно
2026-05-30 13:07:47,728 | INFO     | 
2026-05-30 13:07:47,728 | INFO     | 
2026-05-30 13:07:47,728 | INFO     | ──────────────────────────────────────────────────────────────────────
2026-05-30 13:07:47,728 | INFO     | 📌 ЭТАП: Слияние CF с основным списком
2026-05-30 13:07:47,728 | INFO     | ──────────────────────────────────────────────────────────────────────
2026-05-30 13:07:47,731 | INFO     | 🔄 Добавлено 50 новых CF-VLESS в /home/runner/work/vpn-vless-configs-russia/vpn-vless-configs-russia/githubmirror/clean/vless.txt
2026-05-30 13:07:47,731 | INFO     | 📊 Всего в clean/vless.txt теперь: 63
2026-05-30 13:07:47,731 | INFO     | 
2026-05-30 13:07:47,731 | INFO     | 
2026-05-30 13:07:47,731 | INFO     | ──────────────────────────────────────────────────────────────────────
2026-05-30 13:07:47,731 | INFO     | 📌 ЭТАП: Фильтрация по реальному SNI
2026-05-30 13:07:47,731 | INFO     | ──────────────────────────────────────────────────────────────────────
2026-05-30 13:07:47,731 | INFO     | 🚀 Запуск filter_ru_sni.py (Фильтр по реальному SNI (CDN+RU))...
2026-05-30 13:07:47,760 | INFO     |   → ss.txt: 2 → 0 (SNI-filtered)
2026-05-30 13:07:47,760 | INFO     |   →   vless.txt: 63 → 4 (SNI-filtered)
2026-05-30 13:07:47,760 | INFO     |   →   vmess.txt: 1 → 0 (SNI-filtered)
2026-05-30 13:07:47,760 | INFO     |   → ==================================================
2026-05-30 13:07:47,760 | INFO     |   →   Всего входных:  66
2026-05-30 13:07:47,760 | INFO     |   →   Прошли фильтр:  4
2026-05-30 13:07:47,760 | INFO     |   →   Отброшено:      62
2026-05-30 13:07:47,760 | INFO     |   → ==================================================
2026-05-30 13:07:47,760 | INFO     |   → Готово → /home/runner/work/vpn-vless-configs-russia/vpn-vless-configs-russia/githubmirror/ru-sni
2026-05-30 13:07:47,760 | INFO     | ✅ filter_ru_sni.py завершён успешно
2026-05-30 13:07:47,760 | INFO     | 
2026-05-30 13:07:47,760 | INFO     | 
2026-05-30 13:07:47,760 | INFO     | ──────────────────────────────────────────────────────────────────────
2026-05-30 13:07:47,760 | INFO     | 📌 ЭТАП: Экспериментальный RU-SNI фильтр
2026-05-30 13:07:47,761 | INFO     | ──────────────────────────────────────────────────────────────────────
2026-05-30 13:07:47,761 | INFO     | 🚀 Запуск filter_ru_sni_local.py (Экспериментальный фильтр по RU-SNI (локальные домены))...
2026-05-30 13:07:47,788 | INFO     |   → ss.txt: 2 → 0 (RU-SNI)
2026-05-30 13:07:47,788 | INFO     |   → vless.txt: 63 → 1 (RU-SNI)
2026-05-30 13:07:47,788 | INFO     |   → vmess.txt: 1 → 0 (RU-SNI)
2026-05-30 13:07:47,788 | INFO     |   → ==================================================
2026-05-30 13:07:47,788 | INFO     |   → Всего входных:  66
2026-05-30 13:07:47,788 | INFO     |   → Прошли RU-SNI:  1
2026-05-30 13:07:47,788 | INFO     |   → Отброшено:      65
2026-05-30 13:07:47,788 | INFO     |   → ==================================================
2026-05-30 13:07:47,788 | INFO     |   → Готово → /home/runner/work/vpn-vless-configs-russia/vpn-vless-configs-russia/githubmirror/ru-sni-local
2026-05-30 13:07:47,788 | INFO     | ✅ filter_ru_sni_local.py завершён успешно
2026-05-30 13:07:47,788 | INFO     | 
2026-05-30 13:07:47,788 | INFO     | 
2026-05-30 13:07:47,788 | INFO     | ──────────────────────────────────────────────────────────────────────
2026-05-30 13:07:47,788 | INFO     | 📌 ЭТАП: Сбор статистики
2026-05-30 13:07:47,788 | INFO     | ──────────────────────────────────────────────────────────────────────
2026-05-30 13:07:47,788 | INFO     | 📊 Сбор статистики...
2026-05-30 13:07:47,789 | INFO     |   📁 githubmirror/clean:
2026-05-30 13:07:47,789 | INFO     |     • ss          :     2 конфигов
2026-05-30 13:07:47,789 | INFO     |     • vless       :    63 конфигов
2026-05-30 13:07:47,789 | INFO     |     • vmess       :     1 конфигов
2026-05-30 13:07:47,789 | INFO     |   📁 githubmirror/ru-sni:
2026-05-30 13:07:47,789 | INFO     |     • ss          :     0 конфигов (  0.0% от clean)
2026-05-30 13:07:47,790 | INFO     |     • vless       :     4 конфигов (  6.3% от clean)
2026-05-30 13:07:47,790 | INFO     |     • vmess       :     0 конфигов (  0.0% от clean)
2026-05-30 13:07:47,790 | INFO     |   ✨ Новых CF-VLESS в этом запуске: 50
2026-05-30 13:07:47,790 | INFO     | 
2026-05-30 13:07:47,790 | INFO     |   ──────────────────────────────────────────────────
2026-05-30 13:07:47,790 | INFO     |   📈 ИТОГО:
2026-05-30 13:07:47,790 | INFO     |     Clean (после geo-фильтра):       66
2026-05-30 13:07:47,790 | INFO     |     RU-SNI (после SNI-фильтра):       4
2026-05-30 13:07:47,790 | INFO     |     Прошло фильтр:                  6.1%
2026-05-30 13:07:47,790 | INFO     |   ──────────────────────────────────────────────────
2026-05-30 13:07:47,790 | INFO     | ✅ Статистика сохранена: /home/runner/work/vpn-vless-configs-russia/vpn-vless-configs-russia/stats.json
2026-05-30 13:07:47,790 | INFO     | 
2026-05-30 13:07:47,790 | INFO     | ======================================================================
2026-05-30 13:07:47,790 | INFO     | 📊 ИТОГОВЫЙ ОТЧЁТ
2026-05-30 13:07:47,790 | INFO     | ======================================================================
2026-05-30 13:07:47,790 | INFO     |   ✅ OK         | Загрузка и geo-фильтрация
2026-05-30 13:07:47,790 | INFO     |   ✅ OK         | Генерация 50 уникальных CF-VLESS
2026-05-30 13:07:47,790 | INFO     |   ✅ OK         | Слияние CF с основным списком
2026-05-30 13:07:47,791 | INFO     |   ✅ OK         | Фильтрация по реальному SNI
2026-05-30 13:07:47,791 | INFO     |   ✅ OK         | Экспериментальный RU-SNI фильтр
2026-05-30 13:07:47,791 | INFO     |   ✅ OK         | Сбор статистики
2026-05-30 13:07:47,791 | INFO     | ──────────────────────────────────────────────────────────────────────
2026-05-30 13:07:47,791 | INFO     | ✅ ВСЕ ЭТАПЫ УСПЕШНЫ (6/6)
2026-05-30 13:07:47,791 | INFO     | ⏰ Время завершения: 2026-05-30 13:07:47
2026-05-30 13:07:47,791 | INFO     | ======================================================================
