2026-05-29 20:11:36,001 | INFO     | ======================================================================
2026-05-29 20:11:36,001 | INFO     | 🔍 VPN KEY CHECKER - Начало проверки
2026-05-29 20:11:36,001 | INFO     | ⏰ Время старта: 2026-05-29 20:11:36
2026-05-29 20:11:36,001 | INFO     | 📂 Рабочая директория: /home/runner/work/vpn-vless-configs-russia/vpn-vless-configs-russia
2026-05-29 20:11:36,001 | INFO     | ======================================================================
2026-05-29 20:11:36,001 | INFO     | 
2026-05-29 20:11:36,001 | INFO     | 🔍 Проверка наличия скриптов...
2026-05-29 20:11:36,001 | INFO     |   ✅ mirror.py
2026-05-29 20:11:36,002 | INFO     |   ✅ generate_cf_vless.py
2026-05-29 20:11:36,002 | INFO     |   ✅ filter_ru_sni.py
2026-05-29 20:11:36,002 | INFO     |   ✅ filter_ru_sni_local.py
2026-05-29 20:11:36,002 | INFO     | 
2026-05-29 20:11:36,002 | INFO     | 
2026-05-29 20:11:36,002 | INFO     | ──────────────────────────────────────────────────────────────────────
2026-05-29 20:11:36,002 | INFO     | 📌 ЭТАП: Загрузка и geo-фильтрация
2026-05-29 20:11:36,002 | INFO     | ──────────────────────────────────────────────────────────────────────
2026-05-29 20:11:36,002 | INFO     | 🚀 Запуск mirror.py (Загрузка и фильтрация по РФ/СНГ/Европа)...
2026-05-29 20:11:39,916 | INFO     |   → 🚀 Старт: всего источников (старые + новые): 10
2026-05-29 20:11:39,916 | INFO     |   → 1/10: ✅ 0 взято | 🗑️ 0 мусор
2026-05-29 20:11:39,916 | INFO     |   → 2/10: ✅ 0 взято | 🗑️ 0 мусор
2026-05-29 20:11:39,916 | INFO     |   → 3/10: ✅ 11 взято | 🗑️ 148 мусор
2026-05-29 20:11:39,917 | INFO     |   → 4/10: ✅ 0 взято | 🗑️ 0 мусор
2026-05-29 20:11:39,917 | INFO     |   → 5/10: ✅ 1 взято | 🗑️ 132 мусор
2026-05-29 20:11:39,917 | INFO     |   → 6/10: ✅ 0 взято | 🗑️ 0 мусор
2026-05-29 20:11:39,917 | INFO     |   → 7/10: ✅ 6 взято | 🗑️ 24 мусор
2026-05-29 20:11:39,917 | INFO     |   → 8/10: ✅ 0 взято | 🗑️ 24 мусор
2026-05-29 20:11:39,917 | INFO     |   → 9/10: ✅ 10 взято | 🗑️ 14 мусор
2026-05-29 20:11:39,917 | INFO     |   → 10/10: ✅ 0 взято | 🗑️ 0 мусор
2026-05-29 20:11:39,917 | INFO     |   → ✅ ГОТОВО!
2026-05-29 20:11:39,917 | INFO     |   →    📥 Всего ключей после фильтра: 28
2026-05-29 20:11:39,917 | INFO     |   →    🔗 Уникальных IP:PORT:SCHEME: 25
2026-05-29 20:11:39,917 | INFO     |   →    🗑️ Выброшено мусора: 342
2026-05-29 20:11:39,917 | INFO     |   → 📊 По протоколам:
2026-05-29 20:11:39,917 | INFO     |   →    vless: 19
2026-05-29 20:11:39,917 | INFO     |   →    vmess: 3
2026-05-29 20:11:39,917 | INFO     |   →    ss: 3
2026-05-29 20:11:39,917 | INFO     | ✅ mirror.py завершён успешно
2026-05-29 20:11:39,917 | INFO     | 
2026-05-29 20:11:39,918 | INFO     | 
2026-05-29 20:11:39,918 | INFO     | ──────────────────────────────────────────────────────────────────────
2026-05-29 20:11:39,918 | INFO     | 📌 ЭТАП: Генерация 50 уникальных CF-VLESS
2026-05-29 20:11:39,918 | INFO     | ──────────────────────────────────────────────────────────────────────
2026-05-29 20:11:39,918 | INFO     | 🚀 Запуск generate_cf_vless.py (50 новых CF-VLESS)...
2026-05-29 20:11:40,938 | INFO     |   → ======================================================================
2026-05-29 20:11:40,938 | INFO     |   → 🗺️  Генератор свежих VLESS-конфигов на IP Cloudflare
2026-05-29 20:11:40,938 | INFO     |   → ======================================================================
2026-05-29 20:11:40,938 | INFO     |   →   → Загружаем актуальные IP-диапазоны Cloudflare: https://www.cloudflare.com/ips-v4
2026-05-29 20:11:40,939 | INFO     |   →   → Найдено 15 IPv4 CIDR-блоков. Преобразуем их в IP-адреса...
2026-05-29 20:11:40,939 | INFO     |   → ✅ Успешно загружено и подготовлено 7500 IP-адресов для ротации.
2026-05-29 20:11:40,939 | INFO     |   → ✨ Сгенерировано и сохранено 50 VLESS-конфигов.
2026-05-29 20:11:40,939 | INFO     |   → 📂 Файл: /home/runner/work/vpn-vless-configs-russia/vpn-vless-configs-russia/githubmirror/new/cf_fresh.txt
2026-05-29 20:11:40,939 | INFO     |   → ======================================================================
2026-05-29 20:11:40,939 | INFO     | ✅ generate_cf_vless.py завершён успешно
2026-05-29 20:11:40,939 | INFO     | 
2026-05-29 20:11:40,939 | INFO     | 
2026-05-29 20:11:40,939 | INFO     | ──────────────────────────────────────────────────────────────────────
2026-05-29 20:11:40,939 | INFO     | 📌 ЭТАП: Слияние CF с основным списком
2026-05-29 20:11:40,939 | INFO     | ──────────────────────────────────────────────────────────────────────
2026-05-29 20:11:40,941 | INFO     | 🔄 Добавлено 50 новых CF-VLESS в /home/runner/work/vpn-vless-configs-russia/vpn-vless-configs-russia/githubmirror/clean/vless.txt
2026-05-29 20:11:40,941 | INFO     | 📊 Всего в clean/vless.txt теперь: 69
2026-05-29 20:11:40,941 | INFO     | 
2026-05-29 20:11:40,941 | INFO     | 
2026-05-29 20:11:40,941 | INFO     | ──────────────────────────────────────────────────────────────────────
2026-05-29 20:11:40,941 | INFO     | 📌 ЭТАП: Фильтрация по реальному SNI
2026-05-29 20:11:40,942 | INFO     | ──────────────────────────────────────────────────────────────────────
2026-05-29 20:11:40,942 | INFO     | 🚀 Запуск filter_ru_sni.py (Фильтр по реальному SNI (CDN+RU))...
2026-05-29 20:11:40,969 | INFO     |   → ss.txt: 3 → 0 (SNI-filtered)
2026-05-29 20:11:40,969 | INFO     |   →   vless.txt: 69 → 9 (SNI-filtered)
2026-05-29 20:11:40,970 | INFO     |   →   vmess.txt: 3 → 0 (SNI-filtered)
2026-05-29 20:11:40,970 | INFO     |   → ==================================================
2026-05-29 20:11:40,970 | INFO     |   →   Всего входных:  75
2026-05-29 20:11:40,970 | INFO     |   →   Прошли фильтр:  9
2026-05-29 20:11:40,970 | INFO     |   →   Отброшено:      66
2026-05-29 20:11:40,970 | INFO     |   → ==================================================
2026-05-29 20:11:40,970 | INFO     |   → Готово → /home/runner/work/vpn-vless-configs-russia/vpn-vless-configs-russia/githubmirror/ru-sni
2026-05-29 20:11:40,970 | INFO     | ✅ filter_ru_sni.py завершён успешно
2026-05-29 20:11:40,970 | INFO     | 
2026-05-29 20:11:40,970 | INFO     | 
2026-05-29 20:11:40,970 | INFO     | ──────────────────────────────────────────────────────────────────────
2026-05-29 20:11:40,970 | INFO     | 📌 ЭТАП: Экспериментальный RU-SNI фильтр
2026-05-29 20:11:40,970 | INFO     | ──────────────────────────────────────────────────────────────────────
2026-05-29 20:11:40,970 | INFO     | 🚀 Запуск filter_ru_sni_local.py (Экспериментальный фильтр по RU-SNI (локальные домены))...
2026-05-29 20:11:40,997 | INFO     |   → ss.txt: 3 → 0 (RU-SNI)
2026-05-29 20:11:40,997 | INFO     |   → vless.txt: 69 → 1 (RU-SNI)
2026-05-29 20:11:40,997 | INFO     |   → vmess.txt: 3 → 0 (RU-SNI)
2026-05-29 20:11:40,997 | INFO     |   → ==================================================
2026-05-29 20:11:40,997 | INFO     |   → Всего входных:  75
2026-05-29 20:11:40,997 | INFO     |   → Прошли RU-SNI:  1
2026-05-29 20:11:40,997 | INFO     |   → Отброшено:      74
2026-05-29 20:11:40,997 | INFO     |   → ==================================================
2026-05-29 20:11:40,997 | INFO     |   → Готово → /home/runner/work/vpn-vless-configs-russia/vpn-vless-configs-russia/githubmirror/ru-sni-local
2026-05-29 20:11:40,997 | INFO     | ✅ filter_ru_sni_local.py завершён успешно
2026-05-29 20:11:40,997 | INFO     | 
2026-05-29 20:11:40,997 | INFO     | 
2026-05-29 20:11:40,997 | INFO     | ──────────────────────────────────────────────────────────────────────
2026-05-29 20:11:40,997 | INFO     | 📌 ЭТАП: Сбор статистики
2026-05-29 20:11:40,998 | INFO     | ──────────────────────────────────────────────────────────────────────
2026-05-29 20:11:40,998 | INFO     | 📊 Сбор статистики...
2026-05-29 20:11:40,998 | INFO     |   📁 githubmirror/clean:
2026-05-29 20:11:40,998 | INFO     |     • ss          :     3 конфигов
2026-05-29 20:11:40,998 | INFO     |     • vless       :    69 конфигов
2026-05-29 20:11:40,998 | INFO     |     • vmess       :     3 конфигов
2026-05-29 20:11:40,999 | INFO     |   📁 githubmirror/ru-sni:
2026-05-29 20:11:40,999 | INFO     |     • ss          :     0 конфигов (  0.0% от clean)
2026-05-29 20:11:40,999 | INFO     |     • vless       :     9 конфигов ( 13.0% от clean)
2026-05-29 20:11:40,999 | INFO     |     • vmess       :     0 конфигов (  0.0% от clean)
2026-05-29 20:11:40,999 | INFO     |   ✨ Новых CF-VLESS в этом запуске: 50
2026-05-29 20:11:40,999 | INFO     | 
2026-05-29 20:11:40,999 | INFO     |   ──────────────────────────────────────────────────
2026-05-29 20:11:40,999 | INFO     |   📈 ИТОГО:
2026-05-29 20:11:40,999 | INFO     |     Clean (после geo-фильтра):       75
2026-05-29 20:11:40,999 | INFO     |     RU-SNI (после SNI-фильтра):       9
2026-05-29 20:11:41,000 | INFO     |     Прошло фильтр:                 12.0%
2026-05-29 20:11:41,000 | INFO     |   ──────────────────────────────────────────────────
2026-05-29 20:11:41,000 | INFO     | ✅ Статистика сохранена: /home/runner/work/vpn-vless-configs-russia/vpn-vless-configs-russia/stats.json
2026-05-29 20:11:41,000 | INFO     | 
2026-05-29 20:11:41,000 | INFO     | ======================================================================
2026-05-29 20:11:41,000 | INFO     | 📊 ИТОГОВЫЙ ОТЧЁТ
2026-05-29 20:11:41,000 | INFO     | ======================================================================
2026-05-29 20:11:41,000 | INFO     |   ✅ OK         | Загрузка и geo-фильтрация
2026-05-29 20:11:41,000 | INFO     |   ✅ OK         | Генерация 50 уникальных CF-VLESS
2026-05-29 20:11:41,000 | INFO     |   ✅ OK         | Слияние CF с основным списком
2026-05-29 20:11:41,000 | INFO     |   ✅ OK         | Фильтрация по реальному SNI
2026-05-29 20:11:41,000 | INFO     |   ✅ OK         | Экспериментальный RU-SNI фильтр
2026-05-29 20:11:41,000 | INFO     |   ✅ OK         | Сбор статистики
2026-05-29 20:11:41,000 | INFO     | ──────────────────────────────────────────────────────────────────────
2026-05-29 20:11:41,000 | INFO     | ✅ ВСЕ ЭТАПЫ УСПЕШНЫ (6/6)
2026-05-29 20:11:41,000 | INFO     | ⏰ Время завершения: 2026-05-29 20:11:41
2026-05-29 20:11:41,000 | INFO     | ======================================================================
