2026-05-25 14:38:55,082 | INFO     | ======================================================================
2026-05-25 14:38:55,082 | INFO     | 🔍 VPN KEY CHECKER - Начало проверки
2026-05-25 14:38:55,082 | INFO     | ⏰ Время старта: 2026-05-25 14:38:55
2026-05-25 14:38:55,082 | INFO     | 📂 Рабочая директория: /home/runner/work/vpn-vless-configs-russia/vpn-vless-configs-russia
2026-05-25 14:38:55,082 | INFO     | ======================================================================
2026-05-25 14:38:55,082 | INFO     | 
2026-05-25 14:38:55,082 | INFO     | 🔍 Проверка наличия скриптов...
2026-05-25 14:38:55,082 | INFO     |   ✅ mirror.py
2026-05-25 14:38:55,083 | INFO     |   ✅ generate_cf_vless.py
2026-05-25 14:38:55,083 | INFO     |   ✅ filter_ru_sni.py
2026-05-25 14:38:55,083 | INFO     |   ✅ filter_ru_sni_local.py
2026-05-25 14:38:55,083 | INFO     | 
2026-05-25 14:38:55,083 | INFO     | 
2026-05-25 14:38:55,083 | INFO     | ──────────────────────────────────────────────────────────────────────
2026-05-25 14:38:55,083 | INFO     | 📌 ЭТАП: Загрузка и geo-фильтрация
2026-05-25 14:38:55,083 | INFO     | ──────────────────────────────────────────────────────────────────────
2026-05-25 14:38:55,083 | INFO     | 🚀 Запуск mirror.py (Загрузка и фильтрация по РФ/СНГ/Европа)...
2026-05-25 14:38:58,856 | INFO     |   → 🚀 Старт: всего источников (старые + новые): 12
2026-05-25 14:38:58,856 | INFO     |   → 1/12: ✅ 0 взято | 🗑️ 0 мусор
2026-05-25 14:38:58,856 | INFO     |   → 2/12: ✅ 0 взято | 🗑️ 0 мусор
2026-05-25 14:38:58,856 | INFO     |   → 3/12: ✅ 0 взято | 🗑️ 0 мусор
2026-05-25 14:38:58,856 | INFO     |   → 4/12: ✅ 10 взято | 🗑️ 296 мусор
2026-05-25 14:38:58,856 | INFO     |   → 5/12: ✅ 4 взято | 🗑️ 208 мусор
2026-05-25 14:38:58,856 | INFO     |   → 6/12: ✅ 0 взято | 🗑️ 0 мусор
2026-05-25 14:38:58,856 | INFO     |   → 7/12: ✅ 6 взято | 🗑️ 24 мусор
2026-05-25 14:38:58,856 | INFO     |   → 8/12: ✅ 0 взято | 🗑️ 24 мусор
2026-05-25 14:38:58,856 | INFO     |   → 9/12: ✅ 0 взято | 🗑️ 0 мусор
2026-05-25 14:38:58,856 | INFO     |   → 10/12: ✅ 3 взято | 🗑️ 322 мусор
2026-05-25 14:38:58,857 | INFO     |   → 11/12: ✅ 7 взято | 🗑️ 18 мусор
2026-05-25 14:38:58,857 | INFO     |   → 12/12: ✅ 0 взято | 🗑️ 0 мусор
2026-05-25 14:38:58,857 | INFO     |   → ✅ ГОТОВО!
2026-05-25 14:38:58,857 | INFO     |   →    📥 Всего ключей после фильтра: 30
2026-05-25 14:38:58,857 | INFO     |   →    🔗 Уникальных IP:PORT:SCHEME: 29
2026-05-25 14:38:58,857 | INFO     |   →    🗑️ Выброшено мусора: 892
2026-05-25 14:38:58,857 | INFO     |   → 📊 По протоколам:
2026-05-25 14:38:58,857 | INFO     |   →    vless: 11
2026-05-25 14:38:58,857 | INFO     |   →    vmess: 9
2026-05-25 14:38:58,857 | INFO     |   →    trojan: 4
2026-05-25 14:38:58,857 | INFO     |   →    ss: 4
2026-05-25 14:38:58,857 | INFO     |   →    hysteria2: 1
2026-05-25 14:38:58,857 | INFO     | ✅ mirror.py завершён успешно
2026-05-25 14:38:58,857 | INFO     | 
2026-05-25 14:38:58,857 | INFO     | 
2026-05-25 14:38:58,857 | INFO     | ──────────────────────────────────────────────────────────────────────
2026-05-25 14:38:58,857 | INFO     | 📌 ЭТАП: Генерация 50 уникальных CF-VLESS
2026-05-25 14:38:58,857 | INFO     | ──────────────────────────────────────────────────────────────────────
2026-05-25 14:38:58,857 | INFO     | 🚀 Запуск generate_cf_vless.py (50 новых CF-VLESS)...
2026-05-25 14:38:59,822 | INFO     |   → ======================================================================
2026-05-25 14:38:59,823 | INFO     |   → 🗺️  Генератор свежих VLESS-конфигов на IP Cloudflare
2026-05-25 14:38:59,823 | INFO     |   → ======================================================================
2026-05-25 14:38:59,823 | INFO     |   →   → Загружаем актуальные IP-диапазоны Cloudflare: https://www.cloudflare.com/ips-v4
2026-05-25 14:38:59,823 | INFO     |   →   → Найдено 15 IPv4 CIDR-блоков. Преобразуем их в IP-адреса...
2026-05-25 14:38:59,823 | INFO     |   → ✅ Успешно загружено и подготовлено 7500 IP-адресов для ротации.
2026-05-25 14:38:59,823 | INFO     |   → ✨ Сгенерировано и сохранено 50 VLESS-конфигов.
2026-05-25 14:38:59,823 | INFO     |   → 📂 Файл: /home/runner/work/vpn-vless-configs-russia/vpn-vless-configs-russia/githubmirror/new/cf_fresh.txt
2026-05-25 14:38:59,823 | INFO     |   → ======================================================================
2026-05-25 14:38:59,823 | INFO     | ✅ generate_cf_vless.py завершён успешно
2026-05-25 14:38:59,823 | INFO     | 
2026-05-25 14:38:59,823 | INFO     | 
2026-05-25 14:38:59,823 | INFO     | ──────────────────────────────────────────────────────────────────────
2026-05-25 14:38:59,823 | INFO     | 📌 ЭТАП: Слияние CF с основным списком
2026-05-25 14:38:59,823 | INFO     | ──────────────────────────────────────────────────────────────────────
2026-05-25 14:38:59,825 | INFO     | 🔄 Добавлено 50 новых CF-VLESS в /home/runner/work/vpn-vless-configs-russia/vpn-vless-configs-russia/githubmirror/clean/vless.txt
2026-05-25 14:38:59,825 | INFO     | 📊 Всего в clean/vless.txt теперь: 61
2026-05-25 14:38:59,825 | INFO     | 
2026-05-25 14:38:59,825 | INFO     | 
2026-05-25 14:38:59,825 | INFO     | ──────────────────────────────────────────────────────────────────────
2026-05-25 14:38:59,826 | INFO     | 📌 ЭТАП: Фильтрация по реальному SNI
2026-05-25 14:38:59,826 | INFO     | ──────────────────────────────────────────────────────────────────────
2026-05-25 14:38:59,826 | INFO     | 🚀 Запуск filter_ru_sni.py (Фильтр по реальному SNI (CDN+RU))...
2026-05-25 14:38:59,854 | INFO     |   → hysteria2.txt: 1 → 1 (SNI-filtered)
2026-05-25 14:38:59,854 | INFO     |   →   ss.txt: 4 → 0 (SNI-filtered)
2026-05-25 14:38:59,854 | INFO     |   →   trojan.txt: 4 → 0 (SNI-filtered)
2026-05-25 14:38:59,854 | INFO     |   →   vless.txt: 61 → 3 (SNI-filtered)
2026-05-25 14:38:59,855 | INFO     |   →   vmess.txt: 9 → 0 (SNI-filtered)
2026-05-25 14:38:59,855 | INFO     |   → ==================================================
2026-05-25 14:38:59,855 | INFO     |   →   Всего входных:  79
2026-05-25 14:38:59,855 | INFO     |   →   Прошли фильтр:  4
2026-05-25 14:38:59,855 | INFO     |   →   Отброшено:      75
2026-05-25 14:38:59,855 | INFO     |   → ==================================================
2026-05-25 14:38:59,855 | INFO     |   → Готово → /home/runner/work/vpn-vless-configs-russia/vpn-vless-configs-russia/githubmirror/ru-sni
2026-05-25 14:38:59,855 | INFO     | ✅ filter_ru_sni.py завершён успешно
2026-05-25 14:38:59,855 | INFO     | 
2026-05-25 14:38:59,855 | INFO     | 
2026-05-25 14:38:59,855 | INFO     | ──────────────────────────────────────────────────────────────────────
2026-05-25 14:38:59,855 | INFO     | 📌 ЭТАП: Экспериментальный RU-SNI фильтр
2026-05-25 14:38:59,855 | INFO     | ──────────────────────────────────────────────────────────────────────
2026-05-25 14:38:59,855 | INFO     | 🚀 Запуск filter_ru_sni_local.py (Экспериментальный фильтр по RU-SNI (локальные домены))...
2026-05-25 14:38:59,882 | INFO     |   → hysteria2.txt: 1 → 0 (RU-SNI)
2026-05-25 14:38:59,882 | INFO     |   → ss.txt: 4 → 0 (RU-SNI)
2026-05-25 14:38:59,882 | INFO     |   → trojan.txt: 4 → 0 (RU-SNI)
2026-05-25 14:38:59,882 | INFO     |   → vless.txt: 61 → 1 (RU-SNI)
2026-05-25 14:38:59,882 | INFO     |   → vmess.txt: 9 → 0 (RU-SNI)
2026-05-25 14:38:59,882 | INFO     |   → ==================================================
2026-05-25 14:38:59,882 | INFO     |   → Всего входных:  79
2026-05-25 14:38:59,882 | INFO     |   → Прошли RU-SNI:  1
2026-05-25 14:38:59,882 | INFO     |   → Отброшено:      78
2026-05-25 14:38:59,882 | INFO     |   → ==================================================
2026-05-25 14:38:59,882 | INFO     |   → Готово → /home/runner/work/vpn-vless-configs-russia/vpn-vless-configs-russia/githubmirror/ru-sni-local
2026-05-25 14:38:59,883 | INFO     | ✅ filter_ru_sni_local.py завершён успешно
2026-05-25 14:38:59,883 | INFO     | 
2026-05-25 14:38:59,883 | INFO     | 
2026-05-25 14:38:59,883 | INFO     | ──────────────────────────────────────────────────────────────────────
2026-05-25 14:38:59,883 | INFO     | 📌 ЭТАП: Сбор статистики
2026-05-25 14:38:59,883 | INFO     | ──────────────────────────────────────────────────────────────────────
2026-05-25 14:38:59,883 | INFO     | 📊 Сбор статистики...
2026-05-25 14:38:59,883 | INFO     |   📁 githubmirror/clean:
2026-05-25 14:38:59,883 | INFO     |     • hysteria2   :     1 конфигов
2026-05-25 14:38:59,883 | INFO     |     • ss          :     4 конфигов
2026-05-25 14:38:59,883 | INFO     |     • trojan      :     4 конфигов
2026-05-25 14:38:59,883 | INFO     |     • vless       :    61 конфигов
2026-05-25 14:38:59,884 | INFO     |     • vmess       :     9 конфигов
2026-05-25 14:38:59,884 | INFO     |   📁 githubmirror/ru-sni:
2026-05-25 14:38:59,884 | INFO     |     • hysteria2   :     1 конфигов (100.0% от clean)
2026-05-25 14:38:59,884 | INFO     |     • ss          :     0 конфигов (  0.0% от clean)
2026-05-25 14:38:59,884 | INFO     |     • trojan      :     0 конфигов (  0.0% от clean)
2026-05-25 14:38:59,884 | INFO     |     • vless       :     3 конфигов (  4.9% от clean)
2026-05-25 14:38:59,884 | INFO     |     • vmess       :     0 конфигов (  0.0% от clean)
2026-05-25 14:38:59,885 | INFO     |   ✨ Новых CF-VLESS в этом запуске: 50
2026-05-25 14:38:59,885 | INFO     | 
2026-05-25 14:38:59,885 | INFO     |   ──────────────────────────────────────────────────
2026-05-25 14:38:59,885 | INFO     |   📈 ИТОГО:
2026-05-25 14:38:59,885 | INFO     |     Clean (после geo-фильтра):       79
2026-05-25 14:38:59,885 | INFO     |     RU-SNI (после SNI-фильтра):       4
2026-05-25 14:38:59,885 | INFO     |     Прошло фильтр:                  5.1%
2026-05-25 14:38:59,885 | INFO     |   ──────────────────────────────────────────────────
2026-05-25 14:38:59,885 | INFO     | ✅ Статистика сохранена: /home/runner/work/vpn-vless-configs-russia/vpn-vless-configs-russia/stats.json
2026-05-25 14:38:59,885 | INFO     | 
2026-05-25 14:38:59,885 | INFO     | ======================================================================
2026-05-25 14:38:59,885 | INFO     | 📊 ИТОГОВЫЙ ОТЧЁТ
2026-05-25 14:38:59,886 | INFO     | ======================================================================
2026-05-25 14:38:59,886 | INFO     |   ✅ OK         | Загрузка и geo-фильтрация
2026-05-25 14:38:59,886 | INFO     |   ✅ OK         | Генерация 50 уникальных CF-VLESS
2026-05-25 14:38:59,886 | INFO     |   ✅ OK         | Слияние CF с основным списком
2026-05-25 14:38:59,886 | INFO     |   ✅ OK         | Фильтрация по реальному SNI
2026-05-25 14:38:59,886 | INFO     |   ✅ OK         | Экспериментальный RU-SNI фильтр
2026-05-25 14:38:59,886 | INFO     |   ✅ OK         | Сбор статистики
2026-05-25 14:38:59,886 | INFO     | ──────────────────────────────────────────────────────────────────────
2026-05-25 14:38:59,886 | INFO     | ✅ ВСЕ ЭТАПЫ УСПЕШНЫ (6/6)
2026-05-25 14:38:59,886 | INFO     | ⏰ Время завершения: 2026-05-25 14:38:59
2026-05-25 14:38:59,886 | INFO     | ======================================================================
