2026-05-24 13:05:44,788 | INFO     | ======================================================================
2026-05-24 13:05:44,788 | INFO     | 🔍 VPN KEY CHECKER - Начало проверки
2026-05-24 13:05:44,788 | INFO     | ⏰ Время старта: 2026-05-24 13:05:44
2026-05-24 13:05:44,788 | INFO     | 📂 Рабочая директория: /home/runner/work/vpn-vless-configs-russia/vpn-vless-configs-russia
2026-05-24 13:05:44,788 | INFO     | ======================================================================
2026-05-24 13:05:44,788 | INFO     | 
2026-05-24 13:05:44,788 | INFO     | 🔍 Проверка наличия скриптов...
2026-05-24 13:05:44,789 | INFO     |   ✅ mirror.py
2026-05-24 13:05:44,789 | INFO     |   ✅ generate_cf_vless.py
2026-05-24 13:05:44,789 | INFO     |   ✅ filter_ru_sni.py
2026-05-24 13:05:44,789 | INFO     |   ✅ filter_ru_sni_local.py
2026-05-24 13:05:44,789 | INFO     | 
2026-05-24 13:05:44,789 | INFO     | 
2026-05-24 13:05:44,789 | INFO     | ──────────────────────────────────────────────────────────────────────
2026-05-24 13:05:44,789 | INFO     | 📌 ЭТАП: Загрузка и geo-фильтрация
2026-05-24 13:05:44,789 | INFO     | ──────────────────────────────────────────────────────────────────────
2026-05-24 13:05:44,789 | INFO     | 🚀 Запуск mirror.py (Загрузка и фильтрация по РФ/СНГ/Европа)...
2026-05-24 13:05:48,472 | INFO     |   → 🚀 Старт: всего источников (старые + новые): 12
2026-05-24 13:05:48,472 | INFO     |   → 1/12: ✅ 0 взято | 🗑️ 0 мусор
2026-05-24 13:05:48,472 | INFO     |   → 2/12: ✅ 0 взято | 🗑️ 0 мусор
2026-05-24 13:05:48,472 | INFO     |   → 3/12: ✅ 0 взято | 🗑️ 0 мусор
2026-05-24 13:05:48,472 | INFO     |   → 4/12: ✅ 12 взято | 🗑️ 300 мусор
2026-05-24 13:05:48,472 | INFO     |   → 5/12: ✅ 4 взято | 🗑️ 196 мусор
2026-05-24 13:05:48,472 | INFO     |   → 6/12: ✅ 0 взято | 🗑️ 0 мусор
2026-05-24 13:05:48,472 | INFO     |   → 7/12: ✅ 6 взято | 🗑️ 24 мусор
2026-05-24 13:05:48,472 | INFO     |   → 8/12: ✅ 0 взято | 🗑️ 24 мусор
2026-05-24 13:05:48,473 | INFO     |   → 9/12: ✅ 0 взято | 🗑️ 0 мусор
2026-05-24 13:05:48,473 | INFO     |   → 10/12: ✅ 3 взято | 🗑️ 322 мусор
2026-05-24 13:05:48,473 | INFO     |   → 11/12: ✅ 9 взято | 🗑️ 15 мусор
2026-05-24 13:05:48,473 | INFO     |   → 12/12: ✅ 0 взято | 🗑️ 0 мусор
2026-05-24 13:05:48,473 | INFO     |   → ✅ ГОТОВО!
2026-05-24 13:05:48,473 | INFO     |   →    📥 Всего ключей после фильтра: 34
2026-05-24 13:05:48,473 | INFO     |   →    🔗 Уникальных IP:PORT:SCHEME: 33
2026-05-24 13:05:48,473 | INFO     |   →    🗑️ Выброшено мусора: 881
2026-05-24 13:05:48,473 | INFO     |   → 📊 По протоколам:
2026-05-24 13:05:48,473 | INFO     |   →    vless: 16
2026-05-24 13:05:48,473 | INFO     |   →    vmess: 11
2026-05-24 13:05:48,473 | INFO     |   →    trojan: 2
2026-05-24 13:05:48,473 | INFO     |   →    ss: 2
2026-05-24 13:05:48,473 | INFO     |   →    hysteria2: 2
2026-05-24 13:05:48,473 | INFO     | ✅ mirror.py завершён успешно
2026-05-24 13:05:48,473 | INFO     | 
2026-05-24 13:05:48,473 | INFO     | 
2026-05-24 13:05:48,473 | INFO     | ──────────────────────────────────────────────────────────────────────
2026-05-24 13:05:48,473 | INFO     | 📌 ЭТАП: Генерация 50 уникальных CF-VLESS
2026-05-24 13:05:48,473 | INFO     | ──────────────────────────────────────────────────────────────────────
2026-05-24 13:05:48,473 | INFO     | 🚀 Запуск generate_cf_vless.py (50 новых CF-VLESS)...
2026-05-24 13:05:49,454 | INFO     |   → ======================================================================
2026-05-24 13:05:49,454 | INFO     |   → 🗺️  Генератор свежих VLESS-конфигов на IP Cloudflare
2026-05-24 13:05:49,454 | INFO     |   → ======================================================================
2026-05-24 13:05:49,454 | INFO     |   →   → Загружаем актуальные IP-диапазоны Cloudflare: https://www.cloudflare.com/ips-v4
2026-05-24 13:05:49,454 | INFO     |   →   → Найдено 15 IPv4 CIDR-блоков. Преобразуем их в IP-адреса...
2026-05-24 13:05:49,455 | INFO     |   → ✅ Успешно загружено и подготовлено 7500 IP-адресов для ротации.
2026-05-24 13:05:49,455 | INFO     |   → ✨ Сгенерировано и сохранено 50 VLESS-конфигов.
2026-05-24 13:05:49,455 | INFO     |   → 📂 Файл: /home/runner/work/vpn-vless-configs-russia/vpn-vless-configs-russia/githubmirror/new/cf_fresh.txt
2026-05-24 13:05:49,455 | INFO     |   → ======================================================================
2026-05-24 13:05:49,455 | INFO     | ✅ generate_cf_vless.py завершён успешно
2026-05-24 13:05:49,455 | INFO     | 
2026-05-24 13:05:49,455 | INFO     | 
2026-05-24 13:05:49,455 | INFO     | ──────────────────────────────────────────────────────────────────────
2026-05-24 13:05:49,455 | INFO     | 📌 ЭТАП: Слияние CF с основным списком
2026-05-24 13:05:49,455 | INFO     | ──────────────────────────────────────────────────────────────────────
2026-05-24 13:05:49,456 | INFO     | 🔄 Добавлено 50 новых CF-VLESS в /home/runner/work/vpn-vless-configs-russia/vpn-vless-configs-russia/githubmirror/clean/vless.txt
2026-05-24 13:05:49,456 | INFO     | 📊 Всего в clean/vless.txt теперь: 66
2026-05-24 13:05:49,456 | INFO     | 
2026-05-24 13:05:49,456 | INFO     | 
2026-05-24 13:05:49,456 | INFO     | ──────────────────────────────────────────────────────────────────────
2026-05-24 13:05:49,457 | INFO     | 📌 ЭТАП: Фильтрация по реальному SNI
2026-05-24 13:05:49,457 | INFO     | ──────────────────────────────────────────────────────────────────────
2026-05-24 13:05:49,457 | INFO     | 🚀 Запуск filter_ru_sni.py (Фильтр по реальному SNI (CDN+RU))...
2026-05-24 13:05:49,486 | INFO     |   → hysteria2.txt: 2 → 1 (SNI-filtered)
2026-05-24 13:05:49,486 | INFO     |   →   ss.txt: 2 → 0 (SNI-filtered)
2026-05-24 13:05:49,486 | INFO     |   →   trojan.txt: 2 → 0 (SNI-filtered)
2026-05-24 13:05:49,486 | INFO     |   →   vless.txt: 66 → 3 (SNI-filtered)
2026-05-24 13:05:49,486 | INFO     |   →   vmess.txt: 11 → 0 (SNI-filtered)
2026-05-24 13:05:49,486 | INFO     |   → ==================================================
2026-05-24 13:05:49,486 | INFO     |   →   Всего входных:  83
2026-05-24 13:05:49,486 | INFO     |   →   Прошли фильтр:  4
2026-05-24 13:05:49,486 | INFO     |   →   Отброшено:      79
2026-05-24 13:05:49,486 | INFO     |   → ==================================================
2026-05-24 13:05:49,486 | INFO     |   → Готово → /home/runner/work/vpn-vless-configs-russia/vpn-vless-configs-russia/githubmirror/ru-sni
2026-05-24 13:05:49,487 | INFO     | ✅ filter_ru_sni.py завершён успешно
2026-05-24 13:05:49,487 | INFO     | 
2026-05-24 13:05:49,487 | INFO     | 
2026-05-24 13:05:49,487 | INFO     | ──────────────────────────────────────────────────────────────────────
2026-05-24 13:05:49,487 | INFO     | 📌 ЭТАП: Экспериментальный RU-SNI фильтр
2026-05-24 13:05:49,487 | INFO     | ──────────────────────────────────────────────────────────────────────
2026-05-24 13:05:49,487 | INFO     | 🚀 Запуск filter_ru_sni_local.py (Экспериментальный фильтр по RU-SNI (локальные домены))...
2026-05-24 13:05:49,514 | INFO     |   → hysteria2.txt: 2 → 0 (RU-SNI)
2026-05-24 13:05:49,514 | INFO     |   → ss.txt: 2 → 0 (RU-SNI)
2026-05-24 13:05:49,514 | INFO     |   → trojan.txt: 2 → 0 (RU-SNI)
2026-05-24 13:05:49,514 | INFO     |   → vless.txt: 66 → 2 (RU-SNI)
2026-05-24 13:05:49,514 | INFO     |   → vmess.txt: 11 → 0 (RU-SNI)
2026-05-24 13:05:49,514 | INFO     |   → ==================================================
2026-05-24 13:05:49,514 | INFO     |   → Всего входных:  83
2026-05-24 13:05:49,514 | INFO     |   → Прошли RU-SNI:  2
2026-05-24 13:05:49,514 | INFO     |   → Отброшено:      81
2026-05-24 13:05:49,515 | INFO     |   → ==================================================
2026-05-24 13:05:49,515 | INFO     |   → Готово → /home/runner/work/vpn-vless-configs-russia/vpn-vless-configs-russia/githubmirror/ru-sni-local
2026-05-24 13:05:49,515 | INFO     | ✅ filter_ru_sni_local.py завершён успешно
2026-05-24 13:05:49,515 | INFO     | 
2026-05-24 13:05:49,515 | INFO     | 
2026-05-24 13:05:49,515 | INFO     | ──────────────────────────────────────────────────────────────────────
2026-05-24 13:05:49,515 | INFO     | 📌 ЭТАП: Сбор статистики
2026-05-24 13:05:49,515 | INFO     | ──────────────────────────────────────────────────────────────────────
2026-05-24 13:05:49,515 | INFO     | 📊 Сбор статистики...
2026-05-24 13:05:49,515 | INFO     |   📁 githubmirror/clean:
2026-05-24 13:05:49,515 | INFO     |     • hysteria2   :     2 конфигов
2026-05-24 13:05:49,516 | INFO     |     • ss          :     2 конфигов
2026-05-24 13:05:49,516 | INFO     |     • trojan      :     2 конфигов
2026-05-24 13:05:49,516 | INFO     |     • vless       :    66 конфигов
2026-05-24 13:05:49,516 | INFO     |     • vmess       :    11 конфигов
2026-05-24 13:05:49,516 | INFO     |   📁 githubmirror/ru-sni:
2026-05-24 13:05:49,516 | INFO     |     • hysteria2   :     1 конфигов ( 50.0% от clean)
2026-05-24 13:05:49,516 | INFO     |     • ss          :     0 конфигов (  0.0% от clean)
2026-05-24 13:05:49,517 | INFO     |     • trojan      :     0 конфигов (  0.0% от clean)
2026-05-24 13:05:49,517 | INFO     |     • vless       :     3 конфигов (  4.5% от clean)
2026-05-24 13:05:49,517 | INFO     |     • vmess       :     0 конфигов (  0.0% от clean)
2026-05-24 13:05:49,517 | INFO     |   ✨ Новых CF-VLESS в этом запуске: 50
2026-05-24 13:05:49,517 | INFO     | 
2026-05-24 13:05:49,517 | INFO     |   ──────────────────────────────────────────────────
2026-05-24 13:05:49,517 | INFO     |   📈 ИТОГО:
2026-05-24 13:05:49,517 | INFO     |     Clean (после geo-фильтра):       83
2026-05-24 13:05:49,517 | INFO     |     RU-SNI (после SNI-фильтра):       4
2026-05-24 13:05:49,517 | INFO     |     Прошло фильтр:                  4.8%
2026-05-24 13:05:49,517 | INFO     |   ──────────────────────────────────────────────────
2026-05-24 13:05:49,518 | INFO     | ✅ Статистика сохранена: /home/runner/work/vpn-vless-configs-russia/vpn-vless-configs-russia/stats.json
2026-05-24 13:05:49,518 | INFO     | 
2026-05-24 13:05:49,518 | INFO     | ======================================================================
2026-05-24 13:05:49,518 | INFO     | 📊 ИТОГОВЫЙ ОТЧЁТ
2026-05-24 13:05:49,518 | INFO     | ======================================================================
2026-05-24 13:05:49,518 | INFO     |   ✅ OK         | Загрузка и geo-фильтрация
2026-05-24 13:05:49,518 | INFO     |   ✅ OK         | Генерация 50 уникальных CF-VLESS
2026-05-24 13:05:49,518 | INFO     |   ✅ OK         | Слияние CF с основным списком
2026-05-24 13:05:49,518 | INFO     |   ✅ OK         | Фильтрация по реальному SNI
2026-05-24 13:05:49,518 | INFO     |   ✅ OK         | Экспериментальный RU-SNI фильтр
2026-05-24 13:05:49,518 | INFO     |   ✅ OK         | Сбор статистики
2026-05-24 13:05:49,518 | INFO     | ──────────────────────────────────────────────────────────────────────
2026-05-24 13:05:49,518 | INFO     | ✅ ВСЕ ЭТАПЫ УСПЕШНЫ (6/6)
2026-05-24 13:05:49,518 | INFO     | ⏰ Время завершения: 2026-05-24 13:05:49
2026-05-24 13:05:49,518 | INFO     | ======================================================================
