2026-06-24 08:56:16,514 | INFO     | ======================================================================
2026-06-24 08:56:16,514 | INFO     | 🔍 VPN KEY CHECKER - Начало проверки
2026-06-24 08:56:16,514 | INFO     | ⏰ Время старта: 2026-06-24 08:56:16
2026-06-24 08:56:16,514 | INFO     | 📂 Рабочая директория: /home/runner/work/vpn-vless-configs-russia/vpn-vless-configs-russia
2026-06-24 08:56:16,514 | INFO     | ======================================================================
2026-06-24 08:56:16,514 | INFO     | 
2026-06-24 08:56:16,514 | INFO     | 🔍 Проверка наличия скриптов...
2026-06-24 08:56:16,514 | INFO     |   ✅ mirror.py
2026-06-24 08:56:16,514 | INFO     |   ✅ generate_cf_vless.py
2026-06-24 08:56:16,514 | INFO     |   ✅ filter_ru_sni.py
2026-06-24 08:56:16,515 | INFO     |   ✅ filter_ru_sni_local.py
2026-06-24 08:56:16,515 | INFO     | 
2026-06-24 08:56:16,515 | INFO     | 
2026-06-24 08:56:16,515 | INFO     | ──────────────────────────────────────────────────────────────────────
2026-06-24 08:56:16,515 | INFO     | 📌 ЭТАП: Загрузка и geo-фильтрация
2026-06-24 08:56:16,515 | INFO     | ──────────────────────────────────────────────────────────────────────
2026-06-24 08:56:16,515 | INFO     | 🚀 Запуск mirror.py (Загрузка и фильтрация по РФ/СНГ/Европа)...
2026-06-24 08:56:19,982 | INFO     |   → 🚀 Старт: всего источников (старые + новые): 8
2026-06-24 08:56:19,983 | INFO     |   → 1/8: ✅ 0 взято | 🗑️ 0 мусор
2026-06-24 08:56:19,983 | INFO     |   → 2/8: ✅ 0 взято | 🗑️ 0 мусор
2026-06-24 08:56:19,983 | INFO     |   → 3/8: ✅ 1 взято | 🗑️ 226 мусор
2026-06-24 08:56:19,983 | INFO     |   → 4/8: ✅ 0 взято | 🗑️ 0 мусор
2026-06-24 08:56:19,983 | INFO     |   → 5/8: ✅ 0 взято | 🗑️ 211 мусор
2026-06-24 08:56:19,983 | INFO     |   → 6/8: ✅ 0 взято | 🗑️ 0 мусор
2026-06-24 08:56:19,983 | INFO     |   → 7/8: ✅ 13 взято | 🗑️ 10 мусор
2026-06-24 08:56:19,983 | INFO     |   → 8/8: ✅ 0 взято | 🗑️ 10 мусор
2026-06-24 08:56:19,983 | INFO     |   → ✅ ГОТОВО!
2026-06-24 08:56:19,983 | INFO     |   →    📥 Всего ключей после фильтра: 14
2026-06-24 08:56:19,983 | INFO     |   →    🔗 Уникальных IP:PORT:SCHEME: 14
2026-06-24 08:56:19,983 | INFO     |   →    🗑️ Выброшено мусора: 457
2026-06-24 08:56:19,983 | INFO     |   → 📊 По протоколам:
2026-06-24 08:56:19,983 | INFO     |   →    vless: 12
2026-06-24 08:56:19,983 | INFO     |   →    trojan: 2
2026-06-24 08:56:19,983 | INFO     | ✅ mirror.py завершён успешно
2026-06-24 08:56:19,983 | INFO     | 
2026-06-24 08:56:19,983 | INFO     | 
2026-06-24 08:56:19,983 | INFO     | ──────────────────────────────────────────────────────────────────────
2026-06-24 08:56:19,983 | INFO     | 📌 ЭТАП: Генерация 50 уникальных CF-VLESS
2026-06-24 08:56:19,983 | INFO     | ──────────────────────────────────────────────────────────────────────
2026-06-24 08:56:19,983 | INFO     | 🚀 Запуск generate_cf_vless.py (50 новых CF-VLESS)...
2026-06-24 08:56:20,966 | INFO     |   → ======================================================================
2026-06-24 08:56:20,966 | INFO     |   → 🗺️  Генератор свежих VLESS-конфигов на IP Cloudflare
2026-06-24 08:56:20,966 | INFO     |   → ======================================================================
2026-06-24 08:56:20,966 | INFO     |   →   → Загружаем актуальные IP-диапазоны Cloudflare: https://www.cloudflare.com/ips-v4
2026-06-24 08:56:20,966 | INFO     |   →   → Найдено 15 IPv4 CIDR-блоков. Преобразуем их в IP-адреса...
2026-06-24 08:56:20,966 | INFO     |   → ✅ Успешно загружено и подготовлено 7500 IP-адресов для ротации.
2026-06-24 08:56:20,967 | INFO     |   → ✨ Сгенерировано и сохранено 50 VLESS-конфигов.
2026-06-24 08:56:20,967 | INFO     |   → 📂 Файл: /home/runner/work/vpn-vless-configs-russia/vpn-vless-configs-russia/githubmirror/new/cf_fresh.txt
2026-06-24 08:56:20,967 | INFO     |   → ======================================================================
2026-06-24 08:56:20,967 | INFO     | ✅ generate_cf_vless.py завершён успешно
2026-06-24 08:56:20,967 | INFO     | 
2026-06-24 08:56:20,967 | INFO     | 
2026-06-24 08:56:20,967 | INFO     | ──────────────────────────────────────────────────────────────────────
2026-06-24 08:56:20,967 | INFO     | 📌 ЭТАП: Слияние CF с основным списком
2026-06-24 08:56:20,967 | INFO     | ──────────────────────────────────────────────────────────────────────
2026-06-24 08:56:20,969 | INFO     | 🔄 Добавлено 50 новых CF-VLESS в /home/runner/work/vpn-vless-configs-russia/vpn-vless-configs-russia/githubmirror/clean/vless.txt
2026-06-24 08:56:20,969 | INFO     | 📊 Всего в clean/vless.txt теперь: 62
2026-06-24 08:56:20,969 | INFO     | 
2026-06-24 08:56:20,969 | INFO     | 
2026-06-24 08:56:20,969 | INFO     | ──────────────────────────────────────────────────────────────────────
2026-06-24 08:56:20,969 | INFO     | 📌 ЭТАП: Фильтрация по реальному SNI
2026-06-24 08:56:20,969 | INFO     | ──────────────────────────────────────────────────────────────────────
2026-06-24 08:56:20,969 | INFO     | 🚀 Запуск filter_ru_sni.py (Фильтр по реальному SNI (CDN+RU))...
2026-06-24 08:56:20,997 | INFO     |   → trojan.txt: 2 → 0 (SNI-filtered)
2026-06-24 08:56:20,997 | INFO     |   →   vless.txt: 62 → 0 (SNI-filtered)
2026-06-24 08:56:20,997 | INFO     |   → ==================================================
2026-06-24 08:56:20,997 | INFO     |   →   Всего входных:  64
2026-06-24 08:56:20,997 | INFO     |   →   Прошли фильтр:  0
2026-06-24 08:56:20,997 | INFO     |   →   Отброшено:      64
2026-06-24 08:56:20,997 | INFO     |   → ==================================================
2026-06-24 08:56:20,997 | INFO     |   → Готово → /home/runner/work/vpn-vless-configs-russia/vpn-vless-configs-russia/githubmirror/ru-sni
2026-06-24 08:56:20,997 | INFO     | ✅ filter_ru_sni.py завершён успешно
2026-06-24 08:56:20,997 | INFO     | 
2026-06-24 08:56:20,997 | INFO     | 
2026-06-24 08:56:20,997 | INFO     | ──────────────────────────────────────────────────────────────────────
2026-06-24 08:56:20,997 | INFO     | 📌 ЭТАП: Экспериментальный RU-SNI фильтр
2026-06-24 08:56:20,997 | INFO     | ──────────────────────────────────────────────────────────────────────
2026-06-24 08:56:20,997 | INFO     | 🚀 Запуск filter_ru_sni_local.py (Экспериментальный фильтр по RU-SNI (локальные домены))...
2026-06-24 08:56:21,023 | INFO     |   → trojan.txt: 2 → 0 (RU-SNI)
2026-06-24 08:56:21,023 | INFO     |   → vless.txt: 62 → 0 (RU-SNI)
2026-06-24 08:56:21,023 | INFO     |   → ==================================================
2026-06-24 08:56:21,023 | INFO     |   → Всего входных:  64
2026-06-24 08:56:21,023 | INFO     |   → Прошли RU-SNI:  0
2026-06-24 08:56:21,023 | INFO     |   → Отброшено:      64
2026-06-24 08:56:21,023 | INFO     |   → ==================================================
2026-06-24 08:56:21,023 | INFO     |   → Готово → /home/runner/work/vpn-vless-configs-russia/vpn-vless-configs-russia/githubmirror/ru-sni-local
2026-06-24 08:56:21,023 | INFO     | ✅ filter_ru_sni_local.py завершён успешно
2026-06-24 08:56:21,023 | INFO     | 
2026-06-24 08:56:21,023 | INFO     | 
2026-06-24 08:56:21,023 | INFO     | ──────────────────────────────────────────────────────────────────────
2026-06-24 08:56:21,024 | INFO     | 📌 ЭТАП: Сбор статистики
2026-06-24 08:56:21,024 | INFO     | ──────────────────────────────────────────────────────────────────────
2026-06-24 08:56:21,024 | INFO     | 📊 Сбор статистики...
2026-06-24 08:56:21,024 | INFO     |   📁 githubmirror/clean:
2026-06-24 08:56:21,024 | INFO     |     • trojan      :     2 конфигов
2026-06-24 08:56:21,024 | INFO     |     • vless       :    62 конфигов
2026-06-24 08:56:21,024 | INFO     |   📁 githubmirror/ru-sni:
2026-06-24 08:56:21,024 | INFO     |     • trojan      :     0 конфигов (  0.0% от clean)
2026-06-24 08:56:21,025 | INFO     |     • vless       :     0 конфигов (  0.0% от clean)
2026-06-24 08:56:21,025 | INFO     |   ✨ Новых CF-VLESS в этом запуске: 50
2026-06-24 08:56:21,025 | INFO     | 
2026-06-24 08:56:21,025 | INFO     |   ──────────────────────────────────────────────────
2026-06-24 08:56:21,025 | INFO     |   📈 ИТОГО:
2026-06-24 08:56:21,025 | INFO     |     Clean (после geo-фильтра):       64
2026-06-24 08:56:21,025 | INFO     |     RU-SNI (после SNI-фильтра):       0
2026-06-24 08:56:21,025 | INFO     |     Прошло фильтр:                  0.0%
2026-06-24 08:56:21,025 | INFO     |   ──────────────────────────────────────────────────
2026-06-24 08:56:21,025 | INFO     | ✅ Статистика сохранена: /home/runner/work/vpn-vless-configs-russia/vpn-vless-configs-russia/stats.json
2026-06-24 08:56:21,025 | INFO     | 
2026-06-24 08:56:21,025 | INFO     | ======================================================================
2026-06-24 08:56:21,025 | INFO     | 📊 ИТОГОВЫЙ ОТЧЁТ
2026-06-24 08:56:21,025 | INFO     | ======================================================================
2026-06-24 08:56:21,026 | INFO     |   ✅ OK         | Загрузка и geo-фильтрация
2026-06-24 08:56:21,026 | INFO     |   ✅ OK         | Генерация 50 уникальных CF-VLESS
2026-06-24 08:56:21,026 | INFO     |   ✅ OK         | Слияние CF с основным списком
2026-06-24 08:56:21,026 | INFO     |   ✅ OK         | Фильтрация по реальному SNI
2026-06-24 08:56:21,026 | INFO     |   ✅ OK         | Экспериментальный RU-SNI фильтр
2026-06-24 08:56:21,026 | INFO     |   ✅ OK         | Сбор статистики
2026-06-24 08:56:21,026 | INFO     | ──────────────────────────────────────────────────────────────────────
2026-06-24 08:56:21,026 | INFO     | ✅ ВСЕ ЭТАПЫ УСПЕШНЫ (6/6)
2026-06-24 08:56:21,026 | INFO     | ⏰ Время завершения: 2026-06-24 08:56:21
2026-06-24 08:56:21,026 | INFO     | ======================================================================
