2026-05-27 14:59:09,791 | INFO     | ======================================================================
2026-05-27 14:59:09,791 | INFO     | 🔍 VPN KEY CHECKER - Начало проверки
2026-05-27 14:59:09,791 | INFO     | ⏰ Время старта: 2026-05-27 14:59:09
2026-05-27 14:59:09,791 | INFO     | 📂 Рабочая директория: /home/runner/work/vpn-vless-configs-russia/vpn-vless-configs-russia
2026-05-27 14:59:09,791 | INFO     | ======================================================================
2026-05-27 14:59:09,791 | INFO     | 
2026-05-27 14:59:09,791 | INFO     | 🔍 Проверка наличия скриптов...
2026-05-27 14:59:09,791 | INFO     |   ✅ mirror.py
2026-05-27 14:59:09,791 | INFO     |   ✅ generate_cf_vless.py
2026-05-27 14:59:09,791 | INFO     |   ✅ filter_ru_sni.py
2026-05-27 14:59:09,792 | INFO     |   ✅ filter_ru_sni_local.py
2026-05-27 14:59:09,792 | INFO     | 
2026-05-27 14:59:09,792 | INFO     | 
2026-05-27 14:59:09,792 | INFO     | ──────────────────────────────────────────────────────────────────────
2026-05-27 14:59:09,792 | INFO     | 📌 ЭТАП: Загрузка и geo-фильтрация
2026-05-27 14:59:09,792 | INFO     | ──────────────────────────────────────────────────────────────────────
2026-05-27 14:59:09,792 | INFO     | 🚀 Запуск mirror.py (Загрузка и фильтрация по РФ/СНГ/Европа)...
2026-05-27 14:59:14,135 | INFO     |   → 🚀 Старт: всего источников (старые + новые): 10
2026-05-27 14:59:14,135 | INFO     |   → 1/10: ✅ 0 взято | 🗑️ 0 мусор
2026-05-27 14:59:14,135 | INFO     |   → 2/10: ✅ 0 взято | 🗑️ 0 мусор
2026-05-27 14:59:14,135 | INFO     |   → 3/10: ✅ 5 взято | 🗑️ 104 мусор
2026-05-27 14:59:14,135 | INFO     |   → 4/10: ✅ 0 взято | 🗑️ 0 мусор
2026-05-27 14:59:14,135 | INFO     |   → 5/10: ✅ 0 взято | 🗑️ 116 мусор
2026-05-27 14:59:14,135 | INFO     |   → 6/10: ✅ 0 взято | 🗑️ 0 мусор
2026-05-27 14:59:14,135 | INFO     |   → 7/10: ✅ 6 взято | 🗑️ 24 мусор
2026-05-27 14:59:14,135 | INFO     |   → 8/10: ✅ 0 взято | 🗑️ 24 мусор
2026-05-27 14:59:14,135 | INFO     |   → 9/10: ✅ 2 взято | 🗑️ 23 мусор
2026-05-27 14:59:14,135 | INFO     |   → 10/10: ✅ 0 взято | 🗑️ 0 мусор
2026-05-27 14:59:14,135 | INFO     |   → ✅ ГОТОВО!
2026-05-27 14:59:14,135 | INFO     |   →    📥 Всего ключей после фильтра: 13
2026-05-27 14:59:14,135 | INFO     |   →    🔗 Уникальных IP:PORT:SCHEME: 13
2026-05-27 14:59:14,135 | INFO     |   →    🗑️ Выброшено мусора: 291
2026-05-27 14:59:14,135 | INFO     |   → 📊 По протоколам:
2026-05-27 14:59:14,135 | INFO     |   →    vless: 7
2026-05-27 14:59:14,135 | INFO     |   →    vmess: 1
2026-05-27 14:59:14,135 | INFO     |   →    trojan: 1
2026-05-27 14:59:14,136 | INFO     |   →    ss: 4
2026-05-27 14:59:14,136 | INFO     | ✅ mirror.py завершён успешно
2026-05-27 14:59:14,136 | INFO     | 
2026-05-27 14:59:14,136 | INFO     | 
2026-05-27 14:59:14,136 | INFO     | ──────────────────────────────────────────────────────────────────────
2026-05-27 14:59:14,136 | INFO     | 📌 ЭТАП: Генерация 50 уникальных CF-VLESS
2026-05-27 14:59:14,136 | INFO     | ──────────────────────────────────────────────────────────────────────
2026-05-27 14:59:14,136 | INFO     | 🚀 Запуск generate_cf_vless.py (50 новых CF-VLESS)...
2026-05-27 14:59:15,148 | INFO     |   → ======================================================================
2026-05-27 14:59:15,148 | INFO     |   → 🗺️  Генератор свежих VLESS-конфигов на IP Cloudflare
2026-05-27 14:59:15,148 | INFO     |   → ======================================================================
2026-05-27 14:59:15,148 | INFO     |   →   → Загружаем актуальные IP-диапазоны Cloudflare: https://www.cloudflare.com/ips-v4
2026-05-27 14:59:15,148 | INFO     |   →   → Найдено 15 IPv4 CIDR-блоков. Преобразуем их в IP-адреса...
2026-05-27 14:59:15,149 | INFO     |   → ✅ Успешно загружено и подготовлено 7500 IP-адресов для ротации.
2026-05-27 14:59:15,149 | INFO     |   → ✨ Сгенерировано и сохранено 50 VLESS-конфигов.
2026-05-27 14:59:15,149 | INFO     |   → 📂 Файл: /home/runner/work/vpn-vless-configs-russia/vpn-vless-configs-russia/githubmirror/new/cf_fresh.txt
2026-05-27 14:59:15,149 | INFO     |   → ======================================================================
2026-05-27 14:59:15,149 | INFO     | ✅ generate_cf_vless.py завершён успешно
2026-05-27 14:59:15,149 | INFO     | 
2026-05-27 14:59:15,149 | INFO     | 
2026-05-27 14:59:15,149 | INFO     | ──────────────────────────────────────────────────────────────────────
2026-05-27 14:59:15,149 | INFO     | 📌 ЭТАП: Слияние CF с основным списком
2026-05-27 14:59:15,149 | INFO     | ──────────────────────────────────────────────────────────────────────
2026-05-27 14:59:15,150 | INFO     | 🔄 Добавлено 50 новых CF-VLESS в /home/runner/work/vpn-vless-configs-russia/vpn-vless-configs-russia/githubmirror/clean/vless.txt
2026-05-27 14:59:15,150 | INFO     | 📊 Всего в clean/vless.txt теперь: 57
2026-05-27 14:59:15,151 | INFO     | 
2026-05-27 14:59:15,151 | INFO     | 
2026-05-27 14:59:15,151 | INFO     | ──────────────────────────────────────────────────────────────────────
2026-05-27 14:59:15,151 | INFO     | 📌 ЭТАП: Фильтрация по реальному SNI
2026-05-27 14:59:15,151 | INFO     | ──────────────────────────────────────────────────────────────────────
2026-05-27 14:59:15,151 | INFO     | 🚀 Запуск filter_ru_sni.py (Фильтр по реальному SNI (CDN+RU))...
2026-05-27 14:59:15,180 | INFO     |   → ss.txt: 4 → 0 (SNI-filtered)
2026-05-27 14:59:15,181 | INFO     |   →   trojan.txt: 1 → 0 (SNI-filtered)
2026-05-27 14:59:15,181 | INFO     |   →   vless.txt: 57 → 2 (SNI-filtered)
2026-05-27 14:59:15,181 | INFO     |   →   vmess.txt: 1 → 0 (SNI-filtered)
2026-05-27 14:59:15,181 | INFO     |   → ==================================================
2026-05-27 14:59:15,181 | INFO     |   →   Всего входных:  63
2026-05-27 14:59:15,181 | INFO     |   →   Прошли фильтр:  2
2026-05-27 14:59:15,181 | INFO     |   →   Отброшено:      61
2026-05-27 14:59:15,181 | INFO     |   → ==================================================
2026-05-27 14:59:15,181 | INFO     |   → Готово → /home/runner/work/vpn-vless-configs-russia/vpn-vless-configs-russia/githubmirror/ru-sni
2026-05-27 14:59:15,181 | INFO     | ✅ filter_ru_sni.py завершён успешно
2026-05-27 14:59:15,181 | INFO     | 
2026-05-27 14:59:15,181 | INFO     | 
2026-05-27 14:59:15,181 | INFO     | ──────────────────────────────────────────────────────────────────────
2026-05-27 14:59:15,181 | INFO     | 📌 ЭТАП: Экспериментальный RU-SNI фильтр
2026-05-27 14:59:15,181 | INFO     | ──────────────────────────────────────────────────────────────────────
2026-05-27 14:59:15,181 | INFO     | 🚀 Запуск filter_ru_sni_local.py (Экспериментальный фильтр по RU-SNI (локальные домены))...
2026-05-27 14:59:15,209 | INFO     |   → ss.txt: 4 → 0 (RU-SNI)
2026-05-27 14:59:15,209 | INFO     |   → trojan.txt: 1 → 0 (RU-SNI)
2026-05-27 14:59:15,209 | INFO     |   → vless.txt: 57 → 0 (RU-SNI)
2026-05-27 14:59:15,209 | INFO     |   → vmess.txt: 1 → 0 (RU-SNI)
2026-05-27 14:59:15,209 | INFO     |   → ==================================================
2026-05-27 14:59:15,209 | INFO     |   → Всего входных:  63
2026-05-27 14:59:15,209 | INFO     |   → Прошли RU-SNI:  0
2026-05-27 14:59:15,209 | INFO     |   → Отброшено:      63
2026-05-27 14:59:15,209 | INFO     |   → ==================================================
2026-05-27 14:59:15,209 | INFO     |   → Готово → /home/runner/work/vpn-vless-configs-russia/vpn-vless-configs-russia/githubmirror/ru-sni-local
2026-05-27 14:59:15,209 | INFO     | ✅ filter_ru_sni_local.py завершён успешно
2026-05-27 14:59:15,210 | INFO     | 
2026-05-27 14:59:15,210 | INFO     | 
2026-05-27 14:59:15,210 | INFO     | ──────────────────────────────────────────────────────────────────────
2026-05-27 14:59:15,210 | INFO     | 📌 ЭТАП: Сбор статистики
2026-05-27 14:59:15,210 | INFO     | ──────────────────────────────────────────────────────────────────────
2026-05-27 14:59:15,210 | INFO     | 📊 Сбор статистики...
2026-05-27 14:59:15,210 | INFO     |   📁 githubmirror/clean:
2026-05-27 14:59:15,210 | INFO     |     • ss          :     4 конфигов
2026-05-27 14:59:15,210 | INFO     |     • trojan      :     1 конфигов
2026-05-27 14:59:15,210 | INFO     |     • vless       :    57 конфигов
2026-05-27 14:59:15,210 | INFO     |     • vmess       :     1 конфигов
2026-05-27 14:59:15,211 | INFO     |   📁 githubmirror/ru-sni:
2026-05-27 14:59:15,211 | INFO     |     • ss          :     0 конфигов (  0.0% от clean)
2026-05-27 14:59:15,211 | INFO     |     • trojan      :     0 конфигов (  0.0% от clean)
2026-05-27 14:59:15,211 | INFO     |     • vless       :     2 конфигов (  3.5% от clean)
2026-05-27 14:59:15,211 | INFO     |     • vmess       :     0 конфигов (  0.0% от clean)
2026-05-27 14:59:15,211 | INFO     |   ✨ Новых CF-VLESS в этом запуске: 50
2026-05-27 14:59:15,211 | INFO     | 
2026-05-27 14:59:15,211 | INFO     |   ──────────────────────────────────────────────────
2026-05-27 14:59:15,211 | INFO     |   📈 ИТОГО:
2026-05-27 14:59:15,211 | INFO     |     Clean (после geo-фильтра):       63
2026-05-27 14:59:15,211 | INFO     |     RU-SNI (после SNI-фильтра):       2
2026-05-27 14:59:15,211 | INFO     |     Прошло фильтр:                  3.2%
2026-05-27 14:59:15,211 | INFO     |   ──────────────────────────────────────────────────
2026-05-27 14:59:15,212 | INFO     | ✅ Статистика сохранена: /home/runner/work/vpn-vless-configs-russia/vpn-vless-configs-russia/stats.json
2026-05-27 14:59:15,212 | INFO     | 
2026-05-27 14:59:15,212 | INFO     | ======================================================================
2026-05-27 14:59:15,212 | INFO     | 📊 ИТОГОВЫЙ ОТЧЁТ
2026-05-27 14:59:15,212 | INFO     | ======================================================================
2026-05-27 14:59:15,212 | INFO     |   ✅ OK         | Загрузка и geo-фильтрация
2026-05-27 14:59:15,212 | INFO     |   ✅ OK         | Генерация 50 уникальных CF-VLESS
2026-05-27 14:59:15,212 | INFO     |   ✅ OK         | Слияние CF с основным списком
2026-05-27 14:59:15,212 | INFO     |   ✅ OK         | Фильтрация по реальному SNI
2026-05-27 14:59:15,212 | INFO     |   ✅ OK         | Экспериментальный RU-SNI фильтр
2026-05-27 14:59:15,212 | INFO     |   ✅ OK         | Сбор статистики
2026-05-27 14:59:15,212 | INFO     | ──────────────────────────────────────────────────────────────────────
2026-05-27 14:59:15,212 | INFO     | ✅ ВСЕ ЭТАПЫ УСПЕШНЫ (6/6)
2026-05-27 14:59:15,212 | INFO     | ⏰ Время завершения: 2026-05-27 14:59:15
2026-05-27 14:59:15,212 | INFO     | ======================================================================
