2026-06-05 09:35:17,552 | INFO     | ======================================================================
2026-06-05 09:35:17,552 | INFO     | 🔍 VPN KEY CHECKER - Начало проверки
2026-06-05 09:35:17,552 | INFO     | ⏰ Время старта: 2026-06-05 09:35:17
2026-06-05 09:35:17,552 | INFO     | 📂 Рабочая директория: /home/runner/work/vpn-vless-configs-russia/vpn-vless-configs-russia
2026-06-05 09:35:17,552 | INFO     | ======================================================================
2026-06-05 09:35:17,552 | INFO     | 
2026-06-05 09:35:17,552 | INFO     | 🔍 Проверка наличия скриптов...
2026-06-05 09:35:17,552 | INFO     |   ✅ mirror.py
2026-06-05 09:35:17,553 | INFO     |   ✅ generate_cf_vless.py
2026-06-05 09:35:17,553 | INFO     |   ✅ filter_ru_sni.py
2026-06-05 09:35:17,553 | INFO     |   ✅ filter_ru_sni_local.py
2026-06-05 09:35:17,553 | INFO     | 
2026-06-05 09:35:17,553 | INFO     | 
2026-06-05 09:35:17,553 | INFO     | ──────────────────────────────────────────────────────────────────────
2026-06-05 09:35:17,553 | INFO     | 📌 ЭТАП: Загрузка и geo-фильтрация
2026-06-05 09:35:17,553 | INFO     | ──────────────────────────────────────────────────────────────────────
2026-06-05 09:35:17,553 | INFO     | 🚀 Запуск mirror.py (Загрузка и фильтрация по РФ/СНГ/Европа)...
2026-06-05 09:35:20,966 | INFO     |   → 🚀 Старт: всего источников (старые + новые): 8
2026-06-05 09:35:20,966 | INFO     |   → 1/8: ✅ 0 взято | 🗑️ 0 мусор
2026-06-05 09:35:20,966 | INFO     |   → 2/8: ✅ 0 взято | 🗑️ 0 мусор
2026-06-05 09:35:20,966 | INFO     |   → 3/8: ✅ 10 взято | 🗑️ 151 мусор
2026-06-05 09:35:20,966 | INFO     |   → 4/8: ✅ 0 взято | 🗑️ 0 мусор
2026-06-05 09:35:20,966 | INFO     |   → 5/8: ✅ 0 взято | 🗑️ 157 мусор
2026-06-05 09:35:20,966 | INFO     |   → 6/8: ✅ 0 взято | 🗑️ 0 мусор
2026-06-05 09:35:20,966 | INFO     |   → 7/8: ✅ 13 взято | 🗑️ 7 мусор
2026-06-05 09:35:20,966 | INFO     |   → 8/8: ✅ 0 взято | 🗑️ 7 мусор
2026-06-05 09:35:20,966 | INFO     |   → ✅ ГОТОВО!
2026-06-05 09:35:20,966 | INFO     |   →    📥 Всего ключей после фильтра: 23
2026-06-05 09:35:20,966 | INFO     |   →    🔗 Уникальных IP:PORT:SCHEME: 20
2026-06-05 09:35:20,966 | INFO     |   →    🗑️ Выброшено мусора: 322
2026-06-05 09:35:20,966 | INFO     |   → 📊 По протоколам:
2026-06-05 09:35:20,966 | INFO     |   →    vless: 12
2026-06-05 09:35:20,967 | INFO     |   →    vmess: 1
2026-06-05 09:35:20,967 | INFO     |   →    trojan: 4
2026-06-05 09:35:20,967 | INFO     |   →    ss: 3
2026-06-05 09:35:20,967 | INFO     | ✅ mirror.py завершён успешно
2026-06-05 09:35:20,967 | INFO     | 
2026-06-05 09:35:20,967 | INFO     | 
2026-06-05 09:35:20,967 | INFO     | ──────────────────────────────────────────────────────────────────────
2026-06-05 09:35:20,967 | INFO     | 📌 ЭТАП: Генерация 50 уникальных CF-VLESS
2026-06-05 09:35:20,967 | INFO     | ──────────────────────────────────────────────────────────────────────
2026-06-05 09:35:20,967 | INFO     | 🚀 Запуск generate_cf_vless.py (50 новых CF-VLESS)...
2026-06-05 09:35:21,970 | INFO     |   → ======================================================================
2026-06-05 09:35:21,970 | INFO     |   → 🗺️  Генератор свежих VLESS-конфигов на IP Cloudflare
2026-06-05 09:35:21,970 | INFO     |   → ======================================================================
2026-06-05 09:35:21,970 | INFO     |   →   → Загружаем актуальные IP-диапазоны Cloudflare: https://www.cloudflare.com/ips-v4
2026-06-05 09:35:21,970 | INFO     |   →   → Найдено 15 IPv4 CIDR-блоков. Преобразуем их в IP-адреса...
2026-06-05 09:35:21,970 | INFO     |   → ✅ Успешно загружено и подготовлено 7500 IP-адресов для ротации.
2026-06-05 09:35:21,971 | INFO     |   → ✨ Сгенерировано и сохранено 50 VLESS-конфигов.
2026-06-05 09:35:21,971 | INFO     |   → 📂 Файл: /home/runner/work/vpn-vless-configs-russia/vpn-vless-configs-russia/githubmirror/new/cf_fresh.txt
2026-06-05 09:35:21,971 | INFO     |   → ======================================================================
2026-06-05 09:35:21,971 | INFO     | ✅ generate_cf_vless.py завершён успешно
2026-06-05 09:35:21,971 | INFO     | 
2026-06-05 09:35:21,971 | INFO     | 
2026-06-05 09:35:21,971 | INFO     | ──────────────────────────────────────────────────────────────────────
2026-06-05 09:35:21,971 | INFO     | 📌 ЭТАП: Слияние CF с основным списком
2026-06-05 09:35:21,971 | INFO     | ──────────────────────────────────────────────────────────────────────
2026-06-05 09:35:21,973 | INFO     | 🔄 Добавлено 50 новых CF-VLESS в /home/runner/work/vpn-vless-configs-russia/vpn-vless-configs-russia/githubmirror/clean/vless.txt
2026-06-05 09:35:21,973 | INFO     | 📊 Всего в clean/vless.txt теперь: 62
2026-06-05 09:35:21,973 | INFO     | 
2026-06-05 09:35:21,973 | INFO     | 
2026-06-05 09:35:21,973 | INFO     | ──────────────────────────────────────────────────────────────────────
2026-06-05 09:35:21,973 | INFO     | 📌 ЭТАП: Фильтрация по реальному SNI
2026-06-05 09:35:21,973 | INFO     | ──────────────────────────────────────────────────────────────────────
2026-06-05 09:35:21,973 | INFO     | 🚀 Запуск filter_ru_sni.py (Фильтр по реальному SNI (CDN+RU))...
2026-06-05 09:35:22,002 | INFO     |   → ss.txt: 3 → 0 (SNI-filtered)
2026-06-05 09:35:22,002 | INFO     |   →   trojan.txt: 4 → 0 (SNI-filtered)
2026-06-05 09:35:22,002 | INFO     |   →   vless.txt: 62 → 3 (SNI-filtered)
2026-06-05 09:35:22,002 | INFO     |   →   vmess.txt: 1 → 0 (SNI-filtered)
2026-06-05 09:35:22,002 | INFO     |   → ==================================================
2026-06-05 09:35:22,002 | INFO     |   →   Всего входных:  70
2026-06-05 09:35:22,002 | INFO     |   →   Прошли фильтр:  3
2026-06-05 09:35:22,002 | INFO     |   →   Отброшено:      67
2026-06-05 09:35:22,002 | INFO     |   → ==================================================
2026-06-05 09:35:22,002 | INFO     |   → Готово → /home/runner/work/vpn-vless-configs-russia/vpn-vless-configs-russia/githubmirror/ru-sni
2026-06-05 09:35:22,002 | INFO     | ✅ filter_ru_sni.py завершён успешно
2026-06-05 09:35:22,002 | INFO     | 
2026-06-05 09:35:22,002 | INFO     | 
2026-06-05 09:35:22,003 | INFO     | ──────────────────────────────────────────────────────────────────────
2026-06-05 09:35:22,003 | INFO     | 📌 ЭТАП: Экспериментальный RU-SNI фильтр
2026-06-05 09:35:22,003 | INFO     | ──────────────────────────────────────────────────────────────────────
2026-06-05 09:35:22,003 | INFO     | 🚀 Запуск filter_ru_sni_local.py (Экспериментальный фильтр по RU-SNI (локальные домены))...
2026-06-05 09:35:22,030 | INFO     |   → ss.txt: 3 → 0 (RU-SNI)
2026-06-05 09:35:22,030 | INFO     |   → trojan.txt: 4 → 0 (RU-SNI)
2026-06-05 09:35:22,030 | INFO     |   → vless.txt: 62 → 1 (RU-SNI)
2026-06-05 09:35:22,030 | INFO     |   → vmess.txt: 1 → 0 (RU-SNI)
2026-06-05 09:35:22,030 | INFO     |   → ==================================================
2026-06-05 09:35:22,030 | INFO     |   → Всего входных:  70
2026-06-05 09:35:22,030 | INFO     |   → Прошли RU-SNI:  1
2026-06-05 09:35:22,030 | INFO     |   → Отброшено:      69
2026-06-05 09:35:22,030 | INFO     |   → ==================================================
2026-06-05 09:35:22,030 | INFO     |   → Готово → /home/runner/work/vpn-vless-configs-russia/vpn-vless-configs-russia/githubmirror/ru-sni-local
2026-06-05 09:35:22,030 | INFO     | ✅ filter_ru_sni_local.py завершён успешно
2026-06-05 09:35:22,030 | INFO     | 
2026-06-05 09:35:22,030 | INFO     | 
2026-06-05 09:35:22,030 | INFO     | ──────────────────────────────────────────────────────────────────────
2026-06-05 09:35:22,030 | INFO     | 📌 ЭТАП: Сбор статистики
2026-06-05 09:35:22,030 | INFO     | ──────────────────────────────────────────────────────────────────────
2026-06-05 09:35:22,030 | INFO     | 📊 Сбор статистики...
2026-06-05 09:35:22,030 | INFO     |   📁 githubmirror/clean:
2026-06-05 09:35:22,031 | INFO     |     • ss          :     3 конфигов
2026-06-05 09:35:22,031 | INFO     |     • trojan      :     4 конфигов
2026-06-05 09:35:22,031 | INFO     |     • vless       :    62 конфигов
2026-06-05 09:35:22,031 | INFO     |     • vmess       :     1 конфигов
2026-06-05 09:35:22,031 | INFO     |   📁 githubmirror/ru-sni:
2026-06-05 09:35:22,031 | INFO     |     • ss          :     0 конфигов (  0.0% от clean)
2026-06-05 09:35:22,031 | INFO     |     • trojan      :     0 конфигов (  0.0% от clean)
2026-06-05 09:35:22,031 | INFO     |     • vless       :     3 конфигов (  4.8% от clean)
2026-06-05 09:35:22,031 | INFO     |     • vmess       :     0 конфигов (  0.0% от clean)
2026-06-05 09:35:22,032 | INFO     |   ✨ Новых CF-VLESS в этом запуске: 50
2026-06-05 09:35:22,032 | INFO     | 
2026-06-05 09:35:22,032 | INFO     |   ──────────────────────────────────────────────────
2026-06-05 09:35:22,032 | INFO     |   📈 ИТОГО:
2026-06-05 09:35:22,032 | INFO     |     Clean (после geo-фильтра):       70
2026-06-05 09:35:22,032 | INFO     |     RU-SNI (после SNI-фильтра):       3
2026-06-05 09:35:22,032 | INFO     |     Прошло фильтр:                  4.3%
2026-06-05 09:35:22,032 | INFO     |   ──────────────────────────────────────────────────
2026-06-05 09:35:22,032 | INFO     | ✅ Статистика сохранена: /home/runner/work/vpn-vless-configs-russia/vpn-vless-configs-russia/stats.json
2026-06-05 09:35:22,032 | INFO     | 
2026-06-05 09:35:22,032 | INFO     | ======================================================================
2026-06-05 09:35:22,032 | INFO     | 📊 ИТОГОВЫЙ ОТЧЁТ
2026-06-05 09:35:22,032 | INFO     | ======================================================================
2026-06-05 09:35:22,032 | INFO     |   ✅ OK         | Загрузка и geo-фильтрация
2026-06-05 09:35:22,032 | INFO     |   ✅ OK         | Генерация 50 уникальных CF-VLESS
2026-06-05 09:35:22,032 | INFO     |   ✅ OK         | Слияние CF с основным списком
2026-06-05 09:35:22,032 | INFO     |   ✅ OK         | Фильтрация по реальному SNI
2026-06-05 09:35:22,032 | INFO     |   ✅ OK         | Экспериментальный RU-SNI фильтр
2026-06-05 09:35:22,032 | INFO     |   ✅ OK         | Сбор статистики
2026-06-05 09:35:22,032 | INFO     | ──────────────────────────────────────────────────────────────────────
2026-06-05 09:35:22,032 | INFO     | ✅ ВСЕ ЭТАПЫ УСПЕШНЫ (6/6)
2026-06-05 09:35:22,033 | INFO     | ⏰ Время завершения: 2026-06-05 09:35:22
2026-06-05 09:35:22,033 | INFO     | ======================================================================
