2026-05-28 09:49:35,077 | INFO     | ======================================================================
2026-05-28 09:49:35,077 | INFO     | 🔍 VPN KEY CHECKER - Начало проверки
2026-05-28 09:49:35,077 | INFO     | ⏰ Время старта: 2026-05-28 09:49:35
2026-05-28 09:49:35,077 | INFO     | 📂 Рабочая директория: /home/runner/work/vpn-vless-configs-russia/vpn-vless-configs-russia
2026-05-28 09:49:35,077 | INFO     | ======================================================================
2026-05-28 09:49:35,077 | INFO     | 
2026-05-28 09:49:35,077 | INFO     | 🔍 Проверка наличия скриптов...
2026-05-28 09:49:35,077 | INFO     |   ✅ mirror.py
2026-05-28 09:49:35,077 | INFO     |   ✅ generate_cf_vless.py
2026-05-28 09:49:35,078 | INFO     |   ✅ filter_ru_sni.py
2026-05-28 09:49:35,078 | INFO     |   ✅ filter_ru_sni_local.py
2026-05-28 09:49:35,078 | INFO     | 
2026-05-28 09:49:35,078 | INFO     | 
2026-05-28 09:49:35,078 | INFO     | ──────────────────────────────────────────────────────────────────────
2026-05-28 09:49:35,078 | INFO     | 📌 ЭТАП: Загрузка и geo-фильтрация
2026-05-28 09:49:35,078 | INFO     | ──────────────────────────────────────────────────────────────────────
2026-05-28 09:49:35,078 | INFO     | 🚀 Запуск mirror.py (Загрузка и фильтрация по РФ/СНГ/Европа)...
2026-05-28 09:49:39,108 | INFO     |   → 🚀 Старт: всего источников (старые + новые): 10
2026-05-28 09:49:39,108 | INFO     |   → 1/10: ✅ 0 взято | 🗑️ 0 мусор
2026-05-28 09:49:39,108 | INFO     |   → 2/10: ✅ 0 взято | 🗑️ 0 мусор
2026-05-28 09:49:39,108 | INFO     |   → 3/10: ✅ 6 взято | 🗑️ 139 мусор
2026-05-28 09:49:39,108 | INFO     |   → 4/10: ✅ 0 взято | 🗑️ 0 мусор
2026-05-28 09:49:39,108 | INFO     |   → 5/10: ✅ 2 взято | 🗑️ 132 мусор
2026-05-28 09:49:39,108 | INFO     |   → 6/10: ✅ 0 взято | 🗑️ 0 мусор
2026-05-28 09:49:39,108 | INFO     |   → 7/10: ✅ 6 взято | 🗑️ 24 мусор
2026-05-28 09:49:39,108 | INFO     |   → 8/10: ✅ 0 взято | 🗑️ 24 мусор
2026-05-28 09:49:39,108 | INFO     |   → 9/10: ✅ 7 взято | 🗑️ 17 мусор
2026-05-28 09:49:39,108 | INFO     |   → 10/10: ✅ 0 взято | 🗑️ 0 мусор
2026-05-28 09:49:39,108 | INFO     |   → ✅ ГОТОВО!
2026-05-28 09:49:39,108 | INFO     |   →    📥 Всего ключей после фильтра: 21
2026-05-28 09:49:39,108 | INFO     |   →    🔗 Уникальных IP:PORT:SCHEME: 18
2026-05-28 09:49:39,108 | INFO     |   →    🗑️ Выброшено мусора: 336
2026-05-28 09:49:39,108 | INFO     |   → 📊 По протоколам:
2026-05-28 09:49:39,109 | INFO     |   →    vless: 14
2026-05-28 09:49:39,109 | INFO     |   →    vmess: 1
2026-05-28 09:49:39,109 | INFO     |   →    ss: 3
2026-05-28 09:49:39,109 | INFO     | ✅ mirror.py завершён успешно
2026-05-28 09:49:39,109 | INFO     | 
2026-05-28 09:49:39,109 | INFO     | 
2026-05-28 09:49:39,109 | INFO     | ──────────────────────────────────────────────────────────────────────
2026-05-28 09:49:39,109 | INFO     | 📌 ЭТАП: Генерация 50 уникальных CF-VLESS
2026-05-28 09:49:39,109 | INFO     | ──────────────────────────────────────────────────────────────────────
2026-05-28 09:49:39,109 | INFO     | 🚀 Запуск generate_cf_vless.py (50 новых CF-VLESS)...
2026-05-28 09:49:40,084 | INFO     |   → ======================================================================
2026-05-28 09:49:40,084 | INFO     |   → 🗺️  Генератор свежих VLESS-конфигов на IP Cloudflare
2026-05-28 09:49:40,084 | INFO     |   → ======================================================================
2026-05-28 09:49:40,084 | INFO     |   →   → Загружаем актуальные IP-диапазоны Cloudflare: https://www.cloudflare.com/ips-v4
2026-05-28 09:49:40,084 | INFO     |   →   → Найдено 15 IPv4 CIDR-блоков. Преобразуем их в IP-адреса...
2026-05-28 09:49:40,084 | INFO     |   → ✅ Успешно загружено и подготовлено 7500 IP-адресов для ротации.
2026-05-28 09:49:40,084 | INFO     |   → ✨ Сгенерировано и сохранено 50 VLESS-конфигов.
2026-05-28 09:49:40,084 | INFO     |   → 📂 Файл: /home/runner/work/vpn-vless-configs-russia/vpn-vless-configs-russia/githubmirror/new/cf_fresh.txt
2026-05-28 09:49:40,084 | INFO     |   → ======================================================================
2026-05-28 09:49:40,084 | INFO     | ✅ generate_cf_vless.py завершён успешно
2026-05-28 09:49:40,084 | INFO     | 
2026-05-28 09:49:40,084 | INFO     | 
2026-05-28 09:49:40,084 | INFO     | ──────────────────────────────────────────────────────────────────────
2026-05-28 09:49:40,084 | INFO     | 📌 ЭТАП: Слияние CF с основным списком
2026-05-28 09:49:40,084 | INFO     | ──────────────────────────────────────────────────────────────────────
2026-05-28 09:49:40,085 | INFO     | 🔄 Добавлено 50 новых CF-VLESS в /home/runner/work/vpn-vless-configs-russia/vpn-vless-configs-russia/githubmirror/clean/vless.txt
2026-05-28 09:49:40,085 | INFO     | 📊 Всего в clean/vless.txt теперь: 64
2026-05-28 09:49:40,085 | INFO     | 
2026-05-28 09:49:40,086 | INFO     | 
2026-05-28 09:49:40,086 | INFO     | ──────────────────────────────────────────────────────────────────────
2026-05-28 09:49:40,086 | INFO     | 📌 ЭТАП: Фильтрация по реальному SNI
2026-05-28 09:49:40,086 | INFO     | ──────────────────────────────────────────────────────────────────────
2026-05-28 09:49:40,086 | INFO     | 🚀 Запуск filter_ru_sni.py (Фильтр по реальному SNI (CDN+RU))...
2026-05-28 09:49:40,116 | INFO     |   → ss.txt: 3 → 0 (SNI-filtered)
2026-05-28 09:49:40,116 | INFO     |   →   vless.txt: 64 → 4 (SNI-filtered)
2026-05-28 09:49:40,116 | INFO     |   →   vmess.txt: 1 → 0 (SNI-filtered)
2026-05-28 09:49:40,116 | INFO     |   → ==================================================
2026-05-28 09:49:40,116 | INFO     |   →   Всего входных:  68
2026-05-28 09:49:40,116 | INFO     |   →   Прошли фильтр:  4
2026-05-28 09:49:40,116 | INFO     |   →   Отброшено:      64
2026-05-28 09:49:40,116 | INFO     |   → ==================================================
2026-05-28 09:49:40,116 | INFO     |   → Готово → /home/runner/work/vpn-vless-configs-russia/vpn-vless-configs-russia/githubmirror/ru-sni
2026-05-28 09:49:40,116 | INFO     | ✅ filter_ru_sni.py завершён успешно
2026-05-28 09:49:40,116 | INFO     | 
2026-05-28 09:49:40,116 | INFO     | 
2026-05-28 09:49:40,116 | INFO     | ──────────────────────────────────────────────────────────────────────
2026-05-28 09:49:40,116 | INFO     | 📌 ЭТАП: Экспериментальный RU-SNI фильтр
2026-05-28 09:49:40,116 | INFO     | ──────────────────────────────────────────────────────────────────────
2026-05-28 09:49:40,116 | INFO     | 🚀 Запуск filter_ru_sni_local.py (Экспериментальный фильтр по RU-SNI (локальные домены))...
2026-05-28 09:49:40,145 | INFO     |   → ss.txt: 3 → 0 (RU-SNI)
2026-05-28 09:49:40,145 | INFO     |   → vless.txt: 64 → 0 (RU-SNI)
2026-05-28 09:49:40,145 | INFO     |   → vmess.txt: 1 → 0 (RU-SNI)
2026-05-28 09:49:40,145 | INFO     |   → ==================================================
2026-05-28 09:49:40,145 | INFO     |   → Всего входных:  68
2026-05-28 09:49:40,145 | INFO     |   → Прошли RU-SNI:  0
2026-05-28 09:49:40,145 | INFO     |   → Отброшено:      68
2026-05-28 09:49:40,145 | INFO     |   → ==================================================
2026-05-28 09:49:40,145 | INFO     |   → Готово → /home/runner/work/vpn-vless-configs-russia/vpn-vless-configs-russia/githubmirror/ru-sni-local
2026-05-28 09:49:40,145 | INFO     | ✅ filter_ru_sni_local.py завершён успешно
2026-05-28 09:49:40,145 | INFO     | 
2026-05-28 09:49:40,145 | INFO     | 
2026-05-28 09:49:40,145 | INFO     | ──────────────────────────────────────────────────────────────────────
2026-05-28 09:49:40,145 | INFO     | 📌 ЭТАП: Сбор статистики
2026-05-28 09:49:40,145 | INFO     | ──────────────────────────────────────────────────────────────────────
2026-05-28 09:49:40,145 | INFO     | 📊 Сбор статистики...
2026-05-28 09:49:40,145 | INFO     |   📁 githubmirror/clean:
2026-05-28 09:49:40,146 | INFO     |     • ss          :     3 конфигов
2026-05-28 09:49:40,146 | INFO     |     • vless       :    64 конфигов
2026-05-28 09:49:40,146 | INFO     |     • vmess       :     1 конфигов
2026-05-28 09:49:40,146 | INFO     |   📁 githubmirror/ru-sni:
2026-05-28 09:49:40,146 | INFO     |     • ss          :     0 конфигов (  0.0% от clean)
2026-05-28 09:49:40,146 | INFO     |     • vless       :     4 конфигов (  6.2% от clean)
2026-05-28 09:49:40,146 | INFO     |     • vmess       :     0 конфигов (  0.0% от clean)
2026-05-28 09:49:40,147 | INFO     |   ✨ Новых CF-VLESS в этом запуске: 50
2026-05-28 09:49:40,147 | INFO     | 
2026-05-28 09:49:40,147 | INFO     |   ──────────────────────────────────────────────────
2026-05-28 09:49:40,147 | INFO     |   📈 ИТОГО:
2026-05-28 09:49:40,147 | INFO     |     Clean (после geo-фильтра):       68
2026-05-28 09:49:40,147 | INFO     |     RU-SNI (после SNI-фильтра):       4
2026-05-28 09:49:40,147 | INFO     |     Прошло фильтр:                  5.9%
2026-05-28 09:49:40,147 | INFO     |   ──────────────────────────────────────────────────
2026-05-28 09:49:40,147 | INFO     | ✅ Статистика сохранена: /home/runner/work/vpn-vless-configs-russia/vpn-vless-configs-russia/stats.json
2026-05-28 09:49:40,147 | INFO     | 
2026-05-28 09:49:40,147 | INFO     | ======================================================================
2026-05-28 09:49:40,147 | INFO     | 📊 ИТОГОВЫЙ ОТЧЁТ
2026-05-28 09:49:40,147 | INFO     | ======================================================================
2026-05-28 09:49:40,147 | INFO     |   ✅ OK         | Загрузка и geo-фильтрация
2026-05-28 09:49:40,147 | INFO     |   ✅ OK         | Генерация 50 уникальных CF-VLESS
2026-05-28 09:49:40,147 | INFO     |   ✅ OK         | Слияние CF с основным списком
2026-05-28 09:49:40,147 | INFO     |   ✅ OK         | Фильтрация по реальному SNI
2026-05-28 09:49:40,147 | INFO     |   ✅ OK         | Экспериментальный RU-SNI фильтр
2026-05-28 09:49:40,147 | INFO     |   ✅ OK         | Сбор статистики
2026-05-28 09:49:40,147 | INFO     | ──────────────────────────────────────────────────────────────────────
2026-05-28 09:49:40,148 | INFO     | ✅ ВСЕ ЭТАПЫ УСПЕШНЫ (6/6)
2026-05-28 09:49:40,148 | INFO     | ⏰ Время завершения: 2026-05-28 09:49:40
2026-05-28 09:49:40,148 | INFO     | ======================================================================
