2026-06-03 10:46:37,576 | INFO     | ======================================================================
2026-06-03 10:46:37,576 | INFO     | 🔍 VPN KEY CHECKER - Начало проверки
2026-06-03 10:46:37,576 | INFO     | ⏰ Время старта: 2026-06-03 10:46:37
2026-06-03 10:46:37,576 | INFO     | 📂 Рабочая директория: /home/runner/work/vpn-vless-configs-russia/vpn-vless-configs-russia
2026-06-03 10:46:37,577 | INFO     | ======================================================================
2026-06-03 10:46:37,577 | INFO     | 
2026-06-03 10:46:37,577 | INFO     | 🔍 Проверка наличия скриптов...
2026-06-03 10:46:37,577 | INFO     |   ✅ mirror.py
2026-06-03 10:46:37,577 | INFO     |   ✅ generate_cf_vless.py
2026-06-03 10:46:37,577 | INFO     |   ✅ filter_ru_sni.py
2026-06-03 10:46:37,577 | INFO     |   ✅ filter_ru_sni_local.py
2026-06-03 10:46:37,577 | INFO     | 
2026-06-03 10:46:37,577 | INFO     | 
2026-06-03 10:46:37,577 | INFO     | ──────────────────────────────────────────────────────────────────────
2026-06-03 10:46:37,577 | INFO     | 📌 ЭТАП: Загрузка и geo-фильтрация
2026-06-03 10:46:37,577 | INFO     | ──────────────────────────────────────────────────────────────────────
2026-06-03 10:46:37,577 | INFO     | 🚀 Запуск mirror.py (Загрузка и фильтрация по РФ/СНГ/Европа)...
2026-06-03 10:46:42,504 | INFO     |   → 🚀 Старт: всего источников (старые + новые): 10
2026-06-03 10:46:42,504 | INFO     |   → 1/10: ✅ 0 взято | 🗑️ 0 мусор
2026-06-03 10:46:42,504 | INFO     |   → 2/10: ✅ 0 взято | 🗑️ 0 мусор
2026-06-03 10:46:42,504 | INFO     |   → 3/10: ✅ 12 взято | 🗑️ 130 мусор
2026-06-03 10:46:42,504 | INFO     |   → 4/10: ✅ 0 взято | 🗑️ 0 мусор
2026-06-03 10:46:42,504 | INFO     |   → 5/10: ✅ 3 взято | 🗑️ 135 мусор
2026-06-03 10:46:42,504 | INFO     |   → 6/10: ✅ 0 взято | 🗑️ 0 мусор
2026-06-03 10:46:42,505 | INFO     |   → 7/10: ✅ 13 взято | 🗑️ 7 мусор
2026-06-03 10:46:42,505 | INFO     |   → 8/10: ✅ 0 взято | 🗑️ 7 мусор
2026-06-03 10:46:42,505 | INFO     |   → 9/10: ✅ 8 взято | 🗑️ 10 мусор
2026-06-03 10:46:42,505 | INFO     |   → 10/10: ✅ 0 взято | 🗑️ 0 мусор
2026-06-03 10:46:42,505 | INFO     |   → ✅ ГОТОВО!
2026-06-03 10:46:42,505 | INFO     |   →    📥 Всего ключей после фильтра: 36
2026-06-03 10:46:42,505 | INFO     |   →    🔗 Уникальных IP:PORT:SCHEME: 24
2026-06-03 10:46:42,505 | INFO     |   →    🗑️ Выброшено мусора: 289
2026-06-03 10:46:42,505 | INFO     |   → 📊 По протоколам:
2026-06-03 10:46:42,505 | INFO     |   →    vless: 15
2026-06-03 10:46:42,505 | INFO     |   →    vmess: 3
2026-06-03 10:46:42,505 | INFO     |   →    trojan: 2
2026-06-03 10:46:42,505 | INFO     |   →    ss: 4
2026-06-03 10:46:42,505 | INFO     | ✅ mirror.py завершён успешно
2026-06-03 10:46:42,505 | INFO     | 
2026-06-03 10:46:42,505 | INFO     | 
2026-06-03 10:46:42,505 | INFO     | ──────────────────────────────────────────────────────────────────────
2026-06-03 10:46:42,505 | INFO     | 📌 ЭТАП: Генерация 50 уникальных CF-VLESS
2026-06-03 10:46:42,505 | INFO     | ──────────────────────────────────────────────────────────────────────
2026-06-03 10:46:42,506 | INFO     | 🚀 Запуск generate_cf_vless.py (50 новых CF-VLESS)...
2026-06-03 10:46:43,577 | INFO     |   → ======================================================================
2026-06-03 10:46:43,578 | INFO     |   → 🗺️  Генератор свежих VLESS-конфигов на IP Cloudflare
2026-06-03 10:46:43,578 | INFO     |   → ======================================================================
2026-06-03 10:46:43,578 | INFO     |   →   → Загружаем актуальные IP-диапазоны Cloudflare: https://www.cloudflare.com/ips-v4
2026-06-03 10:46:43,578 | INFO     |   →   → Найдено 15 IPv4 CIDR-блоков. Преобразуем их в IP-адреса...
2026-06-03 10:46:43,578 | INFO     |   → ✅ Успешно загружено и подготовлено 7500 IP-адресов для ротации.
2026-06-03 10:46:43,578 | INFO     |   → ✨ Сгенерировано и сохранено 50 VLESS-конфигов.
2026-06-03 10:46:43,578 | INFO     |   → 📂 Файл: /home/runner/work/vpn-vless-configs-russia/vpn-vless-configs-russia/githubmirror/new/cf_fresh.txt
2026-06-03 10:46:43,578 | INFO     |   → ======================================================================
2026-06-03 10:46:43,578 | INFO     | ✅ generate_cf_vless.py завершён успешно
2026-06-03 10:46:43,578 | INFO     | 
2026-06-03 10:46:43,578 | INFO     | 
2026-06-03 10:46:43,578 | INFO     | ──────────────────────────────────────────────────────────────────────
2026-06-03 10:46:43,578 | INFO     | 📌 ЭТАП: Слияние CF с основным списком
2026-06-03 10:46:43,578 | INFO     | ──────────────────────────────────────────────────────────────────────
2026-06-03 10:46:43,580 | INFO     | 🔄 Добавлено 50 новых CF-VLESS в /home/runner/work/vpn-vless-configs-russia/vpn-vless-configs-russia/githubmirror/clean/vless.txt
2026-06-03 10:46:43,580 | INFO     | 📊 Всего в clean/vless.txt теперь: 65
2026-06-03 10:46:43,580 | INFO     | 
2026-06-03 10:46:43,580 | INFO     | 
2026-06-03 10:46:43,580 | INFO     | ──────────────────────────────────────────────────────────────────────
2026-06-03 10:46:43,580 | INFO     | 📌 ЭТАП: Фильтрация по реальному SNI
2026-06-03 10:46:43,580 | INFO     | ──────────────────────────────────────────────────────────────────────
2026-06-03 10:46:43,580 | INFO     | 🚀 Запуск filter_ru_sni.py (Фильтр по реальному SNI (CDN+RU))...
2026-06-03 10:46:43,614 | INFO     |   → ss.txt: 4 → 0 (SNI-filtered)
2026-06-03 10:46:43,614 | INFO     |   →   trojan.txt: 2 → 0 (SNI-filtered)
2026-06-03 10:46:43,614 | INFO     |   →   vless.txt: 65 → 4 (SNI-filtered)
2026-06-03 10:46:43,614 | INFO     |   →   vmess.txt: 3 → 0 (SNI-filtered)
2026-06-03 10:46:43,614 | INFO     |   → ==================================================
2026-06-03 10:46:43,614 | INFO     |   →   Всего входных:  74
2026-06-03 10:46:43,614 | INFO     |   →   Прошли фильтр:  4
2026-06-03 10:46:43,614 | INFO     |   →   Отброшено:      70
2026-06-03 10:46:43,614 | INFO     |   → ==================================================
2026-06-03 10:46:43,614 | INFO     |   → Готово → /home/runner/work/vpn-vless-configs-russia/vpn-vless-configs-russia/githubmirror/ru-sni
2026-06-03 10:46:43,614 | INFO     | ✅ filter_ru_sni.py завершён успешно
2026-06-03 10:46:43,614 | INFO     | 
2026-06-03 10:46:43,614 | INFO     | 
2026-06-03 10:46:43,614 | INFO     | ──────────────────────────────────────────────────────────────────────
2026-06-03 10:46:43,615 | INFO     | 📌 ЭТАП: Экспериментальный RU-SNI фильтр
2026-06-03 10:46:43,615 | INFO     | ──────────────────────────────────────────────────────────────────────
2026-06-03 10:46:43,615 | INFO     | 🚀 Запуск filter_ru_sni_local.py (Экспериментальный фильтр по RU-SNI (локальные домены))...
2026-06-03 10:46:43,642 | INFO     |   → ss.txt: 4 → 0 (RU-SNI)
2026-06-03 10:46:43,642 | INFO     |   → trojan.txt: 2 → 0 (RU-SNI)
2026-06-03 10:46:43,642 | INFO     |   → vless.txt: 65 → 1 (RU-SNI)
2026-06-03 10:46:43,642 | INFO     |   → vmess.txt: 3 → 0 (RU-SNI)
2026-06-03 10:46:43,642 | INFO     |   → ==================================================
2026-06-03 10:46:43,642 | INFO     |   → Всего входных:  74
2026-06-03 10:46:43,642 | INFO     |   → Прошли RU-SNI:  1
2026-06-03 10:46:43,642 | INFO     |   → Отброшено:      73
2026-06-03 10:46:43,642 | INFO     |   → ==================================================
2026-06-03 10:46:43,642 | INFO     |   → Готово → /home/runner/work/vpn-vless-configs-russia/vpn-vless-configs-russia/githubmirror/ru-sni-local
2026-06-03 10:46:43,642 | INFO     | ✅ filter_ru_sni_local.py завершён успешно
2026-06-03 10:46:43,642 | INFO     | 
2026-06-03 10:46:43,642 | INFO     | 
2026-06-03 10:46:43,642 | INFO     | ──────────────────────────────────────────────────────────────────────
2026-06-03 10:46:43,642 | INFO     | 📌 ЭТАП: Сбор статистики
2026-06-03 10:46:43,643 | INFO     | ──────────────────────────────────────────────────────────────────────
2026-06-03 10:46:43,643 | INFO     | 📊 Сбор статистики...
2026-06-03 10:46:43,643 | INFO     |   📁 githubmirror/clean:
2026-06-03 10:46:43,643 | INFO     |     • ss          :     4 конфигов
2026-06-03 10:46:43,643 | INFO     |     • trojan      :     2 конфигов
2026-06-03 10:46:43,643 | INFO     |     • vless       :    65 конфигов
2026-06-03 10:46:43,643 | INFO     |     • vmess       :     3 конфигов
2026-06-03 10:46:43,643 | INFO     |   📁 githubmirror/ru-sni:
2026-06-03 10:46:43,644 | INFO     |     • ss          :     0 конфигов (  0.0% от clean)
2026-06-03 10:46:43,644 | INFO     |     • trojan      :     0 конфигов (  0.0% от clean)
2026-06-03 10:46:43,644 | INFO     |     • vless       :     4 конфигов (  6.2% от clean)
2026-06-03 10:46:43,644 | INFO     |     • vmess       :     0 конфигов (  0.0% от clean)
2026-06-03 10:46:43,644 | INFO     |   ✨ Новых CF-VLESS в этом запуске: 50
2026-06-03 10:46:43,644 | INFO     | 
2026-06-03 10:46:43,644 | INFO     |   ──────────────────────────────────────────────────
2026-06-03 10:46:43,644 | INFO     |   📈 ИТОГО:
2026-06-03 10:46:43,644 | INFO     |     Clean (после geo-фильтра):       74
2026-06-03 10:46:43,644 | INFO     |     RU-SNI (после SNI-фильтра):       4
2026-06-03 10:46:43,645 | INFO     |     Прошло фильтр:                  5.4%
2026-06-03 10:46:43,645 | INFO     |   ──────────────────────────────────────────────────
2026-06-03 10:46:43,645 | INFO     | ✅ Статистика сохранена: /home/runner/work/vpn-vless-configs-russia/vpn-vless-configs-russia/stats.json
2026-06-03 10:46:43,645 | INFO     | 
2026-06-03 10:46:43,645 | INFO     | ======================================================================
2026-06-03 10:46:43,645 | INFO     | 📊 ИТОГОВЫЙ ОТЧЁТ
2026-06-03 10:46:43,645 | INFO     | ======================================================================
2026-06-03 10:46:43,645 | INFO     |   ✅ OK         | Загрузка и geo-фильтрация
2026-06-03 10:46:43,645 | INFO     |   ✅ OK         | Генерация 50 уникальных CF-VLESS
2026-06-03 10:46:43,645 | INFO     |   ✅ OK         | Слияние CF с основным списком
2026-06-03 10:46:43,645 | INFO     |   ✅ OK         | Фильтрация по реальному SNI
2026-06-03 10:46:43,645 | INFO     |   ✅ OK         | Экспериментальный RU-SNI фильтр
2026-06-03 10:46:43,645 | INFO     |   ✅ OK         | Сбор статистики
2026-06-03 10:46:43,645 | INFO     | ──────────────────────────────────────────────────────────────────────
2026-06-03 10:46:43,645 | INFO     | ✅ ВСЕ ЭТАПЫ УСПЕШНЫ (6/6)
2026-06-03 10:46:43,645 | INFO     | ⏰ Время завершения: 2026-06-03 10:46:43
2026-06-03 10:46:43,645 | INFO     | ======================================================================
