2026-05-28 02:14:59,823 | INFO     | ======================================================================
2026-05-28 02:14:59,823 | INFO     | 🔍 VPN KEY CHECKER - Начало проверки
2026-05-28 02:14:59,823 | INFO     | ⏰ Время старта: 2026-05-28 02:14:59
2026-05-28 02:14:59,823 | INFO     | 📂 Рабочая директория: /home/runner/work/vpn-vless-configs-russia/vpn-vless-configs-russia
2026-05-28 02:14:59,823 | INFO     | ======================================================================
2026-05-28 02:14:59,823 | INFO     | 
2026-05-28 02:14:59,823 | INFO     | 🔍 Проверка наличия скриптов...
2026-05-28 02:14:59,823 | INFO     |   ✅ mirror.py
2026-05-28 02:14:59,823 | INFO     |   ✅ generate_cf_vless.py
2026-05-28 02:14:59,823 | INFO     |   ✅ filter_ru_sni.py
2026-05-28 02:14:59,823 | INFO     |   ✅ filter_ru_sni_local.py
2026-05-28 02:14:59,823 | INFO     | 
2026-05-28 02:14:59,823 | INFO     | 
2026-05-28 02:14:59,823 | INFO     | ──────────────────────────────────────────────────────────────────────
2026-05-28 02:14:59,823 | INFO     | 📌 ЭТАП: Загрузка и geo-фильтрация
2026-05-28 02:14:59,823 | INFO     | ──────────────────────────────────────────────────────────────────────
2026-05-28 02:14:59,823 | INFO     | 🚀 Запуск mirror.py (Загрузка и фильтрация по РФ/СНГ/Европа)...
2026-05-28 02:15:04,094 | INFO     |   → 🚀 Старт: всего источников (старые + новые): 10
2026-05-28 02:15:04,094 | INFO     |   → 1/10: ✅ 0 взято | 🗑️ 0 мусор
2026-05-28 02:15:04,094 | INFO     |   → 2/10: ✅ 0 взято | 🗑️ 0 мусор
2026-05-28 02:15:04,094 | INFO     |   → 3/10: ✅ 5 взято | 🗑️ 104 мусор
2026-05-28 02:15:04,094 | INFO     |   → 4/10: ✅ 0 взято | 🗑️ 0 мусор
2026-05-28 02:15:04,094 | INFO     |   → 5/10: ✅ 0 взято | 🗑️ 116 мусор
2026-05-28 02:15:04,094 | INFO     |   → 6/10: ✅ 0 взято | 🗑️ 0 мусор
2026-05-28 02:15:04,094 | INFO     |   → 7/10: ✅ 6 взято | 🗑️ 24 мусор
2026-05-28 02:15:04,094 | INFO     |   → 8/10: ✅ 0 взято | 🗑️ 24 мусор
2026-05-28 02:15:04,094 | INFO     |   → 9/10: ✅ 6 взято | 🗑️ 18 мусор
2026-05-28 02:15:04,094 | INFO     |   → 10/10: ✅ 0 взято | 🗑️ 0 мусор
2026-05-28 02:15:04,094 | INFO     |   → ✅ ГОТОВО!
2026-05-28 02:15:04,094 | INFO     |   →    📥 Всего ключей после фильтра: 17
2026-05-28 02:15:04,094 | INFO     |   →    🔗 Уникальных IP:PORT:SCHEME: 17
2026-05-28 02:15:04,094 | INFO     |   →    🗑️ Выброшено мусора: 286
2026-05-28 02:15:04,094 | INFO     |   → 📊 По протоколам:
2026-05-28 02:15:04,094 | INFO     |   →    vless: 12
2026-05-28 02:15:04,095 | INFO     |   →    vmess: 1
2026-05-28 02:15:04,095 | INFO     |   →    trojan: 1
2026-05-28 02:15:04,095 | INFO     |   →    ss: 2
2026-05-28 02:15:04,095 | INFO     |   →    hysteria2: 1
2026-05-28 02:15:04,095 | INFO     | ✅ mirror.py завершён успешно
2026-05-28 02:15:04,095 | INFO     | 
2026-05-28 02:15:04,095 | INFO     | 
2026-05-28 02:15:04,095 | INFO     | ──────────────────────────────────────────────────────────────────────
2026-05-28 02:15:04,095 | INFO     | 📌 ЭТАП: Генерация 50 уникальных CF-VLESS
2026-05-28 02:15:04,095 | INFO     | ──────────────────────────────────────────────────────────────────────
2026-05-28 02:15:04,095 | INFO     | 🚀 Запуск generate_cf_vless.py (50 новых CF-VLESS)...
2026-05-28 02:15:05,110 | INFO     |   → ======================================================================
2026-05-28 02:15:05,110 | INFO     |   → 🗺️  Генератор свежих VLESS-конфигов на IP Cloudflare
2026-05-28 02:15:05,110 | INFO     |   → ======================================================================
2026-05-28 02:15:05,110 | INFO     |   →   → Загружаем актуальные IP-диапазоны Cloudflare: https://www.cloudflare.com/ips-v4
2026-05-28 02:15:05,110 | INFO     |   →   → Найдено 15 IPv4 CIDR-блоков. Преобразуем их в IP-адреса...
2026-05-28 02:15:05,110 | INFO     |   → ✅ Успешно загружено и подготовлено 7500 IP-адресов для ротации.
2026-05-28 02:15:05,110 | INFO     |   → ✨ Сгенерировано и сохранено 50 VLESS-конфигов.
2026-05-28 02:15:05,110 | INFO     |   → 📂 Файл: /home/runner/work/vpn-vless-configs-russia/vpn-vless-configs-russia/githubmirror/new/cf_fresh.txt
2026-05-28 02:15:05,110 | INFO     |   → ======================================================================
2026-05-28 02:15:05,110 | INFO     | ✅ generate_cf_vless.py завершён успешно
2026-05-28 02:15:05,110 | INFO     | 
2026-05-28 02:15:05,110 | INFO     | 
2026-05-28 02:15:05,110 | INFO     | ──────────────────────────────────────────────────────────────────────
2026-05-28 02:15:05,110 | INFO     | 📌 ЭТАП: Слияние CF с основным списком
2026-05-28 02:15:05,110 | INFO     | ──────────────────────────────────────────────────────────────────────
2026-05-28 02:15:05,112 | INFO     | 🔄 Добавлено 50 новых CF-VLESS в /home/runner/work/vpn-vless-configs-russia/vpn-vless-configs-russia/githubmirror/clean/vless.txt
2026-05-28 02:15:05,112 | INFO     | 📊 Всего в clean/vless.txt теперь: 62
2026-05-28 02:15:05,112 | INFO     | 
2026-05-28 02:15:05,112 | INFO     | 
2026-05-28 02:15:05,112 | INFO     | ──────────────────────────────────────────────────────────────────────
2026-05-28 02:15:05,112 | INFO     | 📌 ЭТАП: Фильтрация по реальному SNI
2026-05-28 02:15:05,112 | INFO     | ──────────────────────────────────────────────────────────────────────
2026-05-28 02:15:05,112 | INFO     | 🚀 Запуск filter_ru_sni.py (Фильтр по реальному SNI (CDN+RU))...
2026-05-28 02:15:05,142 | INFO     |   → hysteria2.txt: 1 → 0 (SNI-filtered)
2026-05-28 02:15:05,142 | INFO     |   →   ss.txt: 2 → 0 (SNI-filtered)
2026-05-28 02:15:05,142 | INFO     |   →   trojan.txt: 1 → 0 (SNI-filtered)
2026-05-28 02:15:05,142 | INFO     |   →   vless.txt: 62 → 3 (SNI-filtered)
2026-05-28 02:15:05,142 | INFO     |   →   vmess.txt: 1 → 0 (SNI-filtered)
2026-05-28 02:15:05,142 | INFO     |   → ==================================================
2026-05-28 02:15:05,142 | INFO     |   →   Всего входных:  67
2026-05-28 02:15:05,142 | INFO     |   →   Прошли фильтр:  3
2026-05-28 02:15:05,142 | INFO     |   →   Отброшено:      64
2026-05-28 02:15:05,142 | INFO     |   → ==================================================
2026-05-28 02:15:05,142 | INFO     |   → Готово → /home/runner/work/vpn-vless-configs-russia/vpn-vless-configs-russia/githubmirror/ru-sni
2026-05-28 02:15:05,143 | INFO     | ✅ filter_ru_sni.py завершён успешно
2026-05-28 02:15:05,143 | INFO     | 
2026-05-28 02:15:05,143 | INFO     | 
2026-05-28 02:15:05,143 | INFO     | ──────────────────────────────────────────────────────────────────────
2026-05-28 02:15:05,143 | INFO     | 📌 ЭТАП: Экспериментальный RU-SNI фильтр
2026-05-28 02:15:05,143 | INFO     | ──────────────────────────────────────────────────────────────────────
2026-05-28 02:15:05,143 | INFO     | 🚀 Запуск filter_ru_sni_local.py (Экспериментальный фильтр по RU-SNI (локальные домены))...
2026-05-28 02:15:05,171 | INFO     |   → hysteria2.txt: 1 → 0 (RU-SNI)
2026-05-28 02:15:05,171 | INFO     |   → ss.txt: 2 → 0 (RU-SNI)
2026-05-28 02:15:05,172 | INFO     |   → trojan.txt: 1 → 0 (RU-SNI)
2026-05-28 02:15:05,172 | INFO     |   → vless.txt: 62 → 0 (RU-SNI)
2026-05-28 02:15:05,172 | INFO     |   → vmess.txt: 1 → 0 (RU-SNI)
2026-05-28 02:15:05,172 | INFO     |   → ==================================================
2026-05-28 02:15:05,172 | INFO     |   → Всего входных:  67
2026-05-28 02:15:05,172 | INFO     |   → Прошли RU-SNI:  0
2026-05-28 02:15:05,172 | INFO     |   → Отброшено:      67
2026-05-28 02:15:05,172 | INFO     |   → ==================================================
2026-05-28 02:15:05,172 | INFO     |   → Готово → /home/runner/work/vpn-vless-configs-russia/vpn-vless-configs-russia/githubmirror/ru-sni-local
2026-05-28 02:15:05,172 | INFO     | ✅ filter_ru_sni_local.py завершён успешно
2026-05-28 02:15:05,172 | INFO     | 
2026-05-28 02:15:05,172 | INFO     | 
2026-05-28 02:15:05,172 | INFO     | ──────────────────────────────────────────────────────────────────────
2026-05-28 02:15:05,172 | INFO     | 📌 ЭТАП: Сбор статистики
2026-05-28 02:15:05,172 | INFO     | ──────────────────────────────────────────────────────────────────────
2026-05-28 02:15:05,172 | INFO     | 📊 Сбор статистики...
2026-05-28 02:15:05,172 | INFO     |   📁 githubmirror/clean:
2026-05-28 02:15:05,172 | INFO     |     • hysteria2   :     1 конфигов
2026-05-28 02:15:05,173 | INFO     |     • ss          :     2 конфигов
2026-05-28 02:15:05,173 | INFO     |     • trojan      :     1 конфигов
2026-05-28 02:15:05,173 | INFO     |     • vless       :    62 конфигов
2026-05-28 02:15:05,173 | INFO     |     • vmess       :     1 конфигов
2026-05-28 02:15:05,173 | INFO     |   📁 githubmirror/ru-sni:
2026-05-28 02:15:05,173 | INFO     |     • hysteria2   :     0 конфигов (  0.0% от clean)
2026-05-28 02:15:05,173 | INFO     |     • ss          :     0 конфигов (  0.0% от clean)
2026-05-28 02:15:05,173 | INFO     |     • trojan      :     0 конфигов (  0.0% от clean)
2026-05-28 02:15:05,174 | INFO     |     • vless       :     3 конфигов (  4.8% от clean)
2026-05-28 02:15:05,174 | INFO     |     • vmess       :     0 конфигов (  0.0% от clean)
2026-05-28 02:15:05,174 | INFO     |   ✨ Новых CF-VLESS в этом запуске: 50
2026-05-28 02:15:05,174 | INFO     | 
2026-05-28 02:15:05,174 | INFO     |   ──────────────────────────────────────────────────
2026-05-28 02:15:05,174 | INFO     |   📈 ИТОГО:
2026-05-28 02:15:05,174 | INFO     |     Clean (после geo-фильтра):       67
2026-05-28 02:15:05,174 | INFO     |     RU-SNI (после SNI-фильтра):       3
2026-05-28 02:15:05,174 | INFO     |     Прошло фильтр:                  4.5%
2026-05-28 02:15:05,174 | INFO     |   ──────────────────────────────────────────────────
2026-05-28 02:15:05,174 | INFO     | ✅ Статистика сохранена: /home/runner/work/vpn-vless-configs-russia/vpn-vless-configs-russia/stats.json
2026-05-28 02:15:05,174 | INFO     | 
2026-05-28 02:15:05,174 | INFO     | ======================================================================
2026-05-28 02:15:05,175 | INFO     | 📊 ИТОГОВЫЙ ОТЧЁТ
2026-05-28 02:15:05,175 | INFO     | ======================================================================
2026-05-28 02:15:05,175 | INFO     |   ✅ OK         | Загрузка и geo-фильтрация
2026-05-28 02:15:05,175 | INFO     |   ✅ OK         | Генерация 50 уникальных CF-VLESS
2026-05-28 02:15:05,175 | INFO     |   ✅ OK         | Слияние CF с основным списком
2026-05-28 02:15:05,175 | INFO     |   ✅ OK         | Фильтрация по реальному SNI
2026-05-28 02:15:05,175 | INFO     |   ✅ OK         | Экспериментальный RU-SNI фильтр
2026-05-28 02:15:05,175 | INFO     |   ✅ OK         | Сбор статистики
2026-05-28 02:15:05,175 | INFO     | ──────────────────────────────────────────────────────────────────────
2026-05-28 02:15:05,175 | INFO     | ✅ ВСЕ ЭТАПЫ УСПЕШНЫ (6/6)
2026-05-28 02:15:05,175 | INFO     | ⏰ Время завершения: 2026-05-28 02:15:05
2026-05-28 02:15:05,175 | INFO     | ======================================================================
