2026-06-03 02:55:07,371 | INFO     | ======================================================================
2026-06-03 02:55:07,371 | INFO     | 🔍 VPN KEY CHECKER - Начало проверки
2026-06-03 02:55:07,371 | INFO     | ⏰ Время старта: 2026-06-03 02:55:07
2026-06-03 02:55:07,371 | INFO     | 📂 Рабочая директория: /home/runner/work/vpn-vless-configs-russia/vpn-vless-configs-russia
2026-06-03 02:55:07,371 | INFO     | ======================================================================
2026-06-03 02:55:07,371 | INFO     | 
2026-06-03 02:55:07,371 | INFO     | 🔍 Проверка наличия скриптов...
2026-06-03 02:55:07,371 | INFO     |   ✅ mirror.py
2026-06-03 02:55:07,371 | INFO     |   ✅ generate_cf_vless.py
2026-06-03 02:55:07,371 | INFO     |   ✅ filter_ru_sni.py
2026-06-03 02:55:07,371 | INFO     |   ✅ filter_ru_sni_local.py
2026-06-03 02:55:07,371 | INFO     | 
2026-06-03 02:55:07,372 | INFO     | 
2026-06-03 02:55:07,372 | INFO     | ──────────────────────────────────────────────────────────────────────
2026-06-03 02:55:07,372 | INFO     | 📌 ЭТАП: Загрузка и geo-фильтрация
2026-06-03 02:55:07,372 | INFO     | ──────────────────────────────────────────────────────────────────────
2026-06-03 02:55:07,372 | INFO     | 🚀 Запуск mirror.py (Загрузка и фильтрация по РФ/СНГ/Европа)...
2026-06-03 02:55:11,322 | INFO     |   → 🚀 Старт: всего источников (старые + новые): 10
2026-06-03 02:55:11,322 | INFO     |   → 1/10: ✅ 0 взято | 🗑️ 0 мусор
2026-06-03 02:55:11,322 | INFO     |   → 2/10: ✅ 0 взято | 🗑️ 0 мусор
2026-06-03 02:55:11,322 | INFO     |   → 3/10: ✅ 14 взято | 🗑️ 152 мусор
2026-06-03 02:55:11,322 | INFO     |   → 4/10: ✅ 0 взято | 🗑️ 0 мусор
2026-06-03 02:55:11,322 | INFO     |   → 5/10: ✅ 4 взято | 🗑️ 130 мусор
2026-06-03 02:55:11,322 | INFO     |   → 6/10: ✅ 0 взято | 🗑️ 0 мусор
2026-06-03 02:55:11,322 | INFO     |   → 7/10: ✅ 13 взято | 🗑️ 7 мусор
2026-06-03 02:55:11,322 | INFO     |   → 8/10: ✅ 0 взято | 🗑️ 7 мусор
2026-06-03 02:55:11,322 | INFO     |   → 9/10: ✅ 12 взято | 🗑️ 12 мусор
2026-06-03 02:55:11,322 | INFO     |   → 10/10: ✅ 0 взято | 🗑️ 0 мусор
2026-06-03 02:55:11,322 | INFO     |   → ✅ ГОТОВО!
2026-06-03 02:55:11,322 | INFO     |   →    📥 Всего ключей после фильтра: 43
2026-06-03 02:55:11,322 | INFO     |   →    🔗 Уникальных IP:PORT:SCHEME: 32
2026-06-03 02:55:11,322 | INFO     |   →    🗑️ Выброшено мусора: 308
2026-06-03 02:55:11,322 | INFO     |   → 📊 По протоколам:
2026-06-03 02:55:11,322 | INFO     |   →    vless: 23
2026-06-03 02:55:11,322 | INFO     |   →    vmess: 1
2026-06-03 02:55:11,323 | INFO     |   →    trojan: 3
2026-06-03 02:55:11,323 | INFO     |   →    ss: 5
2026-06-03 02:55:11,323 | INFO     | ✅ mirror.py завершён успешно
2026-06-03 02:55:11,323 | INFO     | 
2026-06-03 02:55:11,323 | INFO     | 
2026-06-03 02:55:11,323 | INFO     | ──────────────────────────────────────────────────────────────────────
2026-06-03 02:55:11,323 | INFO     | 📌 ЭТАП: Генерация 50 уникальных CF-VLESS
2026-06-03 02:55:11,323 | INFO     | ──────────────────────────────────────────────────────────────────────
2026-06-03 02:55:11,323 | INFO     | 🚀 Запуск generate_cf_vless.py (50 новых CF-VLESS)...
2026-06-03 02:55:12,378 | INFO     |   → ======================================================================
2026-06-03 02:55:12,378 | INFO     |   → 🗺️  Генератор свежих VLESS-конфигов на IP Cloudflare
2026-06-03 02:55:12,378 | INFO     |   → ======================================================================
2026-06-03 02:55:12,378 | INFO     |   →   → Загружаем актуальные IP-диапазоны Cloudflare: https://www.cloudflare.com/ips-v4
2026-06-03 02:55:12,379 | INFO     |   →   → Найдено 15 IPv4 CIDR-блоков. Преобразуем их в IP-адреса...
2026-06-03 02:55:12,379 | INFO     |   → ✅ Успешно загружено и подготовлено 7500 IP-адресов для ротации.
2026-06-03 02:55:12,379 | INFO     |   → ✨ Сгенерировано и сохранено 50 VLESS-конфигов.
2026-06-03 02:55:12,379 | INFO     |   → 📂 Файл: /home/runner/work/vpn-vless-configs-russia/vpn-vless-configs-russia/githubmirror/new/cf_fresh.txt
2026-06-03 02:55:12,379 | INFO     |   → ======================================================================
2026-06-03 02:55:12,379 | INFO     | ✅ generate_cf_vless.py завершён успешно
2026-06-03 02:55:12,379 | INFO     | 
2026-06-03 02:55:12,379 | INFO     | 
2026-06-03 02:55:12,379 | INFO     | ──────────────────────────────────────────────────────────────────────
2026-06-03 02:55:12,379 | INFO     | 📌 ЭТАП: Слияние CF с основным списком
2026-06-03 02:55:12,379 | INFO     | ──────────────────────────────────────────────────────────────────────
2026-06-03 02:55:12,381 | INFO     | 🔄 Добавлено 50 новых CF-VLESS в /home/runner/work/vpn-vless-configs-russia/vpn-vless-configs-russia/githubmirror/clean/vless.txt
2026-06-03 02:55:12,381 | INFO     | 📊 Всего в clean/vless.txt теперь: 73
2026-06-03 02:55:12,382 | INFO     | 
2026-06-03 02:55:12,382 | INFO     | 
2026-06-03 02:55:12,382 | INFO     | ──────────────────────────────────────────────────────────────────────
2026-06-03 02:55:12,382 | INFO     | 📌 ЭТАП: Фильтрация по реальному SNI
2026-06-03 02:55:12,382 | INFO     | ──────────────────────────────────────────────────────────────────────
2026-06-03 02:55:12,382 | INFO     | 🚀 Запуск filter_ru_sni.py (Фильтр по реальному SNI (CDN+RU))...
2026-06-03 02:55:12,411 | INFO     |   → ss.txt: 5 → 0 (SNI-filtered)
2026-06-03 02:55:12,411 | INFO     |   →   trojan.txt: 3 → 0 (SNI-filtered)
2026-06-03 02:55:12,411 | INFO     |   →   vless.txt: 73 → 5 (SNI-filtered)
2026-06-03 02:55:12,411 | INFO     |   →   vmess.txt: 1 → 0 (SNI-filtered)
2026-06-03 02:55:12,411 | INFO     |   → ==================================================
2026-06-03 02:55:12,411 | INFO     |   →   Всего входных:  82
2026-06-03 02:55:12,411 | INFO     |   →   Прошли фильтр:  5
2026-06-03 02:55:12,412 | INFO     |   →   Отброшено:      77
2026-06-03 02:55:12,412 | INFO     |   → ==================================================
2026-06-03 02:55:12,412 | INFO     |   → Готово → /home/runner/work/vpn-vless-configs-russia/vpn-vless-configs-russia/githubmirror/ru-sni
2026-06-03 02:55:12,412 | INFO     | ✅ filter_ru_sni.py завершён успешно
2026-06-03 02:55:12,412 | INFO     | 
2026-06-03 02:55:12,412 | INFO     | 
2026-06-03 02:55:12,412 | INFO     | ──────────────────────────────────────────────────────────────────────
2026-06-03 02:55:12,412 | INFO     | 📌 ЭТАП: Экспериментальный RU-SNI фильтр
2026-06-03 02:55:12,412 | INFO     | ──────────────────────────────────────────────────────────────────────
2026-06-03 02:55:12,412 | INFO     | 🚀 Запуск filter_ru_sni_local.py (Экспериментальный фильтр по RU-SNI (локальные домены))...
2026-06-03 02:55:12,440 | INFO     |   → ss.txt: 5 → 0 (RU-SNI)
2026-06-03 02:55:12,440 | INFO     |   → trojan.txt: 3 → 0 (RU-SNI)
2026-06-03 02:55:12,440 | INFO     |   → vless.txt: 73 → 1 (RU-SNI)
2026-06-03 02:55:12,440 | INFO     |   → vmess.txt: 1 → 0 (RU-SNI)
2026-06-03 02:55:12,440 | INFO     |   → ==================================================
2026-06-03 02:55:12,440 | INFO     |   → Всего входных:  82
2026-06-03 02:55:12,440 | INFO     |   → Прошли RU-SNI:  1
2026-06-03 02:55:12,440 | INFO     |   → Отброшено:      81
2026-06-03 02:55:12,441 | INFO     |   → ==================================================
2026-06-03 02:55:12,441 | INFO     |   → Готово → /home/runner/work/vpn-vless-configs-russia/vpn-vless-configs-russia/githubmirror/ru-sni-local
2026-06-03 02:55:12,441 | INFO     | ✅ filter_ru_sni_local.py завершён успешно
2026-06-03 02:55:12,441 | INFO     | 
2026-06-03 02:55:12,441 | INFO     | 
2026-06-03 02:55:12,441 | INFO     | ──────────────────────────────────────────────────────────────────────
2026-06-03 02:55:12,441 | INFO     | 📌 ЭТАП: Сбор статистики
2026-06-03 02:55:12,441 | INFO     | ──────────────────────────────────────────────────────────────────────
2026-06-03 02:55:12,441 | INFO     | 📊 Сбор статистики...
2026-06-03 02:55:12,441 | INFO     |   📁 githubmirror/clean:
2026-06-03 02:55:12,441 | INFO     |     • ss          :     5 конфигов
2026-06-03 02:55:12,441 | INFO     |     • trojan      :     3 конфигов
2026-06-03 02:55:12,441 | INFO     |     • vless       :    73 конфигов
2026-06-03 02:55:12,441 | INFO     |     • vmess       :     1 конфигов
2026-06-03 02:55:12,442 | INFO     |   📁 githubmirror/ru-sni:
2026-06-03 02:55:12,442 | INFO     |     • ss          :     0 конфигов (  0.0% от clean)
2026-06-03 02:55:12,442 | INFO     |     • trojan      :     0 конфигов (  0.0% от clean)
2026-06-03 02:55:12,442 | INFO     |     • vless       :     5 конфигов (  6.8% от clean)
2026-06-03 02:55:12,442 | INFO     |     • vmess       :     0 конфигов (  0.0% от clean)
2026-06-03 02:55:12,442 | INFO     |   ✨ Новых CF-VLESS в этом запуске: 50
2026-06-03 02:55:12,442 | INFO     | 
2026-06-03 02:55:12,442 | INFO     |   ──────────────────────────────────────────────────
2026-06-03 02:55:12,442 | INFO     |   📈 ИТОГО:
2026-06-03 02:55:12,442 | INFO     |     Clean (после geo-фильтра):       82
2026-06-03 02:55:12,442 | INFO     |     RU-SNI (после SNI-фильтра):       5
2026-06-03 02:55:12,442 | INFO     |     Прошло фильтр:                  6.1%
2026-06-03 02:55:12,442 | INFO     |   ──────────────────────────────────────────────────
2026-06-03 02:55:12,443 | INFO     | ✅ Статистика сохранена: /home/runner/work/vpn-vless-configs-russia/vpn-vless-configs-russia/stats.json
2026-06-03 02:55:12,443 | INFO     | 
2026-06-03 02:55:12,443 | INFO     | ======================================================================
2026-06-03 02:55:12,443 | INFO     | 📊 ИТОГОВЫЙ ОТЧЁТ
2026-06-03 02:55:12,443 | INFO     | ======================================================================
2026-06-03 02:55:12,443 | INFO     |   ✅ OK         | Загрузка и geo-фильтрация
2026-06-03 02:55:12,443 | INFO     |   ✅ OK         | Генерация 50 уникальных CF-VLESS
2026-06-03 02:55:12,443 | INFO     |   ✅ OK         | Слияние CF с основным списком
2026-06-03 02:55:12,443 | INFO     |   ✅ OK         | Фильтрация по реальному SNI
2026-06-03 02:55:12,443 | INFO     |   ✅ OK         | Экспериментальный RU-SNI фильтр
2026-06-03 02:55:12,443 | INFO     |   ✅ OK         | Сбор статистики
2026-06-03 02:55:12,443 | INFO     | ──────────────────────────────────────────────────────────────────────
2026-06-03 02:55:12,443 | INFO     | ✅ ВСЕ ЭТАПЫ УСПЕШНЫ (6/6)
2026-06-03 02:55:12,443 | INFO     | ⏰ Время завершения: 2026-06-03 02:55:12
2026-06-03 02:55:12,443 | INFO     | ======================================================================
